C51 COMPILER V6.02  DIRECTORY_FUNCTIONS_STRUCT                                             11/18/2019 20:09:37 PAGE 1   


C51 COMPILER V6.02, COMPILATION OF MODULE DIRECTORY_FUNCTIONS_STRUCT
OBJECT MODULE PLACED IN .\Directory_Functions_struct.OBJ
COMPILER INVOKED BY: C:\Keil\C51\BIN\C51.EXE .\Directory_Functions_struct.c DEBUG OBJECTEXTEND

stmt level    source

   1          /* Names: Tyler Andrews, Brennan Campbell, and Tyler Tetens
   2           * Title: Experiment #4 - Fat File System
   3           */
   4          #include "AT89C51RC2.h"
   5          #include <stdio.h>
   6          #include "main.h"
   7          #include "PORT.H"
   8          #include "UART.h"
   9          #include "SPI.h"
  10          #include "SDCard.h"
  11          #include "File_System.h"
  12          #include "print_bytes.h"
  13          #include "Directory_Functions_struct.h"
  14          #include "Read_Sector.h"
  15          #include <string.h>
  16          #include "print_bytes.h"
  17          #include "Long_Serial_In.h"
  18          
  19          FS_values_t idata Drive_values;
  20          
  21          
  22          /***********************************************************************
  23          DESC: Returns a pointer to the global structure Drive_values to export to other files
  24          INPUT: void
  25          RETURNS: Pointer to the structure Drive_values
  26          CAUTION: 
  27          ************************************************************************/
  28          
  29          FS_values_t * Export_Drive_values(void)
  30          {
  31   1         return &Drive_values;
  32   1      }
  33          
  34          uint8_t read8(uint16_t offset, uint8_t * array_name)
  35          {
  36   1      	uint8_t return_value;
  37   1      	return_value = array_name[offset];
  38   1      	return return_value;
  39   1      
  40   1      }
  41          
  42          uint16_t read16(uint16_t offset, uint8_t * array_name)
  43          {
  44   1      	uint32_t return_value;
  45   1      	uint8_t temp, index;
  46   1      	return_value=0;
  47   1      
  48   1      	// little endian to big endian
  49   1      	// loop for 2 bytes
  50   1      	for(index=0;index<2;index++)
  51   1      	{
  52   2      		temp=*(array_name+offset+(1-index));
  53   2      		return_value=return_value<<8;
  54   2      		return_value|=temp;
  55   2      	}
C51 COMPILER V6.02  DIRECTORY_FUNCTIONS_STRUCT                                             11/18/2019 20:09:37 PAGE 2   

  56   1      	return return_value;
  57   1      }
  58          
  59          uint32_t read32(uint16_t offset, uint8_t * array_name)
  60          {
  61   1      	uint32_t return_value;
  62   1      	uint8_t temp, index;
  63   1      	return_value=0;
  64   1      
  65   1      	// little endian to big endian
  66   1      	// loop for 4 bytes
  67   1      	for(index=0;index<4;index++)
  68   1      	{
  69   2      		temp=*(array_name+offset+(3-index));
  70   2      		return_value=return_value<<8;
  71   2      		return_value|=temp;
  72   2      	}
  73   1      	return return_value;
  74   1      }
  75          
  76          /***********************************************************************
  77          DESC: Prints all short file name entries for a given directory
  78          INPUT: Starting Sector of the directory and the pointer to a
  79          block of memory in xdata that can be used to read blocks from the SD card
  80          RETURNS: uint16_t number of entries found in the directory
  81          CAUTION: Supports FAT16, SD_shift must be set before using this function
  82          ************************************************************************/
  83          
  84          uint16_t  Print_Directory(uint32_t Sector_num, uint8_t xdata * array_in)
  85          { 
  86   1         uint32_t Sector, max_sectors;
  87   1         uint16_t i, entries;
  88   1         uint8_t temp8, j, attr, out_val, error_flag;
  89   1         uint8_t * values;
  90   1      
  91   1      
  92   1         values=array_in;
  93   1         entries=0;
  94   1         i=0;
  95   1         if (Drive_values.FATtype==FAT16)  // included for FAT16 compatibility
  96   1         { 
  97   2            max_sectors=Drive_values.RootDirSecs;   // maximum sectors in a FAT16 root directory
  98   2         }
  99   1         else
 100   1         {
 101   2            max_sectors=Drive_values.SecPerClus;
 102   2         }
 103   1         Sector=Sector_num;
 104   1         error_flag=Read_Sector(Sector, Drive_values.BytesPerSec, values);
 105   1         if(error_flag==no_errors)
 106   1         {
 107   2           do
 108   2           {
 109   3              temp8=read8(0+i,values);  // read first byte to see if empty
 110   3              if((temp8!=0xE5)&&(temp8!=0x00))
 111   3      	    {  
 112   4      	       attr=read8(0x0b+i,values);
 113   4      		   if((attr&0x0E)==0)   // if hidden, system or Vol_ID bit is set do not print
 114   4      		   {
 115   5      		      entries++;
 116   5      			  printf("%5d. ",entries);  // print entry number with a fixed width specifier
 117   5      		      for(j=0;j<8;j++)
C51 COMPILER V6.02  DIRECTORY_FUNCTIONS_STRUCT                                             11/18/2019 20:09:37 PAGE 3   

 118   5      			  {
 119   6      			     out_val=read8(i+j,values);   // print the 8 byte name
 120   6      			     putchar(out_val);
 121   6      			  }
 122   5                    if((attr&0x10)==0x10)  // indicates directory
 123   5      			  {
 124   6      			     for(j=8;j<11;j++)
 125   6      			     {
 126   7      			        out_val=read8(i+j,values);
 127   7      			        putchar(out_val);
 128   7      			     }
 129   6      			     printf("[DIR]\n");
 130   6      			  }
 131   5      			  else       // print a period and the three byte extension for a file
 132   5      			  {
 133   6      			     putchar(0x2E);       
 134   6      			     for(j=8;j<11;j++)
 135   6      			     {
 136   7      			        out_val=read8(i+j,values);
 137   7      			        putchar(out_val);
 138   7      			     }
 139   6      			     putchar(0x0d);
 140   6                       putchar(0x0a);
 141   6      			  }
 142   5      		    }
 143   4      		}
 144   3      		    i=i+32;  // next entry
 145   3      		    if(i>510)
 146   3      		    {
 147   4      			  Sector++;
 148   4                    if((Sector-Sector_num)<max_sectors)
 149   4      			  {
 150   5                       error_flag=Read_Sector(Sector,Drive_values.BytesPerSec,values);
 151   5      			     if(error_flag!=no_errors)
 152   5      			     {
 153   6      			        entries=0;   // no entries found indicates disk read error
 154   6      				    temp8=0;     // forces a function exit
 155   6      			     }
 156   5                       i=0;
 157   5      			  }
 158   4      			  else
 159   4      			  {
 160   5      			     entries=entries|more_entries;  // set msb to indicate more entries in another cluster
 161   5      			     temp8=0;                       // forces a function exit
 162   5      			  }
 163   4      		    }
 164   3               
 165   3      	  }while(temp8!=0);
 166   2      	}
 167   1      	else
 168   1      	{
 169   2      		printf("Error has occured");
 170   2      	   entries=0;    // no entries found indicates disk read error
 171   2      	}
 172   1         return entries;
 173   1       }
 174          
 175          
 176          /***********************************************************************
 177          DESC: Uses the same method as Print_Directory to locate short file names,
 178                but locates a specified entry and returns and cluster  
 179          INPUT: Starting Sector of the directory, an entry number and a pointer to a 
C51 COMPILER V6.02  DIRECTORY_FUNCTIONS_STRUCT                                             11/18/2019 20:09:37 PAGE 4   

 180          block of memory in xdata that can be used to read blocks from the SD card
 181          RETURNS: uint32_t with cluster in lower 28 bits.  Bit 28 set if this is 
 182                   a directory entry, clear for a file.  Bit 31 set for error.
 183          CAUTION: 
 184          ************************************************************************/
 185          
 186          uint32_t Read_Dir_Entry(uint32_t Sector_num, uint16_t Entry, uint8_t xdata * array_in)
 187          { 
 188   1         uint32_t Sector, max_sectors, return_clus;
 189   1         uint16_t i, entries;
 190   1         uint8_t temp8, attr, error_flag;
 191   1         uint8_t * values;
 192   1      
 193   1         values=array_in;
 194   1         entries=0;
 195   1         i=0;
 196   1         return_clus=0;
 197   1         if (Drive_values.FATtype==FAT16)  // included for FAT16 compatibility
 198   1         { 
 199   2            max_sectors=Drive_values.RootDirSecs;   // maximum sectors in a FAT16 root directory
 200   2         }
 201   1         else
 202   1         {
 203   2            max_sectors=Drive_values.SecPerClus;
 204   2         }
 205   1         Sector=Sector_num;
 206   1         error_flag=Read_Sector(Sector,Drive_values.BytesPerSec,values);
 207   1         if(error_flag==no_errors)
 208   1         {
 209   2           do
 210   2           {
 211   3              temp8=read8(0+i,values);  // read first byte to see if empty
 212   3              if((temp8!=0xE5)&&(temp8!=0x00))
 213   3      	    {  
 214   4      	       attr=read8(0x0b+i,values);
 215   4      		   if((attr&0x0E)==0)    // if hidden do not print
 216   4      		   {
 217   5      		      entries++;
 218   5                    if(entries==Entry)
 219   5                    {
 220   6      			    if(Drive_values.FATtype==FAT32)
 221   6                      {
 222   7                         return_clus=read8(21+i,values);
 223   7      				   return_clus=return_clus<<8;
 224   7                         return_clus|=read8(20+i,values);
 225   7                         return_clus=return_clus<<8;
 226   7                      }
 227   6                      return_clus|=read8(27+i,values);
 228   6      			    return_clus=return_clus<<8;
 229   6                      return_clus|=read8(26+i,values);
 230   6      			    attr=read8(0x0b+i,values);
 231   6      			    if(attr&0x10) return_clus|=directory_bit;
 232   6                      temp8=0;    // forces a function exit
 233   6                    }
 234   5                    
 235   5      		    }
 236   4      		}
 237   3      		    i=i+32;  // next entry
 238   3      		    if(i>510)
 239   3      		    {
 240   4      			  Sector++;
 241   4      			  if((Sector-Sector_num)<max_sectors)
C51 COMPILER V6.02  DIRECTORY_FUNCTIONS_STRUCT                                             11/18/2019 20:09:37 PAGE 5   

 242   4      			  {
 243   5                       error_flag=Read_Sector(Sector,Drive_values.BytesPerSec,values);
 244   5      			     if(error_flag!=no_errors)
 245   5      			     {
 246   6      			         return_clus=no_entry_found;
 247   6                           temp8=0; 
 248   6      			     }
 249   5      			     i=0;
 250   5      			  }
 251   4      			  else
 252   4      			  {
 253   5      			     temp8=0;                       // forces a function exit
 254   5      			  }
 255   4      		    }
 256   3               
 257   3      	  }while(temp8!=0);
 258   2      	}
 259   1      	else
 260   1      	{
 261   2      	   return_clus=no_entry_found;
 262   2      	}
 263   1      	if(return_clus==0) return_clus=no_entry_found;
 264   1         return return_clus;
 265   1       }
 266          
 267          uint8_t Mount_Drive(uint8_t xdata * array_name)
 268          {
 269   1      	//uint8_t i;
 270   1      	uint8_t temp_8;
 271   1      	uint8_t error_flag;
 272   1      	// Below are constants from BPB used for calculations
 273   1      	// for the values in struct FS_values_t
 274   1      	uint16_t RsvdSectorCount;
 275   1      	uint8_t NumFATS;
 276   1      	uint16_t RootEntryCnt;
 277   1      	uint16_t TotalSectors16;
 278   1      	uint16_t FATsz16;
 279   1      	uint32_t TotalSectors32;
 280   1      	uint32_t FATsz32;
 281   1      	uint32_t FATSz;
 282   1      	//Ran out of space so now some vars are in xdata
 283   1      	uint32_t xdata TotSec;
 284   1      	uint32_t xdata DataSec;
 285   1      	uint32_t RootCluster;
 286   1      	uint32_t RelativeSectors;
 287   1      	uint32_t CountofClus;
 288   1      	
 289   1      	// Read in BPB or MBR
 290   1      	error_flag = Read_Sector(0, 512, array_name);
 291   1      	// Check for BPB or MBR
 292   1      	temp_8 = read8(0,array_name);
 293   1      	printf("Debug:: Offset 0 of Sector 0 is %x\r\n",temp_8);
 294   1      	if((temp_8!=0xEB)&&(temp_8!=0xE9))
 295   1      	{
 296   2      		printf("Found MBR...\r\n");
 297   2      		RelativeSectors = read32(0x01C6,array_name);
 298   2      		printf("Debug:: Offset 0 of Relative Sectors is %lx\r\n",RelativeSectors);
 299   2      		error_flag = Read_Sector(RelativeSectors ,512,array_name);
 300   2      		temp_8 = read8(0,array_name);
 301   2      		printf("Debug:: temp8 is %x\r\n",temp_8);
 302   2      		if((temp_8!=0xEB)&&(temp_8!=0xE9))
 303   2      		{
C51 COMPILER V6.02  DIRECTORY_FUNCTIONS_STRUCT                                             11/18/2019 20:09:37 PAGE 6   

 304   3      			printf("Error BPB not Found!\r\n");
 305   3      		}
 306   2      		else
 307   2      		{
 308   3      			printf("BPB Found!\r\n");
 309   3      		}
 310   2      	}
 311   1      	print_memory(array_name, 512);
 312   1      	Drive_values.BytesPerSec = read16(0x0B,array_name);
 313   1      	printf("BytesPerSec:: %x\r\n",Drive_values.BytesPerSec);
 314   1      	Drive_values.SecPerClus = read8(0x0D,array_name);
 315   1      	printf("SecPerClus:: %bx\r\n",Drive_values.SecPerClus);
 316   1      	RsvdSectorCount = read16(0x0E,array_name);
 317   1      	printf("RsvdSectorCount:: %x\r\n",RsvdSectorCount);
 318   1      	NumFATS = read8(0x10,array_name);
 319   1      	printf("NumFATS:: %bx\r\n",NumFATS);
 320   1      	RootEntryCnt = read16(0x11,array_name);
 321   1      	printf("RootEntryCnt:: %x\r\n",RootEntryCnt);
 322   1      	TotalSectors16 = read16(0x13,array_name);
 323   1      	printf("TotalSectors16:: %x\r\n",TotalSectors16);
 324   1      	FATsz16 = read16(0x16,array_name);
 325   1      	printf("FATsz16:: %x\r\n",FATsz16);
 326   1      	TotalSectors32 = read32(0x20,array_name);
 327   1      	printf("TotalSectors32:: %lx\r\n",TotalSectors32);
 328   1      	FATsz32 = read32(0x24,array_name);
 329   1      	printf("FATsz32:: %lx\r\n",FATsz32);
 330   1      	RootCluster = read32(0x2C, array_name);
 331   1      	printf("RootCluster:: %lx\r\n",RootCluster);
 332   1      	Drive_values.StartofFAT = RsvdSectorCount + RelativeSectors;
 333   1      	printf("StartofFAT:: %lx\r\n",Drive_values.StartofFAT);
 334   1      	Drive_values.RootDirSecs = ((RootEntryCnt*32) + (Drive_values.BytesPerSec-1))/Drive_values.BytesPerSec;
 335   1      	printf("RootDirSecs:: %lx\r\n",Drive_values.RootDirSecs);
 336   1      	Drive_values.FirstDataSec = RsvdSectorCount + (NumFATS*FATsz32) + Drive_values.RootDirSecs + RelativeSect
             -ors;
 337   1      	printf("FirstDataSec:: %lx\r\n",Drive_values.FirstDataSec);
 338   1      	Drive_values.FirstRootDirSec = ((RootCluster-2)*Drive_values.SecPerClus)+Drive_values.FirstDataSec;
 339   1      	printf("FirstRootDirSec:: %lx\r\n",Drive_values.FirstRootDirSec);
 340   1      	Drive_values.FATshift = FAT32_shift;
 341   1      
 342   1      	//Checks FAT Size to use
 343   1      	if(FATsz16 != 0)
 344   1      	{
 345   2      		FATSz = FATsz16;
 346   2      	}
 347   1      	else
 348   1      	{
 349   2      		FATSz = FATsz32;
 350   2      	}
 351   1      	
 352   1      	//Checks which TotalSectors to use
 353   1      	if(TotalSectors16 != 0)
 354   1      	{
 355   2      		TotSec = TotalSectors16;
 356   2      	}
 357   1      	else
 358   1      	{
 359   2      		TotSec = TotalSectors32;
 360   2      	}
 361   1      	
 362   1      	//Calculates Number of Data Sectors for CountofClus
 363   1      	DataSec = (TotSec - (RsvdSectorCount + ((NumFATS * FATSz) + Drive_values.RootDirSecs)));
 364   1      	
C51 COMPILER V6.02  DIRECTORY_FUNCTIONS_STRUCT                                             11/18/2019 20:09:37 PAGE 7   

 365   1      	//Calculates CountofClus to use for determining FATtype
 366   1      	CountofClus = DataSec / Drive_values.SecPerClus;
 367   1      
 368   1      	//Determines FAT type
 369   1      	if(CountofClus < 65525)
 370   1      	{
 371   2      		//FAT16
 372   2      		Drive_values.FATtype = FAT16;
 373   2      		error_flag = FAT_Unsupported;
 374   2      	}
 375   1      	else
 376   1      	{
 377   2      		//FAT32
 378   2      		Drive_values.FATtype = FAT32;
 379   2      	}
 380   1      	printf("FATtype Detected: %x\r\n", Drive_values.FATtype);
 381   1      	return error_flag;
 382   1      }
 383          
 384          uint32_t First_Sector (uint32_t Cluster_num)
 385          {
 386   1          uint32_t FirstSecCluster;
 387   1          if(Cluster_num==0)
 388   1          {
 389   2              FirstSecCluster = Drive_values.FirstRootDirSec;
 390   2          }
 391   1          else
 392   1          {
 393   2              FirstSecCluster = ((Cluster_num-2)*Drive_values.SecPerClus)+Drive_values.FirstDataSec;
 394   2          }
 395   1          return FirstSecCluster;
 396   1      }
 397          
 398          uint32_t Find_Next_Clus(uint32_t Cluster_num, uint8_t xdata * array_name)
 399          {
 400   1          uint32_t return_clus;
 401   1      	uint16_t FAToffset;
 402   1      	uint32_t sector = ((Cluster_num*4)/Drive_values.BytesPerSec)+Drive_values.StartofFAT;
 403   1      	Read_Sector(sector,Drive_values.BytesPerSec,array_name);
 404   1      	FAToffset = (uint16_t) ((4*Cluster_num)%Drive_values.BytesPerSec);
 405   1      	return_clus = (read32(FAToffset,array_name)&0x0FFFFFFF);
 406   1      	
 407   1          return return_clus;
 408   1      }
 409          
 410          uint8_t Open_File(uint32_t Cluster, uint8_t xdata * array_in)
 411          {
 412   1      	uint8_t error_flag = no_errors;
 413   1      	uint32_t sector_num;
 414   1      	uint32_t first_sec_num;
 415   1      	uint32_t user_input;
 416   1      	uint8_t first = 0;
 417   1      
 418   1      	do
 419   1      	{
 420   2      		printf("1. Continue to next cluster\r\n2. Back to main menu\r\nInput Entry #: ");
 421   2      		user_input = long_serial_input();
 422   2      		if(user_input == 1)
 423   2      		{
 424   3      			first_sec_num = First_Sector(Cluster);
 425   3      			sector_num = first_sec_num;
 426   3      			while(sector_num!=Drive_values.SecPerClus+first_sec_num)
C51 COMPILER V6.02  DIRECTORY_FUNCTIONS_STRUCT                                             11/18/2019 20:09:37 PAGE 8   

 427   3      			{
 428   4      				error_flag = Read_Sector(sector_num,Drive_values.BytesPerSec, array_in);
 429   4      				printf("Cluster # = %lx ,Sector # = %lx\r\n", Cluster, sector_num);
 430   4      				//Checks if its the first sector of the file
 431   4      				if (first == 0)
 432   4      				{
 433   5      					print_memory(array_in, Drive_values.BytesPerSec);
 434   5      				}
 435   4      				sector_num++;
 436   4      				first = 1;
 437   4      			}
 438   3      			Cluster = Find_Next_Clus(Cluster,array_in);
 439   3      		}
 440   2      		else
 441   2      		{
 442   3      			printf("Quitting...\r\n");
 443   3      		}
 444   2      	}while( user_input == 1 && Cluster!=0x0FFFFFFF);
 445   1      	printf("Cluster number: %lx \r\n", Cluster);
 446   1      	// TODO: Need to return an actual error value
 447   1      	return error_flag;
 448   1      }
 449          


MODULE INFORMATION:   STATIC OVERLAYABLE
   CODE SIZE        =   3014    ----
   CONSTANT SIZE    =    625    ----
   XDATA SIZE       =   ----       8
   PDATA SIZE       =   ----    ----
   DATA SIZE        =   ----     147
   IDATA SIZE       =     22    ----
   BIT SIZE         =   ----    ----
END OF MODULE INFORMATION.


C51 COMPILATION COMPLETE.  0 WARNING(S),  0 ERROR(S)
