BL51 BANKED LINKER/LOCATER V4.02                                                        11/09/2019  12:06:31  PAGE 1


BL51 BANKED LINKER/LOCATER V4.02, INVOKED BY:
C:\KEIL\C51\BIN\BL51.EXE Directory_Functions_globals.obj, Directory_Functions_struct.obj, LCD_hardware_functions.obj, LC
>> D_routines.obj, LED_Control.obj, Long_Serial_In.obj, Outputs.obj, print_bytes.obj, SD_card_test.obj, SDCard.obj, SPI.
>> obj, Timer0_hardware_delay_1ms.obj, UART.obj TO lab4_exp RAMSIZE (256)


MEMORY MODEL: SMALL


INPUT MODULES INCLUDED:
  Directory_Functions_globals.obj (DIRECTORY_FUNCTIONS_GLOBALS)
  Directory_Functions_struct.obj (DIRECTORY_FUNCTIONS_STRUCT)
  LCD_hardware_functions.obj (LCD_HARDWARE_FUNCTIONS)
  LCD_routines.obj (LCD_ROUTINES)
  LED_Control.obj (LED_CONTROL)
  Long_Serial_In.obj (LONG_SERIAL_IN)
  Outputs.obj (OUTPUTS)
  print_bytes.obj (PRINT_BYTES)
  SD_card_test.obj (SD_CARD_TEST)
  SDCard.obj (SDCARD)
  SPI.obj (SPI)
  Timer0_hardware_delay_1ms.obj (TIMER0_HARDWARE_DELAY_1MS)
  UART.obj (UART)
  C:\KEIL\C51\LIB\C51S.LIB (?C_STARTUP)
  C:\KEIL\C51\LIB\C51S.LIB (?C?CLDOPTR)
  C:\KEIL\C51\LIB\C51S.LIB (?C?CSTPTR)
  C:\KEIL\C51\LIB\C51S.LIB (?C?CSTOPTR)
  C:\KEIL\C51\LIB\C51S.LIB (?C?LMUL)
  C:\KEIL\C51\LIB\C51S.LIB (?C?ULDIV)
  C:\KEIL\C51\LIB\C51S.LIB (?C?SLCMP)
  C:\KEIL\C51\LIB\C51S.LIB (?C?ULCMP)
  C:\KEIL\C51\LIB\C51S.LIB (?C?ULSHR)
  C:\KEIL\C51\LIB\C51S.LIB (?C?LSHL)
  C:\KEIL\C51\LIB\C51S.LIB (?C?LLDIDATA)
  C:\KEIL\C51\LIB\C51S.LIB (PUTCHAR)
  C:\KEIL\C51\LIB\C51S.LIB (PRINTF)
  C:\KEIL\C51\LIB\C51S.LIB (ATOL)
  C:\KEIL\C51\LIB\C51S.LIB (?C?CLDPTR)
  C:\KEIL\C51\LIB\C51S.LIB (?C?LNEG)
  C:\KEIL\C51\LIB\C51S.LIB (?C?PLDIIDATA)
  C:\KEIL\C51\LIB\C51S.LIB (?C?CCASE)
  C:\KEIL\C51\LIB\C51S.LIB (ISDIGIT)
  C:\KEIL\C51\LIB\C51S.LIB (ISSPACE)


LINK MAP OF MODULE:  lab4_exp (DIRECTORY_FUNCTIONS_GLOBALS)


            TYPE    BASE      LENGTH    RELOCATION   SEGMENT NAME
            -----------------------------------------------------

            * * * * * * *   D A T A   M E M O R Y   * * * * * * *
            REG     0000H     0008H     ABSOLUTE     "REG BANK 0"
            IDATA   0008H     0016H     UNIT         ?ID?DIRECTORY_FUNCTIONS_GLOBALS
            IDATA   001EH     0001H     UNIT         ?ID?SDCARD
                    001FH     0001H                  *** GAP ***
            BIT     0020H.0   0001H.1   UNIT         _BIT_GROUP_
                    0021H.1   0000H.7                *** GAP ***
BL51 BANKED LINKER/LOCATER V4.02                                                      11/09/2019  12:06:31  PAGE 2


            DATA    0022H     0031H     UNIT         _DATA_GROUP_
            DATA    0053H     001EH     UNIT         ?DT?_READ_DIR_ENTRY?DIRECTORY_FUNCTIONS_GLOBALS
            IDATA   0071H     0016H     UNIT         ?ID?DIRECTORY_FUNCTIONS_STRUCT
            IDATA   0087H     0001H     UNIT         ?STACK

            * * * * * * *  X D A T A   M E M O R Y  * * * * * * *
            XDATA   0000H     0200H     UNIT         ?XD?SD_CARD_TEST

            * * * * * * *   C O D E   M E M O R Y   * * * * * * *
            CODE    0000H     0003H     ABSOLUTE     
            CODE    0003H     03F2H     UNIT         ?PR?SD_CARD_INIT?SDCARD
            CODE    03F5H     035CH     UNIT         ?PR?PRINTF?PRINTF
            CODE    0751H     0299H     UNIT         ?PR?_READ_DIR_ENTRY?DIRECTORY_FUNCTIONS_GLOBALS
            CODE    09EAH     027DH     UNIT         ?PR?_READ_DIR_ENTRY?DIRECTORY_FUNCTIONS_STRUCT
            CODE    0C67H     0234H     UNIT         ?C?LIB_CODE
            CODE    0E9BH     020EH     UNIT         ?CO?SDCARD
            CODE    10A9H     01F5H     UNIT         ?PR?_PRINT_DIRECTORY?DIRECTORY_FUNCTIONS_GLOBALS
            CODE    129EH     01E6H     UNIT         ?PR?_PRINT_DIRECTORY?DIRECTORY_FUNCTIONS_STRUCT
            CODE    1484H     0177H     UNIT         ?PR?MAIN?SD_CARD_TEST
            CODE    15FBH     010BH     UNIT         ?PR?_SEND_COMMAND?SDCARD
            CODE    1706H     00FFH     UNIT         ?PR?_READ_BLOCK?SDCARD
            CODE    1805H     00DEH     UNIT         ?PR?_ATOL?ATOL
            CODE    18E3H     00D1H     UNIT         ?PR?LONG_SERIAL_INPUT?LONG_SERIAL_IN
            CODE    19B4H     0099H     UNIT         ?PR?_RESPONSE?SDCARD
            CODE    1A4DH     008CH     UNIT         ?PR?_SPI_MASTER_INIT?SPI
            CODE    1AD9H     0085H     UNIT         ?PR?_LCD_PRINT?LCD_ROUTINES
            CODE    1B5EH     0078H     UNIT         ?PR?_PRINT_16BYTES?PRINT_BYTES
            CODE    1BD6H     006EH     UNIT         ?PR?_PRINT_ERROR?SDCARD
            CODE    1C44H     005FH     UNIT         ?PR?_PRINT_MEMORY?PRINT_BYTES
            CODE    1CA3H     0054H     UNIT         ?CO?SD_CARD_TEST
            CODE    1CF7H     0045H     UNIT         ?CO?PRINT_BYTES
            CODE    1D3CH     0038H     UNIT         ?PR?LCD_INIT?LCD_ROUTINES
            CODE    1D74H     0035H     UNIT         ?PR?_UART_INIT?UART
            CODE    1DA9H     0033H     UNIT         ?PR?_SPI_TRANSFER?SPI
            CODE    1DDCH     002AH     UNIT         ?PR?_LCD_WRITE?LCD_HARDWARE_FUNCTIONS
            CODE    1E06H     0027H     UNIT         ?PR?PUTCHAR?PUTCHAR
            CODE    1E2DH     0026H     UNIT         ?PR?_TIMER0_DELAY_1MS?TIMER0_HARDWARE_DELAY_1MS
            CODE    1E53H     0020H     UNIT         ?PR?_UART_TRANSMIT?UART
            CODE    1E73H     0013H     UNIT         ?PR?_ISSPACE?ISSPACE
            CODE    1E86H     000FH     UNIT         ?PR?_ISDIGIT?ISDIGIT
            CODE    1E95H     000DH     UNIT         ?CO?DIRECTORY_FUNCTIONS_GLOBALS
            CODE    1EA2H     000DH     UNIT         ?CO?DIRECTORY_FUNCTIONS_STRUCT
            CODE    1EAFH     000CH     UNIT         ?C_C51STARTUP
            CODE    1EBBH     0008H     UNIT         ?PR?UART_RECEIVE?UART
            CODE    1EC3H     0007H     UNIT         ?PR?EXPORT_DRIVE_VALUES?DIRECTORY_FUNCTIONS_STRUCT
            CODE    1ECAH     0005H     UNIT         ?PR?_LEDS_ON?LED_CONTROL
            CODE    1ECFH     0005H     UNIT         ?PR?_P3_CLEAR_BIT?OUTPUTS
            CODE    1ED4H     0005H     UNIT         ?PR?RETURN_SD_CARD_TYPE?SDCARD
            CODE    1ED9H     0005H     UNIT         ?PR?_SPI_SELECT_CLEAR?SPI
            CODE    1EDEH     0004H     UNIT         ?PR?_LEDS_OFF?LED_CONTROL
            CODE    1EE2H     0004H     UNIT         ?PR?_P2_SET_BIT?OUTPUTS
            CODE    1EE6H     0004H     UNIT         ?PR?_P3_SET_BIT?OUTPUTS
            CODE    1EEAH     0004H     UNIT         ?PR?_SPI_SELECT_SET?SPI
            CODE    1EEEH     0003H     UNIT         ?PR?_P0_OUTPUT_BITS?OUTPUTS



BL51 BANKED LINKER/LOCATER V4.02                                                      11/09/2019  12:06:31  PAGE 3


OVERLAY MAP OF MODULE:   lab4_exp (DIRECTORY_FUNCTIONS_GLOBALS)


SEGMENT                                                       BIT_GROUP          DATA_GROUP 
  +--> CALLED SEGMENT                                      START    LENGTH     START    LENGTH
----------------------------------------------------------------------------------------------
?C_C51STARTUP                                              -----    -----      -----    -----
  +--> ?PR?MAIN?SD_CARD_TEST

?PR?MAIN?SD_CARD_TEST                                      -----    -----      0022H    0008H
  +--> ?PR?_P2_SET_BIT?OUTPUTS
  +--> ?PR?_LEDS_OFF?LED_CONTROL
  +--> ?PR?_LEDS_ON?LED_CONTROL
  +--> ?PR?_UART_INIT?UART
  +--> ?PR?LCD_INIT?LCD_ROUTINES
  +--> ?CO?SD_CARD_TEST
  +--> ?PR?PRINTF?PRINTF
  +--> ?PR?_LCD_PRINT?LCD_ROUTINES
  +--> ?PR?_SPI_MASTER_INIT?SPI
  +--> ?PR?_UART_TRANSMIT?UART
  +--> ?PR?SD_CARD_INIT?SDCARD
  +--> ?PR?RETURN_SD_CARD_TYPE?SDCARD
  +--> ?PR?LONG_SERIAL_INPUT?LONG_SERIAL_IN
  +--> ?PR?_SPI_SELECT_CLEAR?SPI
  +--> ?PR?_SEND_COMMAND?SDCARD
  +--> ?PR?_READ_BLOCK?SDCARD
  +--> ?PR?_SPI_SELECT_SET?SPI
  +--> ?PR?_PRINT_MEMORY?PRINT_BYTES

?PR?LCD_INIT?LCD_ROUTINES                                  -----    -----      -----    -----
  +--> ?PR?_LCD_WRITE?LCD_HARDWARE_FUNCTIONS
  +--> ?PR?_TIMER0_DELAY_1MS?TIMER0_HARDWARE_DELAY_1MS

?PR?_LCD_WRITE?LCD_HARDWARE_FUNCTIONS                      -----    -----      0030H    0001H
  +--> ?PR?_P3_CLEAR_BIT?OUTPUTS
  +--> ?PR?_P3_SET_BIT?OUTPUTS
  +--> ?PR?_P0_OUTPUT_BITS?OUTPUTS

?PR?PRINTF?PRINTF                                          0020H.0  0001H.1    003FH    0014H
  +--> ?PR?PUTCHAR?PUTCHAR

?PR?_LCD_PRINT?LCD_ROUTINES                                -----    -----      002AH    0006H
  +--> ?PR?_LCD_WRITE?LCD_HARDWARE_FUNCTIONS
  +--> ?PR?_TIMER0_DELAY_1MS?TIMER0_HARDWARE_DELAY_1MS

?PR?_SPI_MASTER_INIT?SPI                                   -----    -----      002AH    0001H

?PR?SD_CARD_INIT?SDCARD                                    -----    -----      002AH    0014H
  +--> ?PR?_SPI_SELECT_SET?SPI
  +--> ?CO?SDCARD
  +--> ?PR?PRINTF?PRINTF
  +--> ?PR?_SPI_TRANSFER?SPI
  +--> ?PR?_LEDS_ON?LED_CONTROL
  +--> ?PR?_SPI_SELECT_CLEAR?SPI
  +--> ?PR?_SEND_COMMAND?SDCARD
  +--> ?PR?_RESPONSE?SDCARD
  +--> ?PR?_LEDS_OFF?LED_CONTROL
BL51 BANKED LINKER/LOCATER V4.02                                                      11/09/2019  12:06:31  PAGE 4


  +--> ?PR?PUTCHAR?PUTCHAR
  +--> ?PR?_PRINT_ERROR?SDCARD

?PR?_SEND_COMMAND?SDCARD                                   -----    -----      003EH    0009H
  +--> ?PR?_SPI_TRANSFER?SPI

?PR?_RESPONSE?SDCARD                                       -----    -----      003EH    0008H
  +--> ?PR?_SPI_TRANSFER?SPI

?PR?_PRINT_ERROR?SDCARD                                    -----    -----      003EH    0001H
  +--> ?CO?SDCARD
  +--> ?PR?PRINTF?PRINTF

?PR?LONG_SERIAL_INPUT?LONG_SERIAL_IN                       -----    -----      002AH    0011H
  +--> ?PR?UART_RECEIVE?UART
  +--> ?PR?PUTCHAR?PUTCHAR
  +--> ?PR?_UART_TRANSMIT?UART
  +--> ?PR?_ATOL?ATOL

?PR?_ATOL?ATOL                                             0020H.0  0000H.1    003BH    0007H
  +--> ?PR?_ISSPACE?ISSPACE
  +--> ?PR?_ISDIGIT?ISDIGIT

?PR?_READ_BLOCK?SDCARD                                     -----    -----      002AH    000AH
  +--> ?PR?_SPI_TRANSFER?SPI

?PR?_PRINT_MEMORY?PRINT_BYTES                              -----    -----      002AH    0008H
  +--> ?CO?PRINT_BYTES
  +--> ?PR?PRINTF?PRINTF
  +--> ?PR?_PRINT_16BYTES?PRINT_BYTES

?PR?_PRINT_16BYTES?PRINT_BYTES                             -----    -----      0032H    0005H
  +--> ?CO?PRINT_BYTES
  +--> ?PR?PRINTF?PRINTF
  +--> ?PR?_UART_TRANSMIT?UART



UNRESOLVED EXTERNAL SYMBOLS:
   ?_READ_SECTOR?BYTE
   _READ8
   _READ_SECTOR



IGNORED SEGMENTS:
   ?DT?_PRINT_DIRECTORY?DIRECTORY_FUNCTIONS_GLOBALS
   ?DT?_PRINT_DIRECTORY?DIRECTORY_FUNCTIONS_STRUCT
   ?DT?_READ_DIR_ENTRY?DIRECTORY_FUNCTIONS_STRUCT



IGNORED SYMBOLS:
   ?_PRINT_DIRECTORY?BYTE
   ?_READ_DIR_ENTRY?BYTE
   _PRINT_DIRECTORY
   _READ_DIR_ENTRY
BL51 BANKED LINKER/LOCATER V4.02                                                      11/09/2019  12:06:31  PAGE 5





SYMBOL TABLE OF MODULE:  lab4_exp (DIRECTORY_FUNCTIONS_GLOBALS)

  VALUE           TYPE          NAME
  ----------------------------------

  -------         MODULE        DIRECTORY_FUNCTIONS_GLOBALS
  C:0000H         SYMBOL        _ICE_DUMMY_
  B:00D8H.2       PUBLIC        CCF2
  B:00D8H.3       PUBLIC        CCF3
  D:0080H         PUBLIC        P0
  B:00D8H.4       PUBLIC        CCF4
  D:0090H         PUBLIC        P1
  D:00A0H         PUBLIC        P2
  D:00B0H         PUBLIC        P3
  B:00B0H.4       PUBLIC        T0
  B:00D0H.6       PUBLIC        AC
  B:00B0H.5       PUBLIC        T1
  B:00B0H.7       PUBLIC        nRD
  B:0090H.0       PUBLIC        T2
  B:00A8H.7       PUBLIC        EA
  B:00A8H.6       PUBLIC        EC
  B:00D8H.7       PUBLIC        CF
  B:00B0H.2       PUBLIC        nINT0
  B:0098H.7       PUBLIC        FE
  C:10A9H         PUBLIC        _Print_Directory
  I:0008H         PUBLIC        StartofFAT_g
  B:00B0H.3       PUBLIC        nINT1
  D:00A8H         PUBLIC        IEN0
  B:00B0H.0       PUBLIC        RxD
  B:0090H.0       PUBLIC        P1_0
  B:00B0H.1       PUBLIC        TxD
  B:0090H.3       PUBLIC        CEX0
  B:0090H.1       PUBLIC        P1_1
  B:0090H.4       PUBLIC        CEX1
  B:0090H.2       PUBLIC        P1_2
  B:00C8H.0       PUBLIC        CP
  B:0090H.3       PUBLIC        P1_3
  B:00B0H.2       PUBLIC        P3_2
  B:00D8H.6       PUBLIC        CR
  B:00B0H.3       PUBLIC        P3_3
  B:00C8H.6       PUBLIC        EXF2
  D:00B8H         PUBLIC        IPL0
  B:00B0H.4       PUBLIC        P3_4
  I:000CH         PUBLIC        BytesPerSec_g
  B:00B0H.5       PUBLIC        P3_5
  B:00B0H.6       PUBLIC        nWR
  B:00A8H.4       PUBLIC        ES
  I:000EH         PUBLIC        BytesPerSecShift_g
  B:0098H.0       PUBLIC        RI
  B:00D0H.7       PUBLIC        CY
  B:0098H.1       PUBLIC        TI
  I:000FH         PUBLIC        RootDirSecs_g
  B:00B8H.1       PUBLIC        PT0L
  B:00B8H.3       PUBLIC        PT1L
BL51 BANKED LINKER/LOCATER V4.02                                                      11/09/2019  12:06:31  PAGE 6


  B:00B8H.5       PUBLIC        PT2L
  B:0090H.1       PUBLIC        T2EX
  D:00D8H         PUBLIC        CCON
  B:00B0H.6       PUBLIC        RS
  B:00B8H.0       PUBLIC        PX0L
  B:00D0H.2       PUBLIC        OV
  B:0090H.1       PUBLIC        SS
  B:00B8H.2       PUBLIC        PX1L
  I:0013H         PUBLIC        SecPerClus_g
  B:00C8H.5       PUBLIC        RCLK
  B:00C8H.4       PUBLIC        TCLK
  B:00B8H.6       PUBLIC        PPCL
  B:00A0H.4       PUBLIC        REDLED
  D:0098H         PUBLIC        SCON
  B:00A0H.6       PUBLIC        YELLOWLED
  B:0090H.4       PUBLIC        nCS0
  B:0080H.0       PUBLIC        AD0
  D:0088H         PUBLIC        TCON
  B:0080H.1       PUBLIC        AD1
  B:0080H.2       PUBLIC        AD2
  I:0014H         PUBLIC        FirstRootDirSec_g
  B:00B0H.1       PUBLIC        per_RxD
  B:00C8H.1       PUBLIC        CnT2
  B:0080H.3       PUBLIC        AD3
  B:0090H.5       PUBLIC        MISO
  B:0090H.7       PUBLIC        MOSI
  B:0080H.4       PUBLIC        AD4
  B:00B0H.0       PUBLIC        per_TxD
  B:0080H.5       PUBLIC        AD5
  B:0080H.6       PUBLIC        AD6
  B:0080H.7       PUBLIC        AD7
  B:00A0H.0       PUBLIC        AD8
  B:00A0H.1       PUBLIC        AD9
  B:0088H.1       PUBLIC        IE0
  B:00A0H.7       PUBLIC        AMBERLED
  B:0088H.3       PUBLIC        IE1
  B:00B0H.7       PUBLIC        E
  I:0018H         PUBLIC        FATshift_g
  B:00A0H.5       PUBLIC        GREENLED
  B:00A8H.1       PUBLIC        ET0
  B:00A8H.3       PUBLIC        ET1
  B:0088H.5       PUBLIC        TF0
  B:00A8H.5       PUBLIC        ET2
  B:0088H.7       PUBLIC        TF1
  B:00C8H.7       PUBLIC        TF2
  B:0098H.2       PUBLIC        RB8
  B:00A8H.0       PUBLIC        EX0
  B:0088H.0       PUBLIC        IT0
  B:0098H.3       PUBLIC        TB8
  B:00A8H.2       PUBLIC        EX1
  B:0088H.2       PUBLIC        IT1
  B:00D0H.0       PUBLIC        P
  B:0098H.7       PUBLIC        SM0
  B:0090H.2       PUBLIC        ECI
  B:0098H.6       PUBLIC        SM1
  B:0098H.5       PUBLIC        SM2
  C:0751H         PUBLIC        _Read_Dir_Entry
BL51 BANKED LINKER/LOCATER V4.02                                                      11/09/2019  12:06:31  PAGE 7


  B:00D0H.3       PUBLIC        RS0
  B:0088H.4       PUBLIC        TR0
  B:00D0H.4       PUBLIC        RS1
  B:0090H.6       PUBLIC        per_SCLK
  B:0088H.6       PUBLIC        TR1
  B:00C8H.2       PUBLIC        TR2
  B:00A0H.0       PUBLIC        SW1
  B:00A0H.1       PUBLIC        SW2
  B:00A0H.2       PUBLIC        SW3
  B:00A0H.3       PUBLIC        SW4
  B:0090H.6       PUBLIC        SCK
  B:0090H.7       PUBLIC        per_MOSI
  B:0090H.5       PUBLIC        per_MISO
  B:00C8H.3       PUBLIC        EXEN2
  B:0098H.4       PUBLIC        REN
  B:00A0H.2       PUBLIC        AD10
  B:00A0H.3       PUBLIC        AD11
  D:00C8H         PUBLIC        T2CON
  I:0019H         PUBLIC        FATtype_g
  B:00A0H.4       PUBLIC        AD12
  B:00A0H.5       PUBLIC        AD13
  B:00A0H.6       PUBLIC        AD14
  B:00A0H.7       PUBLIC        AD15
  I:001AH         PUBLIC        FirstDataSec_g
  B:00B8H.4       PUBLIC        PLS
  B:00D0H.5       PUBLIC        F0
  B:00D0H.1       PUBLIC        F1
  D:00D0H         PUBLIC        PSW
  B:00D8H.0       PUBLIC        CCF0
  B:00D8H.1       PUBLIC        CCF1
  -------         PROC          _PRINT_DIRECTORY
  D:0000H         SYMBOL        Sector_num
  D:0004H         SYMBOL        array_in
  -------         DO            array_in
  D:0006H         SYMBOL        Sector
  D:000AH         SYMBOL        max_sectors
  D:000EH         SYMBOL        i
  D:0010H         SYMBOL        entries
  D:0012H         SYMBOL        temp8
  D:0013H         SYMBOL        j
  D:0014H         SYMBOL        attr
  D:0015H         SYMBOL        out_val
  D:0016H         SYMBOL        error_flag
  D:0017H         SYMBOL        values
  -------         ENDDO         values
  C:10A9H         LINE#         36
  C:10B1H         LINE#         37
  C:10B1H         LINE#         43
  C:10BAH         LINE#         44
  C:10BFH         LINE#         45
  C:10C3H         LINE#         46
  C:10D6H         LINE#         47
  C:10D6H         LINE#         48
  C:10E3H         LINE#         49
  C:10E5H         LINE#         51
  C:10E5H         LINE#         52
  C:10F2H         LINE#         53
BL51 BANKED LINKER/LOCATER V4.02                                                      11/09/2019  12:06:31  PAGE 8


  C:10F2H         LINE#         54
  C:10FEH         LINE#         55
  C:111DH         LINE#         56
  C:1124H         LINE#         57
  C:1124H         LINE#         59
  C:1124H         LINE#         61
  C:1133H         LINE#         62
  C:1143H         LINE#         63
  C:1143H         LINE#         64
  C:1157H         LINE#         65
  C:1159H         LINE#         66
  C:1162H         LINE#         67
  C:1162H         LINE#         68
  C:116AH         LINE#         69
  C:1178H         LINE#         70
  C:117BH         LINE#         71
  C:117BH         LINE#         72
  C:1191H         LINE#         73
  C:1194H         LINE#         74
  C:119DH         LINE#         75
  C:11A2H         LINE#         76
  C:11A2H         LINE#         77
  C:11A5H         LINE#         78
  C:11A5H         LINE#         79
  C:11BBH         LINE#         80
  C:11BEH         LINE#         81
  C:11C7H         LINE#         82
  C:11D0H         LINE#         83
  C:11D2H         LINE#         85
  C:11D2H         LINE#         86
  C:11D7H         LINE#         87
  C:11DAH         LINE#         88
  C:11DAH         LINE#         89
  C:11F0H         LINE#         90
  C:11F3H         LINE#         91
  C:11FCH         LINE#         92
  C:1201H         LINE#         93
  C:1206H         LINE#         94
  C:1206H         LINE#         95
  C:1206H         LINE#         97
  C:1206H         LINE#         98
  C:1211H         LINE#         100
  C:121CH         LINE#         101
  C:121CH         LINE#         102
  C:1231H         LINE#         103
  C:1254H         LINE#         104
  C:1254H         LINE#         105
  C:1273H         LINE#         106
  C:1277H         LINE#         107
  C:1277H         LINE#         108
  C:127CH         LINE#         109
  C:127EH         LINE#         110
  C:127EH         LINE#         111
  C:1283H         LINE#         112
  C:1285H         LINE#         114
  C:1285H         LINE#         115
  C:1288H         LINE#         116
BL51 BANKED LINKER/LOCATER V4.02                                                      11/09/2019  12:06:31  PAGE 9


  C:128BH         LINE#         117
  C:128BH         LINE#         118
  C:128BH         LINE#         120
  C:1292H         LINE#         121
  C:1294H         LINE#         123
  C:1294H         LINE#         124
  C:1299H         LINE#         125
  C:1299H         LINE#         126
  C:129DH         LINE#         127
  -------         ENDPROC       _PRINT_DIRECTORY
  -------         PROC          _READ_DIR_ENTRY
  D:0053H         SYMBOL        Sector_num
  D:0057H         SYMBOL        Entry
  D:0059H         SYMBOL        array_in
  -------         DO            array_in
  D:005BH         SYMBOL        Sector
  D:005FH         SYMBOL        max_sectors
  D:0063H         SYMBOL        return_clus
  D:0067H         SYMBOL        i
  D:0069H         SYMBOL        entries
  D:006BH         SYMBOL        temp8
  D:006CH         SYMBOL        attr
  D:006DH         SYMBOL        error_flag
  D:006EH         SYMBOL        values
  -------         ENDDO         values
  C:0751H         LINE#         140
  C:0759H         LINE#         141
  C:0759H         LINE#         147
  C:0762H         LINE#         148
  C:0767H         LINE#         149
  C:076BH         LINE#         150
  C:0773H         LINE#         151
  C:0786H         LINE#         152
  C:0786H         LINE#         153
  C:0793H         LINE#         154
  C:0795H         LINE#         156
  C:0795H         LINE#         157
  C:07A2H         LINE#         158
  C:07A2H         LINE#         159
  C:07AEH         LINE#         160
  C:07CDH         LINE#         161
  C:07D4H         LINE#         162
  C:07D4H         LINE#         164
  C:07D4H         LINE#         165
  C:07E3H         LINE#         166
  C:07F3H         LINE#         167
  C:07F3H         LINE#         168
  C:0807H         LINE#         169
  C:0810H         LINE#         170
  C:0810H         LINE#         171
  C:0818H         LINE#         172
  C:0825H         LINE#         173
  C:0825H         LINE#         174
  C:082CH         LINE#         175
  C:082CH         LINE#         176
  C:0847H         LINE#         177
  C:0854H         LINE#         178
BL51 BANKED LINKER/LOCATER V4.02                                                      11/09/2019  12:06:31  PAGE 10


  C:0869H         LINE#         179
  C:088DH         LINE#         180
  C:08A1H         LINE#         181
  C:08A1H         LINE#         182
  C:08C5H         LINE#         183
  C:08D9H         LINE#         184
  C:08FDH         LINE#         185
  C:0911H         LINE#         186
  C:0928H         LINE#         187
  C:092BH         LINE#         188
  C:092BH         LINE#         190
  C:092BH         LINE#         191
  C:092BH         LINE#         192
  C:0936H         LINE#         193
  C:0941H         LINE#         194
  C:0941H         LINE#         195
  C:0956H         LINE#         196
  C:0979H         LINE#         197
  C:0979H         LINE#         198
  C:0998H         LINE#         199
  C:099CH         LINE#         200
  C:099CH         LINE#         201
  C:09A6H         LINE#         202
  C:09A8H         LINE#         203
  C:09A8H         LINE#         204
  C:09ADH         LINE#         205
  C:09AFH         LINE#         207
  C:09AFH         LINE#         208
  C:09B2H         LINE#         209
  C:09B2H         LINE#         210
  C:09B2H         LINE#         212
  C:09B9H         LINE#         213
  C:09BBH         LINE#         215
  C:09BBH         LINE#         216
  C:09C5H         LINE#         217
  C:09C5H         LINE#         218
  C:09E1H         LINE#         219
  C:09E9H         LINE#         220
  -------         ENDPROC       _READ_DIR_ENTRY
  -------         ENDMOD        DIRECTORY_FUNCTIONS_GLOBALS

  -------         MODULE        DIRECTORY_FUNCTIONS_STRUCT
  C:0000H         SYMBOL        _ICE_DUMMY_
  B:00D8H.2       PUBLIC        CCF2
  B:00D8H.3       PUBLIC        CCF3
  D:0080H         PUBLIC        P0
  B:00D8H.4       PUBLIC        CCF4
  D:0090H         PUBLIC        P1
  D:00A0H         PUBLIC        P2
  D:00B0H         PUBLIC        P3
  B:00B0H.4       PUBLIC        T0
  B:00D0H.6       PUBLIC        AC
  B:00B0H.5       PUBLIC        T1
  B:00B0H.7       PUBLIC        nRD
  B:0090H.0       PUBLIC        T2
  B:00A8H.7       PUBLIC        EA
  B:00A8H.6       PUBLIC        EC
BL51 BANKED LINKER/LOCATER V4.02                                                      11/09/2019  12:06:31  PAGE 11


  B:00D8H.7       PUBLIC        CF
  B:00B0H.2       PUBLIC        nINT0
  B:0098H.7       PUBLIC        FE
  C:129EH         PUBLIC        _Print_Directory
  B:00B0H.3       PUBLIC        nINT1
  D:00A8H         PUBLIC        IEN0
  B:00B0H.0       PUBLIC        RxD
  B:0090H.0       PUBLIC        P1_0
  B:00B0H.1       PUBLIC        TxD
  B:0090H.3       PUBLIC        CEX0
  B:0090H.1       PUBLIC        P1_1
  B:0090H.4       PUBLIC        CEX1
  B:0090H.2       PUBLIC        P1_2
  B:00C8H.0       PUBLIC        CP
  B:0090H.3       PUBLIC        P1_3
  B:00B0H.2       PUBLIC        P3_2
  B:00D8H.6       PUBLIC        CR
  B:00B0H.3       PUBLIC        P3_3
  B:00C8H.6       PUBLIC        EXF2
  D:00B8H         PUBLIC        IPL0
  B:00B0H.4       PUBLIC        P3_4
  B:00B0H.5       PUBLIC        P3_5
  B:00B0H.6       PUBLIC        nWR
  B:00A8H.4       PUBLIC        ES
  B:0098H.0       PUBLIC        RI
  B:00D0H.7       PUBLIC        CY
  B:0098H.1       PUBLIC        TI
  B:00B8H.1       PUBLIC        PT0L
  B:00B8H.3       PUBLIC        PT1L
  B:00B8H.5       PUBLIC        PT2L
  B:0090H.1       PUBLIC        T2EX
  D:00D8H         PUBLIC        CCON
  B:00B0H.6       PUBLIC        RS
  B:00B8H.0       PUBLIC        PX0L
  B:00D0H.2       PUBLIC        OV
  B:0090H.1       PUBLIC        SS
  B:00B8H.2       PUBLIC        PX1L
  B:00C8H.5       PUBLIC        RCLK
  B:00C8H.4       PUBLIC        TCLK
  B:00B8H.6       PUBLIC        PPCL
  B:00A0H.4       PUBLIC        REDLED
  D:0098H         PUBLIC        SCON
  B:00A0H.6       PUBLIC        YELLOWLED
  B:0090H.4       PUBLIC        nCS0
  B:0080H.0       PUBLIC        AD0
  D:0088H         PUBLIC        TCON
  B:0080H.1       PUBLIC        AD1
  B:0080H.2       PUBLIC        AD2
  B:00B0H.1       PUBLIC        per_RxD
  B:00C8H.1       PUBLIC        CnT2
  B:0080H.3       PUBLIC        AD3
  B:0090H.5       PUBLIC        MISO
  B:0090H.7       PUBLIC        MOSI
  B:0080H.4       PUBLIC        AD4
  B:00B0H.0       PUBLIC        per_TxD
  B:0080H.5       PUBLIC        AD5
  B:0080H.6       PUBLIC        AD6
BL51 BANKED LINKER/LOCATER V4.02                                                      11/09/2019  12:06:31  PAGE 12


  B:0080H.7       PUBLIC        AD7
  B:00A0H.0       PUBLIC        AD8
  B:00A0H.1       PUBLIC        AD9
  B:0088H.1       PUBLIC        IE0
  B:00A0H.7       PUBLIC        AMBERLED
  B:0088H.3       PUBLIC        IE1
  B:00B0H.7       PUBLIC        E
  B:00A0H.5       PUBLIC        GREENLED
  B:00A8H.1       PUBLIC        ET0
  B:00A8H.3       PUBLIC        ET1
  B:0088H.5       PUBLIC        TF0
  B:00A8H.5       PUBLIC        ET2
  B:0088H.7       PUBLIC        TF1
  B:00C8H.7       PUBLIC        TF2
  B:0098H.2       PUBLIC        RB8
  B:00A8H.0       PUBLIC        EX0
  B:0088H.0       PUBLIC        IT0
  B:0098H.3       PUBLIC        TB8
  B:00A8H.2       PUBLIC        EX1
  B:0088H.2       PUBLIC        IT1
  B:00D0H.0       PUBLIC        P
  B:0098H.7       PUBLIC        SM0
  B:0090H.2       PUBLIC        ECI
  B:0098H.6       PUBLIC        SM1
  B:0098H.5       PUBLIC        SM2
  C:09EAH         PUBLIC        _Read_Dir_Entry
  B:00D0H.3       PUBLIC        RS0
  B:0088H.4       PUBLIC        TR0
  B:00D0H.4       PUBLIC        RS1
  B:0090H.6       PUBLIC        per_SCLK
  B:0088H.6       PUBLIC        TR1
  C:1EC3H         PUBLIC        Export_Drive_values
  B:00C8H.2       PUBLIC        TR2
  B:00A0H.0       PUBLIC        SW1
  B:00A0H.1       PUBLIC        SW2
  B:00A0H.2       PUBLIC        SW3
  B:00A0H.3       PUBLIC        SW4
  B:0090H.6       PUBLIC        SCK
  B:0090H.7       PUBLIC        per_MOSI
  B:0090H.5       PUBLIC        per_MISO
  B:00C8H.3       PUBLIC        EXEN2
  B:0098H.4       PUBLIC        REN
  B:00A0H.2       PUBLIC        AD10
  B:00A0H.3       PUBLIC        AD11
  D:00C8H         PUBLIC        T2CON
  B:00A0H.4       PUBLIC        AD12
  B:00A0H.5       PUBLIC        AD13
  B:00A0H.6       PUBLIC        AD14
  B:00A0H.7       PUBLIC        AD15
  B:00B8H.4       PUBLIC        PLS
  I:0071H         PUBLIC        Drive_values
  B:00D0H.5       PUBLIC        F0
  B:00D0H.1       PUBLIC        F1
  D:00D0H         PUBLIC        PSW
  B:00D8H.0       PUBLIC        CCF0
  B:00D8H.1       PUBLIC        CCF1
  -------         PROC          EXPORT_DRIVE_VALUES
BL51 BANKED LINKER/LOCATER V4.02                                                      11/09/2019  12:06:31  PAGE 13


  C:1EC3H         LINE#         24
  C:1EC3H         LINE#         25
  C:1EC3H         LINE#         26
  C:1EC9H         LINE#         27
  -------         ENDPROC       EXPORT_DRIVE_VALUES
  -------         PROC          _PRINT_DIRECTORY
  D:0000H         SYMBOL        Sector_num
  D:0004H         SYMBOL        array_in
  -------         DO            array_in
  D:0006H         SYMBOL        Sector
  D:000AH         SYMBOL        max_sectors
  D:000EH         SYMBOL        i
  D:0010H         SYMBOL        entries
  D:0012H         SYMBOL        temp8
  D:0013H         SYMBOL        j
  D:0014H         SYMBOL        attr
  D:0015H         SYMBOL        out_val
  D:0016H         SYMBOL        error_flag
  D:0017H         SYMBOL        values
  -------         ENDDO         values
  C:129EH         LINE#         40
  C:12A6H         LINE#         41
  C:12A6H         LINE#         48
  C:12AFH         LINE#         49
  C:12B4H         LINE#         50
  C:12B8H         LINE#         51
  C:12BEH         LINE#         52
  C:12BEH         LINE#         53
  C:12CBH         LINE#         54
  C:12CDH         LINE#         56
  C:12CDH         LINE#         57
  C:12DAH         LINE#         58
  C:12DAH         LINE#         59
  C:12E6H         LINE#         60
  C:1305H         LINE#         61
  C:130CH         LINE#         62
  C:130CH         LINE#         64
  C:130CH         LINE#         65
  C:131BH         LINE#         66
  C:132BH         LINE#         67
  C:132BH         LINE#         68
  C:133FH         LINE#         69
  C:1348H         LINE#         70
  C:1348H         LINE#         71
  C:1350H         LINE#         72
  C:135EH         LINE#         73
  C:1361H         LINE#         74
  C:1361H         LINE#         75
  C:1377H         LINE#         76
  C:137AH         LINE#         77
  C:1383H         LINE#         78
  C:1388H         LINE#         79
  C:1388H         LINE#         80
  C:138BH         LINE#         81
  C:138BH         LINE#         82
  C:13A1H         LINE#         83
  C:13A4H         LINE#         84
BL51 BANKED LINKER/LOCATER V4.02                                                      11/09/2019  12:06:31  PAGE 14


  C:13ADH         LINE#         85
  C:13B6H         LINE#         86
  C:13B8H         LINE#         88
  C:13B8H         LINE#         89
  C:13BDH         LINE#         90
  C:13C0H         LINE#         91
  C:13C0H         LINE#         92
  C:13D6H         LINE#         93
  C:13D9H         LINE#         94
  C:13E2H         LINE#         95
  C:13E7H         LINE#         96
  C:13ECH         LINE#         97
  C:13ECH         LINE#         98
  C:13ECH         LINE#         99
  C:13ECH         LINE#         100
  C:13F7H         LINE#         101
  C:1402H         LINE#         102
  C:1402H         LINE#         103
  C:1417H         LINE#         104
  C:143AH         LINE#         105
  C:143AH         LINE#         106
  C:1459H         LINE#         107
  C:145DH         LINE#         108
  C:145DH         LINE#         109
  C:1462H         LINE#         110
  C:1464H         LINE#         111
  C:1464H         LINE#         112
  C:1469H         LINE#         113
  C:146BH         LINE#         115
  C:146BH         LINE#         116
  C:146EH         LINE#         117
  C:1471H         LINE#         118
  C:1471H         LINE#         119
  C:1471H         LINE#         121
  C:1478H         LINE#         122
  C:147AH         LINE#         124
  C:147AH         LINE#         125
  C:147FH         LINE#         126
  C:147FH         LINE#         127
  C:1483H         LINE#         128
  -------         ENDPROC       _PRINT_DIRECTORY
  -------         PROC          _READ_DIR_ENTRY
  D:0000H         SYMBOL        Sector_num
  D:0004H         SYMBOL        Entry
  D:0006H         SYMBOL        array_in
  -------         DO            array_in
  D:0008H         SYMBOL        Sector
  D:000CH         SYMBOL        max_sectors
  D:0010H         SYMBOL        return_clus
  D:0014H         SYMBOL        i
  D:0016H         SYMBOL        entries
  D:0018H         SYMBOL        temp8
  D:0019H         SYMBOL        attr
  D:001AH         SYMBOL        error_flag
  D:001BH         SYMBOL        values
  -------         ENDDO         values
  C:09EAH         LINE#         141
BL51 BANKED LINKER/LOCATER V4.02                                                      11/09/2019  12:06:31  PAGE 15


  C:09F2H         LINE#         142
  C:09F2H         LINE#         148
  C:09FBH         LINE#         149
  C:0A00H         LINE#         150
  C:0A04H         LINE#         151
  C:0A0CH         LINE#         152
  C:0A12H         LINE#         153
  C:0A12H         LINE#         154
  C:0A1FH         LINE#         155
  C:0A21H         LINE#         157
  C:0A21H         LINE#         158
  C:0A2EH         LINE#         159
  C:0A2EH         LINE#         160
  C:0A3AH         LINE#         161
  C:0A59H         LINE#         162
  C:0A60H         LINE#         163
  C:0A60H         LINE#         165
  C:0A60H         LINE#         166
  C:0A6FH         LINE#         167
  C:0A7FH         LINE#         168
  C:0A7FH         LINE#         169
  C:0A93H         LINE#         170
  C:0A9CH         LINE#         171
  C:0A9CH         LINE#         172
  C:0AA4H         LINE#         173
  C:0AB1H         LINE#         174
  C:0AB1H         LINE#         175
  C:0AB8H         LINE#         176
  C:0AB8H         LINE#         177
  C:0AD3H         LINE#         178
  C:0AE6H         LINE#         179
  C:0B0AH         LINE#         180
  C:0B1EH         LINE#         181
  C:0B1EH         LINE#         182
  C:0B42H         LINE#         183
  C:0B56H         LINE#         184
  C:0B7AH         LINE#         185
  C:0B8EH         LINE#         186
  C:0BA5H         LINE#         187
  C:0BA8H         LINE#         188
  C:0BA8H         LINE#         190
  C:0BA8H         LINE#         191
  C:0BA8H         LINE#         192
  C:0BB3H         LINE#         193
  C:0BBEH         LINE#         194
  C:0BBEH         LINE#         195
  C:0BD3H         LINE#         196
  C:0BF6H         LINE#         197
  C:0BF6H         LINE#         198
  C:0C15H         LINE#         199
  C:0C19H         LINE#         200
  C:0C19H         LINE#         201
  C:0C23H         LINE#         202
  C:0C25H         LINE#         203
  C:0C25H         LINE#         204
  C:0C2AH         LINE#         205
  C:0C2CH         LINE#         207
BL51 BANKED LINKER/LOCATER V4.02                                                      11/09/2019  12:06:31  PAGE 16


  C:0C2CH         LINE#         208
  C:0C2FH         LINE#         209
  C:0C2FH         LINE#         210
  C:0C2FH         LINE#         212
  C:0C36H         LINE#         213
  C:0C38H         LINE#         215
  C:0C38H         LINE#         216
  C:0C42H         LINE#         217
  C:0C42H         LINE#         218
  C:0C5EH         LINE#         219
  C:0C66H         LINE#         220
  -------         ENDPROC       _READ_DIR_ENTRY
  -------         ENDMOD        DIRECTORY_FUNCTIONS_STRUCT

  -------         MODULE        LCD_HARDWARE_FUNCTIONS
  C:0000H         SYMBOL        _ICE_DUMMY_
  B:00D8H.2       PUBLIC        CCF2
  B:00D8H.3       PUBLIC        CCF3
  D:0080H         PUBLIC        P0
  B:00D8H.4       PUBLIC        CCF4
  D:0090H         PUBLIC        P1
  D:00A0H         PUBLIC        P2
  D:00B0H         PUBLIC        P3
  B:00B0H.4       PUBLIC        T0
  B:00D0H.6       PUBLIC        AC
  B:00B0H.5       PUBLIC        T1
  B:00B0H.7       PUBLIC        nRD
  B:0090H.0       PUBLIC        T2
  B:00A8H.7       PUBLIC        EA
  B:00A8H.6       PUBLIC        EC
  B:00D8H.7       PUBLIC        CF
  B:00B0H.2       PUBLIC        nINT0
  B:0098H.7       PUBLIC        FE
  B:00B0H.3       PUBLIC        nINT1
  D:00A8H         PUBLIC        IEN0
  B:00B0H.0       PUBLIC        RxD
  B:0090H.0       PUBLIC        P1_0
  B:00B0H.1       PUBLIC        TxD
  B:0090H.3       PUBLIC        CEX0
  B:0090H.1       PUBLIC        P1_1
  B:0090H.4       PUBLIC        CEX1
  B:0090H.2       PUBLIC        P1_2
  B:00C8H.0       PUBLIC        CP
  B:0090H.3       PUBLIC        P1_3
  B:00B0H.2       PUBLIC        P3_2
  B:00D8H.6       PUBLIC        CR
  B:00B0H.3       PUBLIC        P3_3
  B:00C8H.6       PUBLIC        EXF2
  D:00B8H         PUBLIC        IPL0
  B:00B0H.4       PUBLIC        P3_4
  B:00B0H.5       PUBLIC        P3_5
  B:00B0H.6       PUBLIC        nWR
  B:00A8H.4       PUBLIC        ES
  B:0098H.0       PUBLIC        RI
  B:00D0H.7       PUBLIC        CY
  B:0098H.1       PUBLIC        TI
  B:00B8H.1       PUBLIC        PT0L
BL51 BANKED LINKER/LOCATER V4.02                                                      11/09/2019  12:06:31  PAGE 17


  C:1DDCH         PUBLIC        _LCD_Write
  B:00B8H.3       PUBLIC        PT1L
  B:00B8H.5       PUBLIC        PT2L
  B:0090H.1       PUBLIC        T2EX
  D:00D8H         PUBLIC        CCON
  B:00B0H.6       PUBLIC        RS
  B:00B8H.0       PUBLIC        PX0L
  B:00D0H.2       PUBLIC        OV
  B:0090H.1       PUBLIC        SS
  B:00B8H.2       PUBLIC        PX1L
  B:00C8H.5       PUBLIC        RCLK
  B:00C8H.4       PUBLIC        TCLK
  B:00B8H.6       PUBLIC        PPCL
  B:00A0H.4       PUBLIC        REDLED
  D:0098H         PUBLIC        SCON
  B:00A0H.6       PUBLIC        YELLOWLED
  B:0090H.4       PUBLIC        nCS0
  B:0080H.0       PUBLIC        AD0
  D:0088H         PUBLIC        TCON
  B:0080H.1       PUBLIC        AD1
  B:0080H.2       PUBLIC        AD2
  B:00B0H.1       PUBLIC        per_RxD
  B:00C8H.1       PUBLIC        CnT2
  B:0080H.3       PUBLIC        AD3
  B:0090H.5       PUBLIC        MISO
  B:0090H.7       PUBLIC        MOSI
  B:0080H.4       PUBLIC        AD4
  B:00B0H.0       PUBLIC        per_TxD
  B:0080H.5       PUBLIC        AD5
  B:0080H.6       PUBLIC        AD6
  B:0080H.7       PUBLIC        AD7
  B:00A0H.0       PUBLIC        AD8
  B:00A0H.1       PUBLIC        AD9
  B:0088H.1       PUBLIC        IE0
  B:00A0H.7       PUBLIC        AMBERLED
  B:0088H.3       PUBLIC        IE1
  B:00B0H.7       PUBLIC        E
  B:00A0H.5       PUBLIC        GREENLED
  B:00A8H.1       PUBLIC        ET0
  B:00A8H.3       PUBLIC        ET1
  B:0088H.5       PUBLIC        TF0
  B:00A8H.5       PUBLIC        ET2
  B:0088H.7       PUBLIC        TF1
  B:00C8H.7       PUBLIC        TF2
  B:0098H.2       PUBLIC        RB8
  B:00A8H.0       PUBLIC        EX0
  B:0088H.0       PUBLIC        IT0
  B:0098H.3       PUBLIC        TB8
  B:00A8H.2       PUBLIC        EX1
  B:0088H.2       PUBLIC        IT1
  B:00D0H.0       PUBLIC        P
  B:0098H.7       PUBLIC        SM0
  B:0090H.2       PUBLIC        ECI
  B:0098H.6       PUBLIC        SM1
  B:0098H.5       PUBLIC        SM2
  B:00D0H.3       PUBLIC        RS0
  B:0088H.4       PUBLIC        TR0
BL51 BANKED LINKER/LOCATER V4.02                                                      11/09/2019  12:06:31  PAGE 18


  B:00D0H.4       PUBLIC        RS1
  B:0090H.6       PUBLIC        per_SCLK
  B:0088H.6       PUBLIC        TR1
  B:00C8H.2       PUBLIC        TR2
  B:00A0H.0       PUBLIC        SW1
  B:00A0H.1       PUBLIC        SW2
  B:00A0H.2       PUBLIC        SW3
  B:00A0H.3       PUBLIC        SW4
  B:0090H.6       PUBLIC        SCK
  B:0090H.7       PUBLIC        per_MOSI
  B:0090H.5       PUBLIC        per_MISO
  B:00C8H.3       PUBLIC        EXEN2
  B:0098H.4       PUBLIC        REN
  B:00A0H.2       PUBLIC        AD10
  B:00A0H.3       PUBLIC        AD11
  D:00C8H         PUBLIC        T2CON
  B:00A0H.4       PUBLIC        AD12
  B:00A0H.5       PUBLIC        AD13
  B:00A0H.6       PUBLIC        AD14
  B:00A0H.7       PUBLIC        AD15
  B:00B8H.4       PUBLIC        PLS
  B:00D0H.5       PUBLIC        F0
  B:00D0H.1       PUBLIC        F1
  D:00D0H         PUBLIC        PSW
  B:00D8H.0       PUBLIC        CCF0
  B:00D8H.1       PUBLIC        CCF1
  -------         PROC          _LCD_WRITE
  D:0007H         SYMBOL        RegSelect
  D:0030H         SYMBOL        LCD_Data
  C:1DDCH         LINE#         14
  C:1DDEH         LINE#         15
  C:1DDEH         LINE#         16
  C:1DE1H         LINE#         17
  C:1DE1H         LINE#         18
  C:1DE6H         LINE#         19
  C:1DE8H         LINE#         21
  C:1DE8H         LINE#         22
  C:1DEDH         LINE#         23
  C:1DEDH         LINE#         24
  C:1DF2H         LINE#         25
  C:1DF7H         LINE#         26
  C:1DFCH         LINE#         27
  C:1E01H         LINE#         28
  -------         ENDPROC       _LCD_WRITE
  -------         ENDMOD        LCD_HARDWARE_FUNCTIONS

  -------         MODULE        LCD_ROUTINES
  C:0000H         SYMBOL        _ICE_DUMMY_
  B:00D8H.2       PUBLIC        CCF2
  B:00D8H.3       PUBLIC        CCF3
  D:0080H         PUBLIC        P0
  B:00D8H.4       PUBLIC        CCF4
  D:0090H         PUBLIC        P1
  D:00A0H         PUBLIC        P2
  D:00B0H         PUBLIC        P3
  B:00B0H.4       PUBLIC        T0
  B:00D0H.6       PUBLIC        AC
BL51 BANKED LINKER/LOCATER V4.02                                                      11/09/2019  12:06:31  PAGE 19


  B:00B0H.5       PUBLIC        T1
  B:00B0H.7       PUBLIC        nRD
  B:0090H.0       PUBLIC        T2
  B:00A8H.7       PUBLIC        EA
  B:00A8H.6       PUBLIC        EC
  B:00D8H.7       PUBLIC        CF
  B:00B0H.2       PUBLIC        nINT0
  B:0098H.7       PUBLIC        FE
  B:00B0H.3       PUBLIC        nINT1
  D:00A8H         PUBLIC        IEN0
  B:00B0H.0       PUBLIC        RxD
  B:00B0H.1       PUBLIC        TxD
  B:0090H.3       PUBLIC        CEX0
  B:0090H.4       PUBLIC        CEX1
  B:00C8H.0       PUBLIC        CP
  B:00D8H.6       PUBLIC        CR
  B:00C8H.6       PUBLIC        EXF2
  D:00B8H         PUBLIC        IPL0
  B:00B0H.6       PUBLIC        nWR
  B:00A8H.4       PUBLIC        ES
  B:0098H.0       PUBLIC        RI
  B:00D0H.7       PUBLIC        CY
  B:0098H.1       PUBLIC        TI
  B:00B8H.1       PUBLIC        PT0L
  B:00B8H.3       PUBLIC        PT1L
  B:00B8H.5       PUBLIC        PT2L
  B:0090H.1       PUBLIC        T2EX
  D:00D8H         PUBLIC        CCON
  B:00B8H.0       PUBLIC        PX0L
  B:00D0H.2       PUBLIC        OV
  B:0090H.1       PUBLIC        SS
  B:00B8H.2       PUBLIC        PX1L
  B:00C8H.5       PUBLIC        RCLK
  B:00C8H.4       PUBLIC        TCLK
  B:00B8H.6       PUBLIC        PPCL
  D:0098H         PUBLIC        SCON
  B:0080H.0       PUBLIC        AD0
  D:0088H         PUBLIC        TCON
  B:0080H.1       PUBLIC        AD1
  B:0080H.2       PUBLIC        AD2
  B:00C8H.1       PUBLIC        CnT2
  B:0080H.3       PUBLIC        AD3
  B:0090H.5       PUBLIC        MISO
  B:0090H.7       PUBLIC        MOSI
  B:0080H.4       PUBLIC        AD4
  B:0080H.5       PUBLIC        AD5
  B:0080H.6       PUBLIC        AD6
  B:0080H.7       PUBLIC        AD7
  B:00A0H.0       PUBLIC        AD8
  B:00A0H.1       PUBLIC        AD9
  B:0088H.1       PUBLIC        IE0
  B:0088H.3       PUBLIC        IE1
  C:1AD9H         PUBLIC        _LCD_print
  B:00A8H.1       PUBLIC        ET0
  C:1D3CH         PUBLIC        LCD_Init
  B:00A8H.3       PUBLIC        ET1
  B:0088H.5       PUBLIC        TF0
BL51 BANKED LINKER/LOCATER V4.02                                                      11/09/2019  12:06:31  PAGE 20


  B:00A8H.5       PUBLIC        ET2
  B:0088H.7       PUBLIC        TF1
  B:00C8H.7       PUBLIC        TF2
  B:0098H.2       PUBLIC        RB8
  B:00A8H.0       PUBLIC        EX0
  B:0088H.0       PUBLIC        IT0
  B:0098H.3       PUBLIC        TB8
  B:00A8H.2       PUBLIC        EX1
  B:0088H.2       PUBLIC        IT1
  B:00D0H.0       PUBLIC        P
  B:0098H.7       PUBLIC        SM0
  B:0090H.2       PUBLIC        ECI
  B:0098H.6       PUBLIC        SM1
  B:0098H.5       PUBLIC        SM2
  B:00D0H.3       PUBLIC        RS0
  B:0088H.4       PUBLIC        TR0
  B:00D0H.4       PUBLIC        RS1
  B:0088H.6       PUBLIC        TR1
  B:00C8H.2       PUBLIC        TR2
  B:0090H.6       PUBLIC        SCK
  B:00C8H.3       PUBLIC        EXEN2
  B:0098H.4       PUBLIC        REN
  B:00A0H.2       PUBLIC        AD10
  B:00A0H.3       PUBLIC        AD11
  D:00C8H         PUBLIC        T2CON
  B:00A0H.4       PUBLIC        AD12
  B:00A0H.5       PUBLIC        AD13
  B:00A0H.6       PUBLIC        AD14
  B:00A0H.7       PUBLIC        AD15
  B:00B8H.4       PUBLIC        PLS
  B:00D0H.5       PUBLIC        F0
  B:00D0H.1       PUBLIC        F1
  D:00D0H         PUBLIC        PSW
  B:00D8H.0       PUBLIC        CCF0
  B:00D8H.1       PUBLIC        CCF1
  -------         PROC          LCD_INIT
  C:1D3CH         LINE#         14
  C:1D3CH         LINE#         15
  C:1D3CH         LINE#         16
  C:1D43H         LINE#         17
  C:1D4AH         LINE#         18
  C:1D51H         LINE#         19
  C:1D58H         LINE#         20
  C:1D5FH         LINE#         21
  C:1D66H         LINE#         22
  C:1D6DH         LINE#         23
  -------         ENDPROC       LCD_INIT
  -------         PROC          _LCD_PRINT
  D:0007H         SYMBOL        address
  D:002AH         SYMBOL        num_bytes
  D:002BH         SYMBOL        array_name_p
  -------         DO            array_name_p
  D:002EH         SYMBOL        index
  D:002FH         SYMBOL        character
  -------         ENDDO         character
  C:1AD9H         LINE#         28
  C:1AE1H         LINE#         29
BL51 BANKED LINKER/LOCATER V4.02                                                      11/09/2019  12:06:31  PAGE 21


  C:1AE1H         LINE#         31
  C:1AE5H         LINE#         32
  C:1AE5H         LINE#         33
  C:1AEEH         LINE#         34
  C:1AF5H         LINE#         35
  C:1AF5H         LINE#         36
  C:1AF9H         LINE#         37
  C:1AF9H         LINE#         38
  C:1AFBH         LINE#         39
  C:1B0BH         LINE#         40
  C:1B0FH         LINE#         41
  C:1B0FH         LINE#         42
  C:1B15H         LINE#         43
  C:1B1CH         LINE#         44
  C:1B1EH         LINE#         45
  C:1B2FH         LINE#         46
  C:1B31H         LINE#         47
  C:1B31H         LINE#         49
  C:1B31H         LINE#         50
  C:1B3BH         LINE#         51
  C:1B3BH         LINE#         52
  C:1B4CH         LINE#         53
  C:1B52H         LINE#         54
  C:1B59H         LINE#         55
  C:1B5DH         LINE#         56
  C:1B5DH         LINE#         57
  -------         ENDPROC       _LCD_PRINT
  -------         ENDMOD        LCD_ROUTINES

  -------         MODULE        LED_CONTROL
  C:0000H         SYMBOL        _ICE_DUMMY_
  B:00D8H.2       PUBLIC        CCF2
  B:00D8H.3       PUBLIC        CCF3
  D:0080H         PUBLIC        P0
  B:00D8H.4       PUBLIC        CCF4
  D:0090H         PUBLIC        P1
  D:00A0H         PUBLIC        P2
  D:00B0H         PUBLIC        P3
  B:00B0H.4       PUBLIC        T0
  B:00D0H.6       PUBLIC        AC
  B:00B0H.5       PUBLIC        T1
  B:00B0H.7       PUBLIC        nRD
  B:0090H.0       PUBLIC        T2
  B:00A8H.7       PUBLIC        EA
  C:1ECAH         PUBLIC        _LEDS_ON
  B:00A8H.6       PUBLIC        EC
  B:00D8H.7       PUBLIC        CF
  B:00B0H.2       PUBLIC        nINT0
  B:0098H.7       PUBLIC        FE
  B:00B0H.3       PUBLIC        nINT1
  D:00A8H         PUBLIC        IEN0
  B:00B0H.0       PUBLIC        RxD
  B:0090H.0       PUBLIC        P1_0
  B:00B0H.1       PUBLIC        TxD
  B:0090H.3       PUBLIC        CEX0
  B:0090H.1       PUBLIC        P1_1
  B:0090H.4       PUBLIC        CEX1
BL51 BANKED LINKER/LOCATER V4.02                                                      11/09/2019  12:06:31  PAGE 22


  B:0090H.2       PUBLIC        P1_2
  B:00C8H.0       PUBLIC        CP
  B:0090H.3       PUBLIC        P1_3
  B:00B0H.2       PUBLIC        P3_2
  B:00D8H.6       PUBLIC        CR
  B:00B0H.3       PUBLIC        P3_3
  B:00C8H.6       PUBLIC        EXF2
  D:00B8H         PUBLIC        IPL0
  B:00B0H.4       PUBLIC        P3_4
  B:00B0H.5       PUBLIC        P3_5
  B:00B0H.6       PUBLIC        nWR
  B:00A8H.4       PUBLIC        ES
  B:0098H.0       PUBLIC        RI
  B:00D0H.7       PUBLIC        CY
  B:0098H.1       PUBLIC        TI
  B:00B8H.1       PUBLIC        PT0L
  B:00B8H.3       PUBLIC        PT1L
  B:00B8H.5       PUBLIC        PT2L
  B:0090H.1       PUBLIC        T2EX
  D:00D8H         PUBLIC        CCON
  B:00B0H.6       PUBLIC        RS
  B:00B8H.0       PUBLIC        PX0L
  B:00D0H.2       PUBLIC        OV
  B:0090H.1       PUBLIC        SS
  B:00B8H.2       PUBLIC        PX1L
  B:00C8H.5       PUBLIC        RCLK
  B:00C8H.4       PUBLIC        TCLK
  B:00B8H.6       PUBLIC        PPCL
  B:00A0H.4       PUBLIC        REDLED
  D:0098H         PUBLIC        SCON
  B:00A0H.6       PUBLIC        YELLOWLED
  B:0090H.4       PUBLIC        nCS0
  B:0080H.0       PUBLIC        AD0
  D:0088H         PUBLIC        TCON
  B:0080H.1       PUBLIC        AD1
  B:0080H.2       PUBLIC        AD2
  B:00B0H.1       PUBLIC        per_RxD
  B:00C8H.1       PUBLIC        CnT2
  B:0080H.3       PUBLIC        AD3
  B:0090H.5       PUBLIC        MISO
  B:0090H.7       PUBLIC        MOSI
  B:0080H.4       PUBLIC        AD4
  B:00B0H.0       PUBLIC        per_TxD
  B:0080H.5       PUBLIC        AD5
  B:0080H.6       PUBLIC        AD6
  B:0080H.7       PUBLIC        AD7
  B:00A0H.0       PUBLIC        AD8
  B:00A0H.1       PUBLIC        AD9
  B:0088H.1       PUBLIC        IE0
  B:00A0H.7       PUBLIC        AMBERLED
  B:0088H.3       PUBLIC        IE1
  B:00B0H.7       PUBLIC        E
  C:1EDEH         PUBLIC        _LEDS_OFF
  B:00A0H.5       PUBLIC        GREENLED
  B:00A8H.1       PUBLIC        ET0
  B:00A8H.3       PUBLIC        ET1
  B:0088H.5       PUBLIC        TF0
BL51 BANKED LINKER/LOCATER V4.02                                                      11/09/2019  12:06:31  PAGE 23


  B:00A8H.5       PUBLIC        ET2
  B:0088H.7       PUBLIC        TF1
  B:00C8H.7       PUBLIC        TF2
  B:0098H.2       PUBLIC        RB8
  B:00A8H.0       PUBLIC        EX0
  B:0088H.0       PUBLIC        IT0
  B:0098H.3       PUBLIC        TB8
  B:00A8H.2       PUBLIC        EX1
  B:0088H.2       PUBLIC        IT1
  B:00D0H.0       PUBLIC        P
  B:0098H.7       PUBLIC        SM0
  B:0090H.2       PUBLIC        ECI
  B:0098H.6       PUBLIC        SM1
  B:0098H.5       PUBLIC        SM2
  B:00D0H.3       PUBLIC        RS0
  B:0088H.4       PUBLIC        TR0
  B:00D0H.4       PUBLIC        RS1
  B:0090H.6       PUBLIC        per_SCLK
  B:0088H.6       PUBLIC        TR1
  B:00C8H.2       PUBLIC        TR2
  B:00A0H.0       PUBLIC        SW1
  B:00A0H.1       PUBLIC        SW2
  B:00A0H.2       PUBLIC        SW3
  B:00A0H.3       PUBLIC        SW4
  B:0090H.6       PUBLIC        SCK
  B:0090H.7       PUBLIC        per_MOSI
  B:0090H.5       PUBLIC        per_MISO
  B:00C8H.3       PUBLIC        EXEN2
  B:0098H.4       PUBLIC        REN
  B:00A0H.2       PUBLIC        AD10
  B:00A0H.3       PUBLIC        AD11
  D:00C8H         PUBLIC        T2CON
  B:00A0H.4       PUBLIC        AD12
  B:00A0H.5       PUBLIC        AD13
  B:00A0H.6       PUBLIC        AD14
  B:00A0H.7       PUBLIC        AD15
  B:00B8H.4       PUBLIC        PLS
  B:00D0H.5       PUBLIC        F0
  B:00D0H.1       PUBLIC        F1
  D:00D0H         PUBLIC        PSW
  B:00D8H.0       PUBLIC        CCF0
  B:00D8H.1       PUBLIC        CCF1
  -------         PROC          _LEDS_ON
  D:0007H         SYMBOL        LED_mask
  C:1ECAH         LINE#         13
  C:1ECAH         LINE#         14
  C:1ECAH         LINE#         15
  C:1ECEH         LINE#         16
  -------         ENDPROC       _LEDS_ON
  -------         PROC          _LEDS_OFF
  D:0007H         SYMBOL        LED_mask
  C:1EDEH         LINE#         26
  C:1EDEH         LINE#         27
  C:1EDEH         LINE#         28
  C:1EE1H         LINE#         29
  -------         ENDPROC       _LEDS_OFF
  -------         ENDMOD        LED_CONTROL
BL51 BANKED LINKER/LOCATER V4.02                                                      11/09/2019  12:06:31  PAGE 24



  -------         MODULE        LONG_SERIAL_IN
  C:0000H         SYMBOL        _ICE_DUMMY_
  B:00D8H.2       PUBLIC        CCF2
  B:00D8H.3       PUBLIC        CCF3
  D:0080H         PUBLIC        P0
  B:00D8H.4       PUBLIC        CCF4
  D:0090H         PUBLIC        P1
  D:00A0H         PUBLIC        P2
  D:00B0H         PUBLIC        P3
  B:00B0H.4       PUBLIC        T0
  B:00D0H.6       PUBLIC        AC
  B:00B0H.5       PUBLIC        T1
  B:00B0H.7       PUBLIC        nRD
  B:0090H.0       PUBLIC        T2
  B:00A8H.7       PUBLIC        EA
  B:00A8H.6       PUBLIC        EC
  B:00D8H.7       PUBLIC        CF
  B:00B0H.2       PUBLIC        nINT0
  B:0098H.7       PUBLIC        FE
  B:00B0H.3       PUBLIC        nINT1
  D:00A8H         PUBLIC        IEN0
  B:00B0H.0       PUBLIC        RxD
  B:00B0H.1       PUBLIC        TxD
  B:0090H.3       PUBLIC        CEX0
  B:0090H.4       PUBLIC        CEX1
  B:00C8H.0       PUBLIC        CP
  B:00D8H.6       PUBLIC        CR
  B:00C8H.6       PUBLIC        EXF2
  D:00B8H         PUBLIC        IPL0
  B:00B0H.6       PUBLIC        nWR
  B:00A8H.4       PUBLIC        ES
  B:0098H.0       PUBLIC        RI
  B:00D0H.7       PUBLIC        CY
  B:0098H.1       PUBLIC        TI
  B:00B8H.1       PUBLIC        PT0L
  B:00B8H.3       PUBLIC        PT1L
  B:00B8H.5       PUBLIC        PT2L
  B:0090H.1       PUBLIC        T2EX
  D:00D8H         PUBLIC        CCON
  B:00B8H.0       PUBLIC        PX0L
  B:00D0H.2       PUBLIC        OV
  B:0090H.1       PUBLIC        SS
  B:00B8H.2       PUBLIC        PX1L
  C:18E3H         PUBLIC        long_serial_input
  B:00C8H.5       PUBLIC        RCLK
  B:00C8H.4       PUBLIC        TCLK
  B:00B8H.6       PUBLIC        PPCL
  D:0098H         PUBLIC        SCON
  B:0080H.0       PUBLIC        AD0
  D:0088H         PUBLIC        TCON
  B:0080H.1       PUBLIC        AD1
  B:0080H.2       PUBLIC        AD2
  B:00C8H.1       PUBLIC        CnT2
  B:0080H.3       PUBLIC        AD3
  B:0090H.5       PUBLIC        MISO
  B:0090H.7       PUBLIC        MOSI
BL51 BANKED LINKER/LOCATER V4.02                                                      11/09/2019  12:06:31  PAGE 25


  B:0080H.4       PUBLIC        AD4
  B:0080H.5       PUBLIC        AD5
  B:0080H.6       PUBLIC        AD6
  B:0080H.7       PUBLIC        AD7
  B:00A0H.0       PUBLIC        AD8
  B:00A0H.1       PUBLIC        AD9
  B:0088H.1       PUBLIC        IE0
  B:0088H.3       PUBLIC        IE1
  B:00A8H.1       PUBLIC        ET0
  B:00A8H.3       PUBLIC        ET1
  B:0088H.5       PUBLIC        TF0
  B:00A8H.5       PUBLIC        ET2
  B:0088H.7       PUBLIC        TF1
  B:00C8H.7       PUBLIC        TF2
  B:0098H.2       PUBLIC        RB8
  B:00A8H.0       PUBLIC        EX0
  B:0088H.0       PUBLIC        IT0
  B:0098H.3       PUBLIC        TB8
  B:00A8H.2       PUBLIC        EX1
  B:0088H.2       PUBLIC        IT1
  B:00D0H.0       PUBLIC        P
  B:0098H.7       PUBLIC        SM0
  B:0090H.2       PUBLIC        ECI
  B:0098H.6       PUBLIC        SM1
  B:0098H.5       PUBLIC        SM2
  B:00D0H.3       PUBLIC        RS0
  B:0088H.4       PUBLIC        TR0
  B:00D0H.4       PUBLIC        RS1
  B:0088H.6       PUBLIC        TR1
  B:00C8H.2       PUBLIC        TR2
  B:0090H.6       PUBLIC        SCK
  B:00C8H.3       PUBLIC        EXEN2
  B:0098H.4       PUBLIC        REN
  B:00A0H.2       PUBLIC        AD10
  B:00A0H.3       PUBLIC        AD11
  D:00C8H         PUBLIC        T2CON
  B:00A0H.4       PUBLIC        AD12
  B:00A0H.5       PUBLIC        AD13
  B:00A0H.6       PUBLIC        AD14
  B:00A0H.7       PUBLIC        AD15
  B:00B8H.4       PUBLIC        PLS
  B:00D0H.5       PUBLIC        F0
  B:00D0H.1       PUBLIC        F1
  D:00D0H         PUBLIC        PSW
  B:00D8H.0       PUBLIC        CCF0
  B:00D8H.1       PUBLIC        CCF1
  -------         PROC          LONG_SERIAL_INPUT
  -------         DO            LONG_SERIAL_INPUT
  D:002AH         SYMBOL        index
  D:002BH         SYMBOL        input
  D:002CH         SYMBOL        input_values
  D:0037H         SYMBOL        output_value
  -------         ENDDO         output_value
  C:18E3H         LINE#         16
  C:18E3H         LINE#         17
  C:18E3H         LINE#         20
  C:18E6H         LINE#         21
BL51 BANKED LINKER/LOCATER V4.02                                                      11/09/2019  12:06:31  PAGE 26


  C:18E6H         LINE#         22
  C:18EDH         LINE#         23
  C:18F4H         LINE#         24
  C:18FEH         LINE#         25
  C:1901H         LINE#         27
  C:1901H         LINE#         28
  C:1906H         LINE#         29
  C:1914H         LINE#         30
  C:1914H         LINE#         31
  C:191BH         LINE#         32
  C:191DH         LINE#         33
  C:1922H         LINE#         34
  C:1924H         LINE#         35
  C:192FH         LINE#         36
  C:192FH         LINE#         37
  C:1931H         LINE#         38
  C:1938H         LINE#         39
  C:193DH         LINE#         40
  C:1942H         LINE#         41
  C:1947H         LINE#         42
  C:1949H         LINE#         43
  C:1954H         LINE#         44
  C:1954H         LINE#         45
  C:1965H         LINE#         46
  C:196AH         LINE#         47
  C:196FH         LINE#         48
  C:1971H         LINE#         50
  C:1971H         LINE#         51
  C:1974H         LINE#         52
  C:1974H         LINE#         53
  C:1979H         LINE#         54
  C:1979H         LINE#         55
  C:198AH         LINE#         56
  C:198FH         LINE#         57
  C:1994H         LINE#         58
  C:1994H         LINE#         59
  C:19ABH         LINE#         61
  C:19B3H         LINE#         62
  -------         ENDPROC       LONG_SERIAL_INPUT
  -------         ENDMOD        LONG_SERIAL_IN

  -------         MODULE        OUTPUTS
  C:0000H         SYMBOL        _ICE_DUMMY_
  B:00D8H.2       PUBLIC        CCF2
  B:00D8H.3       PUBLIC        CCF3
  D:0080H         PUBLIC        P0
  B:00D8H.4       PUBLIC        CCF4
  D:0090H         PUBLIC        P1
  D:00A0H         PUBLIC        P2
  D:00B0H         PUBLIC        P3
  B:00B0H.4       PUBLIC        T0
  B:00D0H.6       PUBLIC        AC
  B:00B0H.5       PUBLIC        T1
  B:00B0H.7       PUBLIC        nRD
  B:0090H.0       PUBLIC        T2
  B:00A8H.7       PUBLIC        EA
  B:00A8H.6       PUBLIC        EC
BL51 BANKED LINKER/LOCATER V4.02                                                      11/09/2019  12:06:31  PAGE 27


  B:00D8H.7       PUBLIC        CF
  C:1EEEH         PUBLIC        _P0_output_bits
  B:00B0H.2       PUBLIC        nINT0
  B:0098H.7       PUBLIC        FE
  B:00B0H.3       PUBLIC        nINT1
  D:00A8H         PUBLIC        IEN0
  B:00B0H.0       PUBLIC        RxD
  B:0090H.0       PUBLIC        P1_0
  B:00B0H.1       PUBLIC        TxD
  B:0090H.3       PUBLIC        CEX0
  B:0090H.1       PUBLIC        P1_1
  B:0090H.4       PUBLIC        CEX1
  B:0090H.2       PUBLIC        P1_2
  B:00C8H.0       PUBLIC        CP
  B:0090H.3       PUBLIC        P1_3
  B:00B0H.2       PUBLIC        P3_2
  B:00D8H.6       PUBLIC        CR
  B:00B0H.3       PUBLIC        P3_3
  B:00C8H.6       PUBLIC        EXF2
  D:00B8H         PUBLIC        IPL0
  B:00B0H.4       PUBLIC        P3_4
  B:00B0H.5       PUBLIC        P3_5
  B:00B0H.6       PUBLIC        nWR
  B:00A8H.4       PUBLIC        ES
  B:0098H.0       PUBLIC        RI
  B:00D0H.7       PUBLIC        CY
  B:0098H.1       PUBLIC        TI
  B:00B8H.1       PUBLIC        PT0L
  B:00B8H.3       PUBLIC        PT1L
  B:00B8H.5       PUBLIC        PT2L
  B:0090H.1       PUBLIC        T2EX
  D:00D8H         PUBLIC        CCON
  B:00B0H.6       PUBLIC        RS
  B:00B8H.0       PUBLIC        PX0L
  B:00D0H.2       PUBLIC        OV
  B:0090H.1       PUBLIC        SS
  B:00B8H.2       PUBLIC        PX1L
  B:00C8H.5       PUBLIC        RCLK
  B:00C8H.4       PUBLIC        TCLK
  B:00B8H.6       PUBLIC        PPCL
  C:1EE2H         PUBLIC        _P2_set_bit
  C:1EE6H         PUBLIC        _P3_set_bit
  B:00A0H.4       PUBLIC        REDLED
  D:0098H         PUBLIC        SCON
  B:00A0H.6       PUBLIC        YELLOWLED
  B:0090H.4       PUBLIC        nCS0
  B:0080H.0       PUBLIC        AD0
  D:0088H         PUBLIC        TCON
  B:0080H.1       PUBLIC        AD1
  B:0080H.2       PUBLIC        AD2
  B:00B0H.1       PUBLIC        per_RxD
  B:00C8H.1       PUBLIC        CnT2
  B:0080H.3       PUBLIC        AD3
  B:0090H.5       PUBLIC        MISO
  B:0090H.7       PUBLIC        MOSI
  B:0080H.4       PUBLIC        AD4
  B:00B0H.0       PUBLIC        per_TxD
BL51 BANKED LINKER/LOCATER V4.02                                                      11/09/2019  12:06:31  PAGE 28


  B:0080H.5       PUBLIC        AD5
  B:0080H.6       PUBLIC        AD6
  B:0080H.7       PUBLIC        AD7
  B:00A0H.0       PUBLIC        AD8
  B:00A0H.1       PUBLIC        AD9
  B:0088H.1       PUBLIC        IE0
  B:00A0H.7       PUBLIC        AMBERLED
  B:0088H.3       PUBLIC        IE1
  B:00B0H.7       PUBLIC        E
  B:00A0H.5       PUBLIC        GREENLED
  B:00A8H.1       PUBLIC        ET0
  B:00A8H.3       PUBLIC        ET1
  B:0088H.5       PUBLIC        TF0
  B:00A8H.5       PUBLIC        ET2
  B:0088H.7       PUBLIC        TF1
  B:00C8H.7       PUBLIC        TF2
  B:0098H.2       PUBLIC        RB8
  B:00A8H.0       PUBLIC        EX0
  B:0088H.0       PUBLIC        IT0
  B:0098H.3       PUBLIC        TB8
  B:00A8H.2       PUBLIC        EX1
  B:0088H.2       PUBLIC        IT1
  B:00D0H.0       PUBLIC        P
  B:0098H.7       PUBLIC        SM0
  B:0090H.2       PUBLIC        ECI
  B:0098H.6       PUBLIC        SM1
  B:0098H.5       PUBLIC        SM2
  B:00D0H.3       PUBLIC        RS0
  B:0088H.4       PUBLIC        TR0
  B:00D0H.4       PUBLIC        RS1
  B:0090H.6       PUBLIC        per_SCLK
  B:0088H.6       PUBLIC        TR1
  B:00C8H.2       PUBLIC        TR2
  B:00A0H.0       PUBLIC        SW1
  B:00A0H.1       PUBLIC        SW2
  B:00A0H.2       PUBLIC        SW3
  B:00A0H.3       PUBLIC        SW4
  B:0090H.6       PUBLIC        SCK
  B:0090H.7       PUBLIC        per_MOSI
  B:0090H.5       PUBLIC        per_MISO
  B:00C8H.3       PUBLIC        EXEN2
  B:0098H.4       PUBLIC        REN
  B:00A0H.2       PUBLIC        AD10
  B:00A0H.3       PUBLIC        AD11
  D:00C8H         PUBLIC        T2CON
  B:00A0H.4       PUBLIC        AD12
  B:00A0H.5       PUBLIC        AD13
  B:00A0H.6       PUBLIC        AD14
  B:00A0H.7       PUBLIC        AD15
  C:1ECFH         PUBLIC        _P3_clear_bit
  B:00B8H.4       PUBLIC        PLS
  B:00D0H.5       PUBLIC        F0
  B:00D0H.1       PUBLIC        F1
  D:00D0H         PUBLIC        PSW
  B:00D8H.0       PUBLIC        CCF0
  B:00D8H.1       PUBLIC        CCF1
  -------         PROC          _P0_OUTPUT_BITS
BL51 BANKED LINKER/LOCATER V4.02                                                      11/09/2019  12:06:31  PAGE 29


  D:0007H         SYMBOL        Port_Data
  C:1EEEH         LINE#         14
  C:1EEEH         LINE#         15
  C:1EEEH         LINE#         16
  C:1EF0H         LINE#         17
  -------         ENDPROC       _P0_OUTPUT_BITS
  -------         PROC          _P3_CLEAR_BIT
  D:0007H         SYMBOL        Bit_Data
  C:1ECFH         LINE#         60
  C:1ECFH         LINE#         61
  C:1ECFH         LINE#         62
  C:1ED3H         LINE#         63
  -------         ENDPROC       _P3_CLEAR_BIT
  -------         PROC          _P2_SET_BIT
  D:0007H         SYMBOL        Bit_Data
  C:1EE2H         LINE#         81
  C:1EE2H         LINE#         82
  C:1EE2H         LINE#         83
  C:1EE5H         LINE#         84
  -------         ENDPROC       _P2_SET_BIT
  -------         PROC          _P3_SET_BIT
  D:0007H         SYMBOL        Bit_Data
  C:1EE6H         LINE#         86
  C:1EE6H         LINE#         87
  C:1EE6H         LINE#         88
  C:1EE9H         LINE#         89
  -------         ENDPROC       _P3_SET_BIT
  -------         ENDMOD        OUTPUTS

  -------         MODULE        PRINT_BYTES
  C:0000H         SYMBOL        _ICE_DUMMY_
  B:00D8H.2       PUBLIC        CCF2
  B:00D8H.3       PUBLIC        CCF3
  D:0080H         PUBLIC        P0
  B:00D8H.4       PUBLIC        CCF4
  D:0090H         PUBLIC        P1
  D:00A0H         PUBLIC        P2
  C:1B5EH         PUBLIC        _print_16bytes
  D:00B0H         PUBLIC        P3
  B:00B0H.4       PUBLIC        T0
  B:00D0H.6       PUBLIC        AC
  B:00B0H.5       PUBLIC        T1
  B:00B0H.7       PUBLIC        nRD
  B:0090H.0       PUBLIC        T2
  B:00A8H.7       PUBLIC        EA
  B:00A8H.6       PUBLIC        EC
  B:00D8H.7       PUBLIC        CF
  B:00B0H.2       PUBLIC        nINT0
  B:0098H.7       PUBLIC        FE
  B:00B0H.3       PUBLIC        nINT1
  D:00A8H         PUBLIC        IEN0
  C:1C44H         PUBLIC        _print_memory
  B:00B0H.0       PUBLIC        RxD
  B:00B0H.1       PUBLIC        TxD
  B:0090H.3       PUBLIC        CEX0
  B:0090H.4       PUBLIC        CEX1
  B:00C8H.0       PUBLIC        CP
BL51 BANKED LINKER/LOCATER V4.02                                                      11/09/2019  12:06:31  PAGE 30


  B:00D8H.6       PUBLIC        CR
  B:00C8H.6       PUBLIC        EXF2
  D:00B8H         PUBLIC        IPL0
  B:00B0H.6       PUBLIC        nWR
  B:00A8H.4       PUBLIC        ES
  B:0098H.0       PUBLIC        RI
  B:00D0H.7       PUBLIC        CY
  B:0098H.1       PUBLIC        TI
  B:00B8H.1       PUBLIC        PT0L
  B:00B8H.3       PUBLIC        PT1L
  B:00B8H.5       PUBLIC        PT2L
  B:0090H.1       PUBLIC        T2EX
  D:00D8H         PUBLIC        CCON
  B:00B8H.0       PUBLIC        PX0L
  B:00D0H.2       PUBLIC        OV
  B:0090H.1       PUBLIC        SS
  B:00B8H.2       PUBLIC        PX1L
  B:00C8H.5       PUBLIC        RCLK
  B:00C8H.4       PUBLIC        TCLK
  B:00B8H.6       PUBLIC        PPCL
  D:0098H         PUBLIC        SCON
  B:0080H.0       PUBLIC        AD0
  D:0088H         PUBLIC        TCON
  B:0080H.1       PUBLIC        AD1
  B:0080H.2       PUBLIC        AD2
  B:00C8H.1       PUBLIC        CnT2
  B:0080H.3       PUBLIC        AD3
  B:0090H.5       PUBLIC        MISO
  B:0090H.7       PUBLIC        MOSI
  B:0080H.4       PUBLIC        AD4
  B:0080H.5       PUBLIC        AD5
  B:0080H.6       PUBLIC        AD6
  B:0080H.7       PUBLIC        AD7
  B:00A0H.0       PUBLIC        AD8
  B:00A0H.1       PUBLIC        AD9
  B:0088H.1       PUBLIC        IE0
  B:0088H.3       PUBLIC        IE1
  B:00A8H.1       PUBLIC        ET0
  B:00A8H.3       PUBLIC        ET1
  B:0088H.5       PUBLIC        TF0
  B:00A8H.5       PUBLIC        ET2
  B:0088H.7       PUBLIC        TF1
  B:00C8H.7       PUBLIC        TF2
  B:0098H.2       PUBLIC        RB8
  B:00A8H.0       PUBLIC        EX0
  B:0088H.0       PUBLIC        IT0
  B:0098H.3       PUBLIC        TB8
  B:00A8H.2       PUBLIC        EX1
  B:0088H.2       PUBLIC        IT1
  B:00D0H.0       PUBLIC        P
  B:0098H.7       PUBLIC        SM0
  B:0090H.2       PUBLIC        ECI
  B:0098H.6       PUBLIC        SM1
  B:0098H.5       PUBLIC        SM2
  B:00D0H.3       PUBLIC        RS0
  B:0088H.4       PUBLIC        TR0
  B:00D0H.4       PUBLIC        RS1
BL51 BANKED LINKER/LOCATER V4.02                                                      11/09/2019  12:06:31  PAGE 31


  B:0088H.6       PUBLIC        TR1
  B:00C8H.2       PUBLIC        TR2
  B:0090H.6       PUBLIC        SCK
  B:00C8H.3       PUBLIC        EXEN2
  B:0098H.4       PUBLIC        REN
  B:00A0H.2       PUBLIC        AD10
  B:00A0H.3       PUBLIC        AD11
  D:00C8H         PUBLIC        T2CON
  B:00A0H.4       PUBLIC        AD12
  B:00A0H.5       PUBLIC        AD13
  B:00A0H.6       PUBLIC        AD14
  B:00A0H.7       PUBLIC        AD15
  B:00B8H.4       PUBLIC        PLS
  B:00D0H.5       PUBLIC        F0
  B:00D0H.1       PUBLIC        F1
  D:00D0H         PUBLIC        PSW
  B:00D8H.0       PUBLIC        CCF0
  B:00D8H.1       PUBLIC        CCF1
  -------         PROC          _PRINT_16BYTES
  D:0001H         SYMBOL        array_in_p
  -------         DO            array_in_p
  D:0032H         SYMBOL        input_p
  D:0035H         SYMBOL        index
  D:0036H         SYMBOL        dat
  -------         ENDDO         dat
  C:1B5EH         LINE#         16
  C:1B5EH         LINE#         17
  C:1B5EH         LINE#         20
  C:1B64H         LINE#         21
  C:1B73H         LINE#         22
  C:1B76H         LINE#         23
  C:1B76H         LINE#         24
  C:1B87H         LINE#         25
  C:1B92H         LINE#         26
  C:1B9BH         LINE#         27
  C:1B9EH         LINE#         28
  C:1B9EH         LINE#         29
  C:1BAFH         LINE#         30
  C:1BBEH         LINE#         31
  C:1BC3H         LINE#         32
  C:1BCCH         LINE#         33
  C:1BD1H         LINE#         34
  -------         ENDPROC       _PRINT_16BYTES
  -------         PROC          _PRINT_MEMORY
  D:002AH         SYMBOL        array_in_p
  D:002DH         SYMBOL        number_of_bytes
  -------         DO            number_of_bytes
  D:002FH         SYMBOL        input_p
  D:0006H         SYMBOL        i
  -------         ENDDO         i
  C:1C44H         LINE#         44
  C:1C4EH         LINE#         45
  C:1C4EH         LINE#         48
  C:1C54H         LINE#         49
  C:1C58H         LINE#         50
  C:1C5DH         LINE#         51
  C:1C69H         LINE#         52
BL51 BANKED LINKER/LOCATER V4.02                                                      11/09/2019  12:06:31  PAGE 32


  C:1C72H         LINE#         54
  C:1C72H         LINE#         55
  C:1C7BH         LINE#         56
  C:1C86H         LINE#         57
  C:1CA2H         LINE#         58
  -------         ENDPROC       _PRINT_MEMORY
  -------         ENDMOD        PRINT_BYTES

  -------         MODULE        SD_CARD_TEST
  C:0000H         SYMBOL        _ICE_DUMMY_
  B:00D8H.2       PUBLIC        CCF2
  B:00D8H.3       PUBLIC        CCF3
  D:0080H         PUBLIC        P0
  B:00D8H.4       PUBLIC        CCF4
  D:0090H         PUBLIC        P1
  D:00A0H         PUBLIC        P2
  D:00B0H         PUBLIC        P3
  B:00B0H.4       PUBLIC        T0
  B:00D0H.6       PUBLIC        AC
  B:00B0H.5       PUBLIC        T1
  B:00B0H.7       PUBLIC        nRD
  B:0090H.0       PUBLIC        T2
  B:00A8H.7       PUBLIC        EA
  B:00A8H.6       PUBLIC        EC
  B:00D8H.7       PUBLIC        CF
  B:00B0H.2       PUBLIC        nINT0
  B:0098H.7       PUBLIC        FE
  B:00B0H.3       PUBLIC        nINT1
  D:00A8H         PUBLIC        IEN0
  B:00B0H.0       PUBLIC        RxD
  B:0090H.0       PUBLIC        P1_0
  B:00B0H.1       PUBLIC        TxD
  B:0090H.3       PUBLIC        CEX0
  B:0090H.1       PUBLIC        P1_1
  B:0090H.4       PUBLIC        CEX1
  B:0090H.2       PUBLIC        P1_2
  B:00C8H.0       PUBLIC        CP
  B:0090H.3       PUBLIC        P1_3
  B:00B0H.2       PUBLIC        P3_2
  B:00D8H.6       PUBLIC        CR
  B:00B0H.3       PUBLIC        P3_3
  B:00C8H.6       PUBLIC        EXF2
  D:00B8H         PUBLIC        IPL0
  B:00B0H.4       PUBLIC        P3_4
  B:00B0H.5       PUBLIC        P3_5
  B:00B0H.6       PUBLIC        nWR
  B:00A8H.4       PUBLIC        ES
  B:0098H.0       PUBLIC        RI
  B:00D0H.7       PUBLIC        CY
  B:0098H.1       PUBLIC        TI
  D:008FH         PUBLIC        CKCON0
  B:00B8H.1       PUBLIC        PT0L
  B:00B8H.3       PUBLIC        PT1L
  C:1CE9H         PUBLIC        SDHC
  B:00B8H.5       PUBLIC        PT2L
  B:0090H.1       PUBLIC        T2EX
  D:00D8H         PUBLIC        CCON
BL51 BANKED LINKER/LOCATER V4.02                                                      11/09/2019  12:06:31  PAGE 33


  B:00B0H.6       PUBLIC        RS
  B:00B8H.0       PUBLIC        PX0L
  B:00D0H.2       PUBLIC        OV
  B:0090H.1       PUBLIC        SS
  B:00B8H.2       PUBLIC        PX1L
  C:1484H         PUBLIC        main
  C:1CCBH         PUBLIC        SD_start
  B:00C8H.5       PUBLIC        RCLK
  C:1CDBH         PUBLIC        SDSC
  B:00C8H.4       PUBLIC        TCLK
  B:00B8H.6       PUBLIC        PPCL
  B:00A0H.4       PUBLIC        REDLED
  D:0098H         PUBLIC        SCON
  B:00A0H.6       PUBLIC        YELLOWLED
  B:0090H.4       PUBLIC        nCS0
  B:0080H.0       PUBLIC        AD0
  D:0088H         PUBLIC        TCON
  B:0080H.1       PUBLIC        AD1
  B:0080H.2       PUBLIC        AD2
  B:00B0H.1       PUBLIC        per_RxD
  B:00C8H.1       PUBLIC        CnT2
  B:0080H.3       PUBLIC        AD3
  B:0090H.5       PUBLIC        MISO
  B:0090H.7       PUBLIC        MOSI
  B:0080H.4       PUBLIC        AD4
  B:00B0H.0       PUBLIC        per_TxD
  B:0080H.5       PUBLIC        AD5
  B:0080H.6       PUBLIC        AD6
  B:0080H.7       PUBLIC        AD7
  B:00A0H.0       PUBLIC        AD8
  B:00A0H.1       PUBLIC        AD9
  B:0088H.1       PUBLIC        IE0
  B:00A0H.7       PUBLIC        AMBERLED
  B:0088H.3       PUBLIC        IE1
  D:008EH         PUBLIC        AUXR
  B:00B0H.7       PUBLIC        E
  B:00A0H.5       PUBLIC        GREENLED
  B:00A8H.1       PUBLIC        ET0
  B:00A8H.3       PUBLIC        ET1
  B:0088H.5       PUBLIC        TF0
  B:00A8H.5       PUBLIC        ET2
  B:0088H.7       PUBLIC        TF1
  B:00C8H.7       PUBLIC        TF2
  B:0098H.2       PUBLIC        RB8
  B:00A8H.0       PUBLIC        EX0
  B:0088H.0       PUBLIC        IT0
  B:0098H.3       PUBLIC        TB8
  B:00A8H.2       PUBLIC        EX1
  B:0088H.2       PUBLIC        IT1
  B:00D0H.0       PUBLIC        P
  B:0098H.7       PUBLIC        SM0
  B:0090H.2       PUBLIC        ECI
  B:0098H.6       PUBLIC        SM1
  B:0098H.5       PUBLIC        SM2
  B:00D0H.3       PUBLIC        RS0
  B:0088H.4       PUBLIC        TR0
  B:00D0H.4       PUBLIC        RS1
BL51 BANKED LINKER/LOCATER V4.02                                                      11/09/2019  12:06:31  PAGE 34


  B:0090H.6       PUBLIC        per_SCLK
  B:0088H.6       PUBLIC        TR1
  B:00C8H.2       PUBLIC        TR2
  B:00A0H.0       PUBLIC        SW1
  B:00A0H.1       PUBLIC        SW2
  B:00A0H.2       PUBLIC        SW3
  B:00A0H.3       PUBLIC        SW4
  B:0090H.6       PUBLIC        SCK
  B:0090H.7       PUBLIC        per_MOSI
  B:0090H.5       PUBLIC        per_MISO
  B:00C8H.3       PUBLIC        EXEN2
  B:0098H.4       PUBLIC        REN
  B:00A0H.2       PUBLIC        AD10
  B:00A0H.3       PUBLIC        AD11
  D:00C8H         PUBLIC        T2CON
  B:00A0H.4       PUBLIC        AD12
  B:00A0H.5       PUBLIC        AD13
  B:00A0H.6       PUBLIC        AD14
  B:00A0H.7       PUBLIC        AD15
  X:0000H         PUBLIC        buf1
  B:00B8H.4       PUBLIC        PLS
  B:00D0H.5       PUBLIC        F0
  B:00D0H.1       PUBLIC        F1
  D:00D0H         PUBLIC        PSW
  B:00D8H.0       PUBLIC        CCF0
  B:00D8H.1       PUBLIC        CCF1
  -------         PROC          MAIN
  -------         DO            MAIN
  D:0004H         SYMBOL        block_num
  D:0022H         SYMBOL        LBA
  D:0026H         SYMBOL        i
  D:0028H         SYMBOL        error_flag
  D:0029H         SYMBOL        SD_stat
  -------         ENDDO         SD_stat
  C:1484H         LINE#         26
  C:1484H         LINE#         27
  C:1484H         LINE#         33
  C:1487H         LINE#         34
  C:1487H         LINE#         35
  C:1487H         LINE#         36
  C:148AH         LINE#         37
  C:148AH         LINE#         38
  C:148AH         LINE#         39
  C:148AH         LINE#         40
  C:148AH         LINE#         41
  C:148AH         LINE#         43
  C:148FH         LINE#         44
  C:1494H         LINE#         45
  C:1499H         LINE#         46
  C:149EH         LINE#         47
  C:14BBH         LINE#         48
  C:14C0H         LINE#         49
  C:14C7H         LINE#         50
  C:14CAH         LINE#         53
  C:14D3H         LINE#         54
  C:14DFH         LINE#         55
  C:14ECH         LINE#         56
BL51 BANKED LINKER/LOCATER V4.02                                                      11/09/2019  12:06:31  PAGE 35


  C:14F0H         LINE#         57
  C:14F0H         LINE#         58
  C:14F5H         LINE#         59
  C:14FAH         LINE#         60
  C:14FCH         LINE#         61
  C:14FCH         LINE#         62
  C:1501H         LINE#         64
  C:1506H         LINE#         65
  C:150AH         LINE#         66
  C:150AH         LINE#         67
  C:150FH         LINE#         68
  C:1514H         LINE#         69
  C:1516H         LINE#         70
  C:1516H         LINE#         71
  C:151BH         LINE#         72
  C:1528H         LINE#         73
  C:152CH         LINE#         74
  C:152CH         LINE#         75
  C:1531H         LINE#         76
  C:1536H         LINE#         77
  C:1538H         LINE#         78
  C:1538H         LINE#         79
[...]
  -------         ENDMOD        UART

  -------         MODULE        ?C?CLDOPTR
  C:0C67H         PUBLIC        ?C?CLDOPTR
  -------         ENDMOD        ?C?CLDOPTR

  -------         MODULE        ?C?CSTPTR
  C:0C94H         PUBLIC        ?C?CSTPTR
  -------         ENDMOD        ?C?CSTPTR

  -------         MODULE        ?C?CSTOPTR
  C:0CA6H         PUBLIC        ?C?CSTOPTR
  -------         ENDMOD        ?C?CSTOPTR

  -------         MODULE        ?C?LMUL
  C:0CC8H         PUBLIC        ?C?LMUL
  -------         ENDMOD        ?C?LMUL

  -------         MODULE        ?C?ULDIV
  C:0D53H         PUBLIC        ?C?ULDIV
  -------         ENDMOD        ?C?ULDIV

  -------         MODULE        ?C?SLCMP
  C:0DE5H         PUBLIC        ?C?SLCMP
  -------         ENDMOD        ?C?SLCMP

  -------         MODULE        ?C?ULCMP
  C:0DFBH         PUBLIC        ?C?ULCMP
  -------         ENDMOD        ?C?ULCMP

  -------         MODULE        ?C?ULSHR
  C:0E0CH         PUBLIC        ?C?ULSHR
  -------         ENDMOD        ?C?ULSHR

  -------         MODULE        ?C?LSHL
  C:0E1FH         PUBLIC        ?C?LSHL
  -------         ENDMOD        ?C?LSHL

  -------         MODULE        ?C?LLDIDATA
  C:0E32H         PUBLIC        ?C?LLDIDATA
  -------         ENDMOD        ?C?LLDIDATA

  -------         MODULE        PUTCHAR
  C:1E06H         PUBLIC        _PUTCHAR
  -------         ENDMOD        PUTCHAR
BL51 BANKED LINKER/LOCATER V4.02                                                      11/09/2019  12:06:31  PAGE 56



  -------         MODULE        PRINTF
  D:003FH         PUBLIC        ?_PRINTF517?BYTE
  D:003FH         PUBLIC        ?_PRINTF?BYTE
  D:003FH         PUBLIC        ?_SPRINTF517?BYTE
  D:003FH         PUBLIC        ?_SPRINTF?BYTE
  C:0457H         PUBLIC        _PRINTF
  C:0457H         PUBLIC        _PRINTF517
  C:0451H         PUBLIC        _SPRINTF
  C:0451H         PUBLIC        _SPRINTF517
  -------         ENDMOD        PRINTF

  -------         MODULE        ATOL
  C:1805H         PUBLIC        _ATOL
  -------         ENDMOD        ATOL

  -------         MODULE        ?C?CLDPTR
  C:0E3EH         PUBLIC        ?C?CLDPTR
  -------         ENDMOD        ?C?CLDPTR

  -------         MODULE        ?C?LNEG
  C:0E57H         PUBLIC        ?C?LNEG
  -------         ENDMOD        ?C?LNEG

  -------         MODULE        ?C?PLDIIDATA
  C:0E65H         PUBLIC        ?C?PLDIIDATA
  -------         ENDMOD        ?C?PLDIIDATA

  -------         MODULE        ?C?CCASE
  C:0E75H         PUBLIC        ?C?CCASE
  -------         ENDMOD        ?C?CCASE

  -------         MODULE        ISDIGIT
  C:1E86H         PUBLIC        _ISDIGIT
  -------         ENDMOD        ISDIGIT

  -------         MODULE        ISSPACE
  C:1E73H         PUBLIC        _ISSPACE
  -------         ENDMOD        ISSPACE

*** ERROR L104: MULTIPLE PUBLIC DEFINITIONS
    SYMBOL:  ?_READ_DIR_ENTRY?BYTE
    MODULE:  Directory_Functions_struct.obj (DIRECTORY_FUNCTIONS_STRUCT)

*** ERROR L104: MULTIPLE PUBLIC DEFINITIONS
    SYMBOL:  _READ_DIR_ENTRY
    MODULE:  Directory_Functions_struct.obj (DIRECTORY_FUNCTIONS_STRUCT)

*** ERROR L104: MULTIPLE PUBLIC DEFINITIONS
    SYMBOL:  ?_PRINT_DIRECTORY?BYTE
    MODULE:  Directory_Functions_struct.obj (DIRECTORY_FUNCTIONS_STRUCT)

*** ERROR L104: MULTIPLE PUBLIC DEFINITIONS
    SYMBOL:  _PRINT_DIRECTORY
    MODULE:  Directory_Functions_struct.obj (DIRECTORY_FUNCTIONS_STRUCT)

*** WARNING L16: UNCALLED SEGMENT, IGNORED FOR OVERLAY PROCESS
BL51 BANKED LINKER/LOCATER V4.02                                                      11/09/2019  12:06:31  PAGE 57


    SEGMENT: ?PR?_PRINT_DIRECTORY?DIRECTORY_FUNCTIONS_GLOBALS

*** WARNING L16: UNCALLED SEGMENT, IGNORED FOR OVERLAY PROCESS
    SEGMENT: ?PR?_READ_DIR_ENTRY?DIRECTORY_FUNCTIONS_GLOBALS

*** WARNING L16: UNCALLED SEGMENT, IGNORED FOR OVERLAY PROCESS
    SEGMENT: ?PR?EXPORT_DRIVE_VALUES?DIRECTORY_FUNCTIONS_STRUCT

*** WARNING L16: UNCALLED SEGMENT, IGNORED FOR OVERLAY PROCESS
    SEGMENT: ?PR?_PRINT_DIRECTORY?DIRECTORY_FUNCTIONS_STRUCT

*** WARNING L16: UNCALLED SEGMENT, IGNORED FOR OVERLAY PROCESS
    SEGMENT: ?PR?_READ_DIR_ENTRY?DIRECTORY_FUNCTIONS_STRUCT

*** ERROR L107: ADDRESS SPACE OVERFLOW
    SPACE:   DATA    
    SEGMENT: ?DT?_READ_DIR_ENTRY?DIRECTORY_FUNCTIONS_STRUCT
    LENGTH:  001EH

*** ERROR L107: ADDRESS SPACE OVERFLOW
    SPACE:   DATA    
    SEGMENT: ?DT?_PRINT_DIRECTORY?DIRECTORY_FUNCTIONS_GLOBALS
    LENGTH:  001AH

*** ERROR L107: ADDRESS SPACE OVERFLOW
    SPACE:   DATA    
    SEGMENT: ?DT?_PRINT_DIRECTORY?DIRECTORY_FUNCTIONS_STRUCT
    LENGTH:  001AH

*** WARNING L1: UNRESOLVED EXTERNAL SYMBOL
    SYMBOL:  _READ_SECTOR
    MODULE:  Directory_Functions_globals.obj (DIRECTORY_FUNCTIONS_GLOBALS)

*** WARNING L1: UNRESOLVED EXTERNAL SYMBOL
    SYMBOL:  ?_READ_SECTOR?BYTE
    MODULE:  Directory_Functions_globals.obj (DIRECTORY_FUNCTIONS_GLOBALS)

*** WARNING L1: UNRESOLVED EXTERNAL SYMBOL
    SYMBOL:  _READ8
    MODULE:  Directory_Functions_globals.obj (DIRECTORY_FUNCTIONS_GLOBALS)

*** ERROR L105: PUBLIC REFERS TO IGNORED SEGMENT
    SYMBOL:  ?_PRINT_DIRECTORY?BYTE
    SEGMENT: ?DT?_PRINT_DIRECTORY?DIRECTORY_FUNCTIONS_GLOBALS

*** WARNING L2: REFERENCE MADE TO UNRESOLVED EXTERNAL
    SYMBOL:  ?_READ_SECTOR?BYTE
    MODULE:  Directory_Functions_globals.obj (DIRECTORY_FUNCTIONS_GLOBALS)
    ADDRESS: 110AH

*** WARNING L2: REFERENCE MADE TO UNRESOLVED EXTERNAL
    SYMBOL:  ?_READ_SECTOR?BYTE
    MODULE:  Directory_Functions_globals.obj (DIRECTORY_FUNCTIONS_GLOBALS)
    ADDRESS: 110EH

*** WARNING L2: REFERENCE MADE TO UNRESOLVED EXTERNAL
    SYMBOL:  ?_READ_SECTOR?BYTE
BL51 BANKED LINKER/LOCATER V4.02                                                      11/09/2019  12:06:31  PAGE 58


    MODULE:  Directory_Functions_globals.obj (DIRECTORY_FUNCTIONS_GLOBALS)
    ADDRESS: 1111H

*** WARNING L2: REFERENCE MADE TO UNRESOLVED EXTERNAL
    SYMBOL:  ?_READ_SECTOR?BYTE
    MODULE:  Directory_Functions_globals.obj (DIRECTORY_FUNCTIONS_GLOBALS)
    ADDRESS: 1114H

*** WARNING L2: REFERENCE MADE TO UNRESOLVED EXTERNAL
    SYMBOL:  ?_READ_SECTOR?BYTE
    MODULE:  Directory_Functions_globals.obj (DIRECTORY_FUNCTIONS_GLOBALS)
    ADDRESS: 1117H

*** WARNING L2: REFERENCE MADE TO UNRESOLVED EXTERNAL
    SYMBOL:  _READ_SECTOR
    MODULE:  Directory_Functions_globals.obj (DIRECTORY_FUNCTIONS_GLOBALS)
    ADDRESS: 1119H

*** WARNING L2: REFERENCE MADE TO UNRESOLVED EXTERNAL
    SYMBOL:  _READ8
    MODULE:  Directory_Functions_globals.obj (DIRECTORY_FUNCTIONS_GLOBALS)
    ADDRESS: 112FH

*** WARNING L2: REFERENCE MADE TO UNRESOLVED EXTERNAL
    SYMBOL:  _READ8
    MODULE:  Directory_Functions_globals.obj (DIRECTORY_FUNCTIONS_GLOBALS)
    ADDRESS: 1153H

*** WARNING L2: REFERENCE MADE TO UNRESOLVED EXTERNAL
    SYMBOL:  _READ8
    MODULE:  Directory_Functions_globals.obj (DIRECTORY_FUNCTIONS_GLOBALS)
    ADDRESS: 118DH

*** WARNING L2: REFERENCE MADE TO UNRESOLVED EXTERNAL
    SYMBOL:  _READ8
    MODULE:  Directory_Functions_globals.obj (DIRECTORY_FUNCTIONS_GLOBALS)
    ADDRESS: 11B7H

*** WARNING L2: REFERENCE MADE TO UNRESOLVED EXTERNAL
    SYMBOL:  _READ8
    MODULE:  Directory_Functions_globals.obj (DIRECTORY_FUNCTIONS_GLOBALS)
    ADDRESS: 11ECH

*** WARNING L2: REFERENCE MADE TO UNRESOLVED EXTERNAL
    SYMBOL:  ?_READ_SECTOR?BYTE
    MODULE:  Directory_Functions_globals.obj (DIRECTORY_FUNCTIONS_GLOBALS)
    ADDRESS: 1260H

*** WARNING L2: REFERENCE MADE TO UNRESOLVED EXTERNAL
    SYMBOL:  ?_READ_SECTOR?BYTE
    MODULE:  Directory_Functions_globals.obj (DIRECTORY_FUNCTIONS_GLOBALS)
    ADDRESS: 1264H

*** WARNING L2: REFERENCE MADE TO UNRESOLVED EXTERNAL
    SYMBOL:  ?_READ_SECTOR?BYTE
    MODULE:  Directory_Functions_globals.obj (DIRECTORY_FUNCTIONS_GLOBALS)
    ADDRESS: 1267H
BL51 BANKED LINKER/LOCATER V4.02                                                      11/09/2019  12:06:31  PAGE 59



*** WARNING L2: REFERENCE MADE TO UNRESOLVED EXTERNAL
    SYMBOL:  ?_READ_SECTOR?BYTE
    MODULE:  Directory_Functions_globals.obj (DIRECTORY_FUNCTIONS_GLOBALS)
    ADDRESS: 126AH

*** WARNING L2: REFERENCE MADE TO UNRESOLVED EXTERNAL
    SYMBOL:  ?_READ_SECTOR?BYTE
    MODULE:  Directory_Functions_globals.obj (DIRECTORY_FUNCTIONS_GLOBALS)
    ADDRESS: 126DH

*** WARNING L2: REFERENCE MADE TO UNRESOLVED EXTERNAL
    SYMBOL:  _READ_SECTOR
    MODULE:  Directory_Functions_globals.obj (DIRECTORY_FUNCTIONS_GLOBALS)
    ADDRESS: 126FH

*** WARNING L2: REFERENCE MADE TO UNRESOLVED EXTERNAL
    SYMBOL:  ?_READ_SECTOR?BYTE
    MODULE:  Directory_Functions_globals.obj (DIRECTORY_FUNCTIONS_GLOBALS)
    ADDRESS: 07BAH

*** WARNING L2: REFERENCE MADE TO UNRESOLVED EXTERNAL
    SYMBOL:  ?_READ_SECTOR?BYTE
    MODULE:  Directory_Functions_globals.obj (DIRECTORY_FUNCTIONS_GLOBALS)
    ADDRESS: 07BEH

*** WARNING L2: REFERENCE MADE TO UNRESOLVED EXTERNAL
    SYMBOL:  ?_READ_SECTOR?BYTE
    MODULE:  Directory_Functions_globals.obj (DIRECTORY_FUNCTIONS_GLOBALS)
    ADDRESS: 07C1H

*** WARNING L2: REFERENCE MADE TO UNRESOLVED EXTERNAL
    SYMBOL:  ?_READ_SECTOR?BYTE
    MODULE:  Directory_Functions_globals.obj (DIRECTORY_FUNCTIONS_GLOBALS)
    ADDRESS: 07C4H

*** WARNING L2: REFERENCE MADE TO UNRESOLVED EXTERNAL
    SYMBOL:  ?_READ_SECTOR?BYTE
    MODULE:  Directory_Functions_globals.obj (DIRECTORY_FUNCTIONS_GLOBALS)
    ADDRESS: 07C7H

*** WARNING L2: REFERENCE MADE TO UNRESOLVED EXTERNAL
    SYMBOL:  _READ_SECTOR
    MODULE:  Directory_Functions_globals.obj (DIRECTORY_FUNCTIONS_GLOBALS)
    ADDRESS: 07C9H

*** WARNING L2: REFERENCE MADE TO UNRESOLVED EXTERNAL
    SYMBOL:  _READ8
    MODULE:  Directory_Functions_globals.obj (DIRECTORY_FUNCTIONS_GLOBALS)
    ADDRESS: 07DFH

*** WARNING L2: REFERENCE MADE TO UNRESOLVED EXTERNAL
    SYMBOL:  _READ8
    MODULE:  Directory_Functions_globals.obj (DIRECTORY_FUNCTIONS_GLOBALS)
    ADDRESS: 0803H

*** WARNING L2: REFERENCE MADE TO UNRESOLVED EXTERNAL
BL51 BANKED LINKER/LOCATER V4.02                                                      11/09/2019  12:06:31  PAGE 60


    SYMBOL:  _READ8
    MODULE:  Directory_Functions_globals.obj (DIRECTORY_FUNCTIONS_GLOBALS)
    ADDRESS: 083CH

*** WARNING L2: REFERENCE MADE TO UNRESOLVED EXTERNAL
    SYMBOL:  _READ8
    MODULE:  Directory_Functions_globals.obj (DIRECTORY_FUNCTIONS_GLOBALS)
    ADDRESS: 0879H

*** WARNING L2: REFERENCE MADE TO UNRESOLVED EXTERNAL
    SYMBOL:  _READ8
    MODULE:  Directory_Functions_globals.obj (DIRECTORY_FUNCTIONS_GLOBALS)
    ADDRESS: 08B1H

*** WARNING L2: REFERENCE MADE TO UNRESOLVED EXTERNAL
    SYMBOL:  _READ8
    MODULE:  Directory_Functions_globals.obj (DIRECTORY_FUNCTIONS_GLOBALS)
    ADDRESS: 08E9H

*** WARNING L2: REFERENCE MADE TO UNRESOLVED EXTERNAL
    SYMBOL:  _READ8
    MODULE:  Directory_Functions_globals.obj (DIRECTORY_FUNCTIONS_GLOBALS)
    ADDRESS: 090DH

*** WARNING L2: REFERENCE MADE TO UNRESOLVED EXTERNAL
    SYMBOL:  ?_READ_SECTOR?BYTE
    MODULE:  Directory_Functions_globals.obj (DIRECTORY_FUNCTIONS_GLOBALS)
    ADDRESS: 0985H

*** WARNING L2: REFERENCE MADE TO UNRESOLVED EXTERNAL
    SYMBOL:  ?_READ_SECTOR?BYTE
    MODULE:  Directory_Functions_globals.obj (DIRECTORY_FUNCTIONS_GLOBALS)
    ADDRESS: 0989H

*** WARNING L2: REFERENCE MADE TO UNRESOLVED EXTERNAL
    SYMBOL:  ?_READ_SECTOR?BYTE
    MODULE:  Directory_Functions_globals.obj (DIRECTORY_FUNCTIONS_GLOBALS)
    ADDRESS: 098CH

*** WARNING L2: REFERENCE MADE TO UNRESOLVED EXTERNAL
    SYMBOL:  ?_READ_SECTOR?BYTE
    MODULE:  Directory_Functions_globals.obj (DIRECTORY_FUNCTIONS_GLOBALS)
    ADDRESS: 098FH

*** WARNING L2: REFERENCE MADE TO UNRESOLVED EXTERNAL
    SYMBOL:  ?_READ_SECTOR?BYTE
    MODULE:  Directory_Functions_globals.obj (DIRECTORY_FUNCTIONS_GLOBALS)
    ADDRESS: 0992H

*** WARNING L2: REFERENCE MADE TO UNRESOLVED EXTERNAL
    SYMBOL:  _READ_SECTOR
    MODULE:  Directory_Functions_globals.obj (DIRECTORY_FUNCTIONS_GLOBALS)
    ADDRESS: 0994H

*** WARNING L1: UNRESOLVED EXTERNAL SYMBOL
    SYMBOL:  _READ_SECTOR
    MODULE:  Directory_Functions_struct.obj (DIRECTORY_FUNCTIONS_STRUCT)
BL51 BANKED LINKER/LOCATER V4.02                                                      11/09/2019  12:06:31  PAGE 61



*** WARNING L1: UNRESOLVED EXTERNAL SYMBOL
    SYMBOL:  ?_READ_SECTOR?BYTE
    MODULE:  Directory_Functions_struct.obj (DIRECTORY_FUNCTIONS_STRUCT)

*** WARNING L1: UNRESOLVED EXTERNAL SYMBOL
    SYMBOL:  _READ8
    MODULE:  Directory_Functions_struct.obj (DIRECTORY_FUNCTIONS_STRUCT)

*** ERROR L105: PUBLIC REFERS TO IGNORED SEGMENT
    SYMBOL:  ?_READ_DIR_ENTRY?BYTE
    SEGMENT: ?DT?_READ_DIR_ENTRY?DIRECTORY_FUNCTIONS_STRUCT

*** ERROR L105: PUBLIC REFERS TO IGNORED SEGMENT
    SYMBOL:  ?_PRINT_DIRECTORY?BYTE
    SEGMENT: ?DT?_PRINT_DIRECTORY?DIRECTORY_FUNCTIONS_STRUCT

*** WARNING L2: REFERENCE MADE TO UNRESOLVED EXTERNAL
    SYMBOL:  ?_READ_SECTOR?BYTE
    MODULE:  Directory_Functions_struct.obj (DIRECTORY_FUNCTIONS_STRUCT)
    ADDRESS: 12F2H

*** WARNING L2: REFERENCE MADE TO UNRESOLVED EXTERNAL
    SYMBOL:  ?_READ_SECTOR?BYTE
    MODULE:  Directory_Functions_struct.obj (DIRECTORY_FUNCTIONS_STRUCT)
    ADDRESS: 12F6H

*** WARNING L2: REFERENCE MADE TO UNRESOLVED EXTERNAL
    SYMBOL:  ?_READ_SECTOR?BYTE
    MODULE:  Directory_Functions_struct.obj (DIRECTORY_FUNCTIONS_STRUCT)
    ADDRESS: 12F9H

*** WARNING L2: REFERENCE MADE TO UNRESOLVED EXTERNAL
    SYMBOL:  ?_READ_SECTOR?BYTE
    MODULE:  Directory_Functions_struct.obj (DIRECTORY_FUNCTIONS_STRUCT)
    ADDRESS: 12FCH

*** WARNING L2: REFERENCE MADE TO UNRESOLVED EXTERNAL
    SYMBOL:  ?_READ_SECTOR?BYTE
    MODULE:  Directory_Functions_struct.obj (DIRECTORY_FUNCTIONS_STRUCT)
    ADDRESS: 12FFH

*** WARNING L2: REFERENCE MADE TO UNRESOLVED EXTERNAL
    SYMBOL:  _READ_SECTOR
    MODULE:  Directory_Functions_struct.obj (DIRECTORY_FUNCTIONS_STRUCT)
    ADDRESS: 1301H

*** WARNING L2: REFERENCE MADE TO UNRESOLVED EXTERNAL
    SYMBOL:  _READ8
    MODULE:  Directory_Functions_struct.obj (DIRECTORY_FUNCTIONS_STRUCT)
    ADDRESS: 1317H

*** WARNING L2: REFERENCE MADE TO UNRESOLVED EXTERNAL
    SYMBOL:  _READ8
    MODULE:  Directory_Functions_struct.obj (DIRECTORY_FUNCTIONS_STRUCT)
    ADDRESS: 133BH

BL51 BANKED LINKER/LOCATER V4.02                                                      11/09/2019  12:06:31  PAGE 62


*** WARNING L2: REFERENCE MADE TO UNRESOLVED EXTERNAL
    SYMBOL:  _READ8
    MODULE:  Directory_Functions_struct.obj (DIRECTORY_FUNCTIONS_STRUCT)
    ADDRESS: 1373H

*** WARNING L2: REFERENCE MADE TO UNRESOLVED EXTERNAL
    SYMBOL:  _READ8
    MODULE:  Directory_Functions_struct.obj (DIRECTORY_FUNCTIONS_STRUCT)
    ADDRESS: 139DH

*** WARNING L2: REFERENCE MADE TO UNRESOLVED EXTERNAL
    SYMBOL:  _READ8
    MODULE:  Directory_Functions_struct.obj (DIRECTORY_FUNCTIONS_STRUCT)
    ADDRESS: 13D2H

*** WARNING L2: REFERENCE MADE TO UNRESOLVED EXTERNAL
    SYMBOL:  ?_READ_SECTOR?BYTE
    MODULE:  Directory_Functions_struct.obj (DIRECTORY_FUNCTIONS_STRUCT)
    ADDRESS: 1446H

*** WARNING L2: REFERENCE MADE TO UNRESOLVED EXTERNAL
    SYMBOL:  ?_READ_SECTOR?BYTE
    MODULE:  Directory_Functions_struct.obj (DIRECTORY_FUNCTIONS_STRUCT)
    ADDRESS: 144AH

*** WARNING L2: REFERENCE MADE TO UNRESOLVED EXTERNAL
    SYMBOL:  ?_READ_SECTOR?BYTE
    MODULE:  Directory_Functions_struct.obj (DIRECTORY_FUNCTIONS_STRUCT)
    ADDRESS: 144DH

*** WARNING L2: REFERENCE MADE TO UNRESOLVED EXTERNAL
    SYMBOL:  ?_READ_SECTOR?BYTE
    MODULE:  Directory_Functions_struct.obj (DIRECTORY_FUNCTIONS_STRUCT)
    ADDRESS: 1450H

*** WARNING L2: REFERENCE MADE TO UNRESOLVED EXTERNAL
    SYMBOL:  ?_READ_SECTOR?BYTE
    MODULE:  Directory_Functions_struct.obj (DIRECTORY_FUNCTIONS_STRUCT)
    ADDRESS: 1453H

*** WARNING L2: REFERENCE MADE TO UNRESOLVED EXTERNAL
    SYMBOL:  _READ_SECTOR
    MODULE:  Directory_Functions_struct.obj (DIRECTORY_FUNCTIONS_STRUCT)
    ADDRESS: 1455H

*** WARNING L2: REFERENCE MADE TO UNRESOLVED EXTERNAL
    SYMBOL:  ?_READ_SECTOR?BYTE
    MODULE:  Directory_Functions_struct.obj (DIRECTORY_FUNCTIONS_STRUCT)
    ADDRESS: 0A46H

*** WARNING L2: REFERENCE MADE TO UNRESOLVED EXTERNAL
    SYMBOL:  ?_READ_SECTOR?BYTE
    MODULE:  Directory_Functions_struct.obj (DIRECTORY_FUNCTIONS_STRUCT)
    ADDRESS: 0A4AH

*** WARNING L2: REFERENCE MADE TO UNRESOLVED EXTERNAL
    SYMBOL:  ?_READ_SECTOR?BYTE
BL51 BANKED LINKER/LOCATER V4.02                                                      11/09/2019  12:06:31  PAGE 63


    MODULE:  Directory_Functions_struct.obj (DIRECTORY_FUNCTIONS_STRUCT)
    ADDRESS: 0A4DH

*** WARNING L2: REFERENCE MADE TO UNRESOLVED EXTERNAL
    SYMBOL:  ?_READ_SECTOR?BYTE
    MODULE:  Directory_Functions_struct.obj (DIRECTORY_FUNCTIONS_STRUCT)
    ADDRESS: 0A50H

*** WARNING L2: REFERENCE MADE TO UNRESOLVED EXTERNAL
    SYMBOL:  ?_READ_SECTOR?BYTE
    MODULE:  Directory_Functions_struct.obj (DIRECTORY_FUNCTIONS_STRUCT)
    ADDRESS: 0A53H

*** WARNING L2: REFERENCE MADE TO UNRESOLVED EXTERNAL
    SYMBOL:  _READ_SECTOR
    MODULE:  Directory_Functions_struct.obj (DIRECTORY_FUNCTIONS_STRUCT)
    ADDRESS: 0A55H

*** WARNING L2: REFERENCE MADE TO UNRESOLVED EXTERNAL
    SYMBOL:  _READ8
    MODULE:  Directory_Functions_struct.obj (DIRECTORY_FUNCTIONS_STRUCT)
    ADDRESS: 0A6BH

*** WARNING L2: REFERENCE MADE TO UNRESOLVED EXTERNAL
    SYMBOL:  _READ8
    MODULE:  Directory_Functions_struct.obj (DIRECTORY_FUNCTIONS_STRUCT)
    ADDRESS: 0A8FH

*** WARNING L2: REFERENCE MADE TO UNRESOLVED EXTERNAL
    SYMBOL:  _READ8
    MODULE:  Directory_Functions_struct.obj (DIRECTORY_FUNCTIONS_STRUCT)
    ADDRESS: 0AC8H

*** WARNING L2: REFERENCE MADE TO UNRESOLVED EXTERNAL
    SYMBOL:  _READ8
    MODULE:  Directory_Functions_struct.obj (DIRECTORY_FUNCTIONS_STRUCT)
    ADDRESS: 0AF6H

*** WARNING L2: REFERENCE MADE TO UNRESOLVED EXTERNAL
    SYMBOL:  _READ8
    MODULE:  Directory_Functions_struct.obj (DIRECTORY_FUNCTIONS_STRUCT)
    ADDRESS: 0B2EH

*** WARNING L2: REFERENCE MADE TO UNRESOLVED EXTERNAL
    SYMBOL:  _READ8
    MODULE:  Directory_Functions_struct.obj (DIRECTORY_FUNCTIONS_STRUCT)
    ADDRESS: 0B66H

*** WARNING L2: REFERENCE MADE TO UNRESOLVED EXTERNAL
    SYMBOL:  _READ8
    MODULE:  Directory_Functions_struct.obj (DIRECTORY_FUNCTIONS_STRUCT)
    ADDRESS: 0B8AH

*** WARNING L2: REFERENCE MADE TO UNRESOLVED EXTERNAL
    SYMBOL:  ?_READ_SECTOR?BYTE
    MODULE:  Directory_Functions_struct.obj (DIRECTORY_FUNCTIONS_STRUCT)
    ADDRESS: 0C02H
BL51 BANKED LINKER/LOCATER V4.02                                                      11/09/2019  12:06:31  PAGE 64



*** WARNING L2: REFERENCE MADE TO UNRESOLVED EXTERNAL
    SYMBOL:  ?_READ_SECTOR?BYTE
    MODULE:  Directory_Functions_struct.obj (DIRECTORY_FUNCTIONS_STRUCT)
    ADDRESS: 0C06H

*** WARNING L2: REFERENCE MADE TO UNRESOLVED EXTERNAL
    SYMBOL:  ?_READ_SECTOR?BYTE
    MODULE:  Directory_Functions_struct.obj (DIRECTORY_FUNCTIONS_STRUCT)
    ADDRESS: 0C09H

*** WARNING L2: REFERENCE MADE TO UNRESOLVED EXTERNAL
    SYMBOL:  ?_READ_SECTOR?BYTE
    MODULE:  Directory_Functions_struct.obj (DIRECTORY_FUNCTIONS_STRUCT)
    ADDRESS: 0C0CH

*** WARNING L2: REFERENCE MADE TO UNRESOLVED EXTERNAL
    SYMBOL:  ?_READ_SECTOR?BYTE
    MODULE:  Directory_Functions_struct.obj (DIRECTORY_FUNCTIONS_STRUCT)
    ADDRESS: 0C0FH

*** WARNING L2: REFERENCE MADE TO UNRESOLVED EXTERNAL
    SYMBOL:  _READ_SECTOR
    MODULE:  Directory_Functions_struct.obj (DIRECTORY_FUNCTIONS_STRUCT)
    ADDRESS: 0C11H

LINK/LOCATE RUN COMPLETE.  83 WARNING(S),  10 ERROR(S)
