C51 COMPILER V6.02  READ_SECTOR                                                            11/12/2019 13:08:18 PAGE 1   


C51 COMPILER V6.02, COMPILATION OF MODULE READ_SECTOR
OBJECT MODULE PLACED IN .\Read_Sector.OBJ
COMPILER INVOKED BY: C:\Keil\C51\BIN\C51.EXE .\Read_Sector.c DEBUG OBJECTEXTEND

stmt level    source

   1          #include "Read_Sector.h"
   2          #include "SPI.h"
   3          #include "SDCard.h"
   4          #include <stdio.h>
   5          
   6          #define No_Disk_Error 0x00
   7          #define Disk_Error 0x01
   8          
   9          uint8_t Read_Sector(uint32_t sector_number,uint16_t sector_size, uint8_t * array_for_data)
  10          {
  11   1      	uint8_t SDtype,error_flag=No_Disk_Error;
  12   1      
  13   1      	SDtype=Return_SD_Card_Type(); // HC=0, no change to sector number
  14   1      // SC=9, multiplies sector number by 512 to convert to byte addr.
  15   1      	SPI_Select_Clear(SD_Card_Select);
  16   1      	error_flag=SEND_COMMAND(17,(sector_number<<SDtype));
  17   1      	if(error_flag==no_errors) 
  18   1      	{
  19   2      		error_flag=read_block(sector_size, array_for_data);
  20   2      	}
  21   1      	SPI_Select_Set(SD_Card_Select);
  22   1      	if(error_flag!=no_errors)
  23   1      	{
  24   2      		error_flag=Disk_Error;
  25   2      	}
  26   1      	return error_flag;
  27   1      }
  28          


MODULE INFORMATION:   STATIC OVERLAYABLE
   CODE SIZE        =     85    ----
   CONSTANT SIZE    =   ----    ----
   XDATA SIZE       =   ----    ----
   PDATA SIZE       =   ----    ----
   DATA SIZE        =   ----      11
   IDATA SIZE       =   ----    ----
   BIT SIZE         =   ----    ----
END OF MODULE INFORMATION.


C51 COMPILATION COMPLETE.  0 WARNING(S),  0 ERROR(S)
