BL51 BANKED LINKER/LOCATER V4.02                                                        11/09/2019  16:57:00  PAGE 1


BL51 BANKED LINKER/LOCATER V4.02, INVOKED BY:
C:\KEIL\C51\BIN\BL51.EXE SD_card_test.obj, print_bytes.obj, SDCard.obj, SPI.obj, UART.obj, LCD_routines.obj, Long_Serial
>> _In.obj, LCD_hardware_functions.obj, Timer0_hardware_delay_1ms.obj, Outputs.obj, LED_Control.obj TO SD_Card_test RAMS
>> IZE (256)


MEMORY MODEL: SMALL


INPUT MODULES INCLUDED:
  SD_card_test.obj (SD_CARD_TEST)
  print_bytes.obj (PRINT_BYTES)
  SDCard.obj (SDCARD)
  SPI.obj (SPI)
  UART.obj (UART)
  LCD_routines.obj (LCD_ROUTINES)
  Long_Serial_In.obj (LONG_SERIAL_IN)
  LCD_hardware_functions.obj (LCD_HARDWARE_FUNCTIONS)
  Timer0_hardware_delay_1ms.obj (TIMER0_HARDWARE_DELAY_1MS)
  Outputs.obj (OUTPUTS)
  LED_Control.obj (LED_CONTROL)
  C:\KEIL\C51\LIB\C51S.LIB (?C_STARTUP)
  C:\KEIL\C51\LIB\C51S.LIB (?C?CLDOPTR)
  C:\KEIL\C51\LIB\C51S.LIB (?C?CSTPTR)
  C:\KEIL\C51\LIB\C51S.LIB (?C?CSTOPTR)
  C:\KEIL\C51\LIB\C51S.LIB (?C?LMUL)
  C:\KEIL\C51\LIB\C51S.LIB (?C?ULDIV)
  C:\KEIL\C51\LIB\C51S.LIB (?C?SLCMP)
  C:\KEIL\C51\LIB\C51S.LIB (?C?ULCMP)
  C:\KEIL\C51\LIB\C51S.LIB (?C?ULSHR)
  C:\KEIL\C51\LIB\C51S.LIB (?C?LSHL)
  C:\KEIL\C51\LIB\C51S.LIB (PUTCHAR)
  C:\KEIL\C51\LIB\C51S.LIB (PRINTF)
  C:\KEIL\C51\LIB\C51S.LIB (ATOL)
  C:\KEIL\C51\LIB\C51S.LIB (?C?CLDPTR)
  C:\KEIL\C51\LIB\C51S.LIB (?C?LNEG)
  C:\KEIL\C51\LIB\C51S.LIB (?C?PLDIIDATA)
  C:\KEIL\C51\LIB\C51S.LIB (?C?CCASE)
  C:\KEIL\C51\LIB\C51S.LIB (ISDIGIT)
  C:\KEIL\C51\LIB\C51S.LIB (ISSPACE)


LINK MAP OF MODULE:  SD_Card_test (SD_CARD_TEST)


            TYPE    BASE      LENGTH    RELOCATION   SEGMENT NAME
            -----------------------------------------------------

            * * * * * * *   D A T A   M E M O R Y   * * * * * * *
            REG     0000H     0008H     ABSOLUTE     "REG BANK 0"
            IDATA   0008H     0001H     UNIT         ?ID?SDCARD
                    0009H     0017H                  *** GAP ***
            BIT     0020H.0   0001H.1   UNIT         _BIT_GROUP_
                    0021H.1   0000H.7                *** GAP ***
            DATA    0022H     0031H     UNIT         _DATA_GROUP_
            IDATA   0053H     0001H     UNIT         ?STACK

            * * * * * * *  X D A T A   M E M O R Y  * * * * * * *
BL51 BANKED LINKER/LOCATER V4.02                                                      11/09/2019  16:57:00  PAGE 2


            XDATA   0000H     0200H     UNIT         ?XD?SD_CARD_TEST

            * * * * * * *   C O D E   M E M O R Y   * * * * * * *
            CODE    0000H     0003H     ABSOLUTE     
            CODE    0003H     03F2H     UNIT         ?PR?SD_CARD_INIT?SDCARD
            CODE    03F5H     035CH     UNIT         ?PR?PRINTF?PRINTF
            CODE    0751H     0228H     UNIT         ?C?LIB_CODE
            CODE    0979H     020EH     UNIT         ?CO?SDCARD
            CODE    0B87H     0180H     UNIT         ?PR?MAIN?SD_CARD_TEST
            CODE    0D07H     010BH     UNIT         ?PR?_SEND_COMMAND?SDCARD
            CODE    0E12H     00FFH     UNIT         ?PR?_READ_BLOCK?SDCARD
            CODE    0F11H     00DEH     UNIT         ?PR?_ATOL?ATOL
            CODE    0FEFH     00D1H     UNIT         ?PR?LONG_SERIAL_INPUT?LONG_SERIAL_IN
            CODE    10C0H     00B4H     UNIT         ?PR?_RESPONSE?SDCARD
            CODE    1174H     008CH     UNIT         ?PR?_SPI_MASTER_INIT?SPI
            CODE    1200H     0085H     UNIT         ?PR?_LCD_PRINT?LCD_ROUTINES
            CODE    1285H     0078H     UNIT         ?PR?_PRINT_16BYTES?PRINT_BYTES
            CODE    12FDH     006EH     UNIT         ?PR?_PRINT_ERROR?SDCARD
            CODE    136BH     0069H     UNIT         ?CO?SD_CARD_TEST
            CODE    13D4H     005FH     UNIT         ?PR?_PRINT_MEMORY?PRINT_BYTES
            CODE    1433H     0045H     UNIT         ?CO?PRINT_BYTES
            CODE    1478H     0045H     UNIT         ?PR?_SPI_TRANSFER?SPI
            CODE    14BDH     0038H     UNIT         ?PR?LCD_INIT?LCD_ROUTINES
            CODE    14F5H     0035H     UNIT         ?PR?_UART_INIT?UART
            CODE    152AH     002AH     UNIT         ?PR?_LCD_WRITE?LCD_HARDWARE_FUNCTIONS
            CODE    1554H     0027H     UNIT         ?PR?PUTCHAR?PUTCHAR
            CODE    157BH     0026H     UNIT         ?PR?_TIMER0_DELAY_1MS?TIMER0_HARDWARE_DELAY_1MS
            CODE    15A1H     0020H     UNIT         ?PR?_UART_TRANSMIT?UART
            CODE    15C1H     0013H     UNIT         ?PR?_ISSPACE?ISSPACE
            CODE    15D4H     000FH     UNIT         ?PR?_ISDIGIT?ISDIGIT
            CODE    15E3H     000CH     UNIT         ?C_C51STARTUP
            CODE    15EFH     0008H     UNIT         ?PR?UART_RECEIVE?UART
            CODE    15F7H     0005H     UNIT         ?PR?RETURN_SD_CARD_TYPE?SDCARD
            CODE    15FCH     0005H     UNIT         ?PR?_SPI_SELECT_CLEAR?SPI
            CODE    1601H     0005H     UNIT         ?PR?_P3_CLEAR_BIT?OUTPUTS
            CODE    1606H     0005H     UNIT         ?PR?_LEDS_ON?LED_CONTROL
            CODE    160BH     0004H     UNIT         ?PR?_SPI_SELECT_SET?SPI
            CODE    160FH     0004H     UNIT         ?PR?_P2_SET_BIT?OUTPUTS
            CODE    1613H     0004H     UNIT         ?PR?_P3_SET_BIT?OUTPUTS
            CODE    1617H     0004H     UNIT         ?PR?_LEDS_OFF?LED_CONTROL
            CODE    161BH     0003H     UNIT         ?PR?_P0_OUTPUT_BITS?OUTPUTS



OVERLAY MAP OF MODULE:   SD_Card_test (SD_CARD_TEST)


SEGMENT                                                    BIT_GROUP          DATA_GROUP 
  +--> CALLED SEGMENT                                   START    LENGTH     START    LENGTH
-------------------------------------------------------------------------------------------
?C_C51STARTUP                                           -----    -----      -----    -----
  +--> ?PR?MAIN?SD_CARD_TEST

?PR?MAIN?SD_CARD_TEST                                   -----    -----      0022H    0008H
  +--> ?PR?_P2_SET_BIT?OUTPUTS
  +--> ?PR?_LEDS_OFF?LED_CONTROL
  +--> ?PR?_LEDS_ON?LED_CONTROL
BL51 BANKED LINKER/LOCATER V4.02                                                      11/09/2019  16:57:00  PAGE 3


  +--> ?PR?_UART_INIT?UART
  +--> ?PR?LCD_INIT?LCD_ROUTINES
  +--> ?CO?SD_CARD_TEST
  +--> ?PR?PRINTF?PRINTF
  +--> ?PR?_LCD_PRINT?LCD_ROUTINES
  +--> ?PR?_SPI_MASTER_INIT?SPI
  +--> ?PR?_UART_TRANSMIT?UART
  +--> ?PR?SD_CARD_INIT?SDCARD
  +--> ?PR?RETURN_SD_CARD_TYPE?SDCARD
  +--> ?PR?LONG_SERIAL_INPUT?LONG_SERIAL_IN
  +--> ?PR?_SPI_SELECT_CLEAR?SPI
  +--> ?PR?_SEND_COMMAND?SDCARD
  +--> ?PR?_READ_BLOCK?SDCARD
  +--> ?PR?_SPI_SELECT_SET?SPI
  +--> ?PR?_PRINT_MEMORY?PRINT_BYTES

?PR?LCD_INIT?LCD_ROUTINES                               -----    -----      -----    -----
  +--> ?PR?_LCD_WRITE?LCD_HARDWARE_FUNCTIONS
  +--> ?PR?_TIMER0_DELAY_1MS?TIMER0_HARDWARE_DELAY_1MS

?PR?_LCD_WRITE?LCD_HARDWARE_FUNCTIONS                   -----    -----      0030H    0001H
  +--> ?PR?_P3_CLEAR_BIT?OUTPUTS
  +--> ?PR?_P3_SET_BIT?OUTPUTS
  +--> ?PR?_P0_OUTPUT_BITS?OUTPUTS

?PR?PRINTF?PRINTF                                       0020H.0  0001H.1    003FH    0014H
  +--> ?PR?PUTCHAR?PUTCHAR

?PR?_LCD_PRINT?LCD_ROUTINES                             -----    -----      002AH    0006H
  +--> ?PR?_LCD_WRITE?LCD_HARDWARE_FUNCTIONS
  +--> ?PR?_TIMER0_DELAY_1MS?TIMER0_HARDWARE_DELAY_1MS

?PR?_SPI_MASTER_INIT?SPI                                -----    -----      002AH    0001H

?PR?SD_CARD_INIT?SDCARD                                 -----    -----      002AH    0014H
  +--> ?PR?_SPI_SELECT_SET?SPI
  +--> ?CO?SDCARD
  +--> ?PR?PRINTF?PRINTF
  +--> ?PR?_SPI_TRANSFER?SPI
  +--> ?PR?_LEDS_ON?LED_CONTROL
  +--> ?PR?_SPI_SELECT_CLEAR?SPI
  +--> ?PR?_SEND_COMMAND?SDCARD
  +--> ?PR?_RESPONSE?SDCARD
  +--> ?PR?_LEDS_OFF?LED_CONTROL
  +--> ?PR?PUTCHAR?PUTCHAR
  +--> ?PR?_PRINT_ERROR?SDCARD

?PR?_SPI_TRANSFER?SPI                                   -----    -----      0047H    0002H

?PR?_SEND_COMMAND?SDCARD                                -----    -----      003EH    0009H
  +--> ?PR?_SPI_TRANSFER?SPI

?PR?_RESPONSE?SDCARD                                    -----    -----      003EH    0009H
  +--> ?PR?_SPI_TRANSFER?SPI

?PR?_PRINT_ERROR?SDCARD                                 -----    -----      003EH    0001H
  +--> ?CO?SDCARD
BL51 BANKED LINKER/LOCATER V4.02                                                      11/09/2019  16:57:00  PAGE 4


  +--> ?PR?PRINTF?PRINTF

?PR?LONG_SERIAL_INPUT?LONG_SERIAL_IN                    -----    -----      002AH    0011H
  +--> ?PR?UART_RECEIVE?UART
  +--> ?PR?PUTCHAR?PUTCHAR
  +--> ?PR?_UART_TRANSMIT?UART
  +--> ?PR?_ATOL?ATOL

?PR?_ATOL?ATOL                                          0020H.0  0000H.1    003BH    0007H
  +--> ?PR?_ISSPACE?ISSPACE
  +--> ?PR?_ISDIGIT?ISDIGIT

?PR?_READ_BLOCK?SDCARD                                  -----    -----      002AH    000AH
  +--> ?PR?_SPI_TRANSFER?SPI

?PR?_PRINT_MEMORY?PRINT_BYTES                           -----    -----      002AH    0008H
  +--> ?CO?PRINT_BYTES
  +--> ?PR?PRINTF?PRINTF
  +--> ?PR?_PRINT_16BYTES?PRINT_BYTES

?PR?_PRINT_16BYTES?PRINT_BYTES                          -----    -----      0032H    0005H
  +--> ?CO?PRINT_BYTES
  +--> ?PR?PRINTF?PRINTF
  +--> ?PR?_UART_TRANSMIT?UART



SYMBOL TABLE OF MODULE:  SD_Card_test (SD_CARD_TEST)

  VALUE           TYPE          NAME
  ----------------------------------

  -------         MODULE        SD_CARD_TEST
  C:0000H         SYMBOL        _ICE_DUMMY_
  B:00D8H.2       PUBLIC        CCF2
  B:00D8H.3       PUBLIC        CCF3
  D:0080H         PUBLIC        P0
  B:00D8H.4       PUBLIC        CCF4
  D:0090H         PUBLIC        P1
  D:00A0H         PUBLIC        P2
  D:00B0H         PUBLIC        P3
  B:00B0H.4       PUBLIC        T0
  B:00D0H.6       PUBLIC        AC
  B:00B0H.5       PUBLIC        T1
  B:00B0H.7       PUBLIC        nRD
  B:0090H.0       PUBLIC        T2
  B:00A8H.7       PUBLIC        EA
  B:00A8H.6       PUBLIC        EC
  B:00D8H.7       PUBLIC        CF
  B:00B0H.2       PUBLIC        nINT0
  B:0098H.7       PUBLIC        FE
  B:00B0H.3       PUBLIC        nINT1
  D:00A8H         PUBLIC        IEN0
  B:00B0H.0       PUBLIC        RxD
  B:0090H.0       PUBLIC        P1_0
  B:00B0H.1       PUBLIC        TxD
  B:0090H.3       PUBLIC        CEX0
BL51 BANKED LINKER/LOCATER V4.02                                                      11/09/2019  16:57:00  PAGE 5


  B:0090H.1       PUBLIC        P1_1
  B:0090H.4       PUBLIC        CEX1
  B:0090H.2       PUBLIC        P1_2
  B:00C8H.0       PUBLIC        CP
  B:0090H.3       PUBLIC        P1_3
  B:00B0H.2       PUBLIC        P3_2
  B:00D8H.6       PUBLIC        CR
  B:00B0H.3       PUBLIC        P3_3
  B:00C8H.6       PUBLIC        EXF2
  D:00B8H         PUBLIC        IPL0
  B:00B0H.4       PUBLIC        P3_4
  B:00B0H.5       PUBLIC        P3_5
  B:00B0H.6       PUBLIC        nWR
  B:00A8H.4       PUBLIC        ES
  B:0098H.0       PUBLIC        RI
  B:00D0H.7       PUBLIC        CY
  B:0098H.1       PUBLIC        TI
  D:008FH         PUBLIC        CKCON0
  B:00B8H.1       PUBLIC        PT0L
  B:00B8H.3       PUBLIC        PT1L
  C:13C6H         PUBLIC        SDHC
  B:00B8H.5       PUBLIC        PT2L
  B:0090H.1       PUBLIC        T2EX
  D:00D8H         PUBLIC        CCON
  B:00B0H.6       PUBLIC        RS
  B:00B8H.0       PUBLIC        PX0L
  B:00D0H.2       PUBLIC        OV
  B:0090H.1       PUBLIC        SS
  B:00B8H.2       PUBLIC        PX1L
  C:0B87H         PUBLIC        main
  C:13A8H         PUBLIC        SD_start
  B:00C8H.5       PUBLIC        RCLK
  C:13B8H         PUBLIC        SDSC
  B:00C8H.4       PUBLIC        TCLK
  B:00B8H.6       PUBLIC        PPCL
  B:00A0H.4       PUBLIC        REDLED
  D:0098H         PUBLIC        SCON
  B:00A0H.6       PUBLIC        YELLOWLED
  B:0090H.4       PUBLIC        nCS0
  B:0080H.0       PUBLIC        AD0
  D:0088H         PUBLIC        TCON
  B:0080H.1       PUBLIC        AD1
  B:0080H.2       PUBLIC        AD2
  B:00B0H.1       PUBLIC        per_RxD
  B:00C8H.1       PUBLIC        CnT2
  B:0080H.3       PUBLIC        AD3
  B:0090H.5       PUBLIC        MISO
  B:0090H.7       PUBLIC        MOSI
  B:0080H.4       PUBLIC        AD4
  B:00B0H.0       PUBLIC        per_TxD
  B:0080H.5       PUBLIC        AD5
  B:0080H.6       PUBLIC        AD6
  B:0080H.7       PUBLIC        AD7
  B:00A0H.0       PUBLIC        AD8
  B:00A0H.1       PUBLIC        AD9
  B:0088H.1       PUBLIC        IE0
  B:00A0H.7       PUBLIC        AMBERLED
BL51 BANKED LINKER/LOCATER V4.02                                                      11/09/2019  16:57:00  PAGE 6


  B:0088H.3       PUBLIC        IE1
  D:008EH         PUBLIC        AUXR
  B:00B0H.7       PUBLIC        E
  B:00A0H.5       PUBLIC        GREENLED
  B:00A8H.1       PUBLIC        ET0
  B:00A8H.3       PUBLIC        ET1
  B:0088H.5       PUBLIC        TF0
  B:00A8H.5       PUBLIC        ET2
  B:0088H.7       PUBLIC        TF1
  B:00C8H.7       PUBLIC        TF2
  B:0098H.2       PUBLIC        RB8
  B:00A8H.0       PUBLIC        EX0
  B:0088H.0       PUBLIC        IT0
  B:0098H.3       PUBLIC        TB8
  B:00A8H.2       PUBLIC        EX1
  B:0088H.2       PUBLIC        IT1
  B:00D0H.0       PUBLIC        P
  B:0098H.7       PUBLIC        SM0
  B:0090H.2       PUBLIC        ECI
  B:0098H.6       PUBLIC        SM1
  B:0098H.5       PUBLIC        SM2
  B:00D0H.3       PUBLIC        RS0
  B:0088H.4       PUBLIC        TR0
  B:00D0H.4       PUBLIC        RS1
  B:0090H.6       PUBLIC        per_SCLK
  B:0088H.6       PUBLIC        TR1
  B:00C8H.2       PUBLIC        TR2
  B:00A0H.0       PUBLIC        SW1
  B:00A0H.1       PUBLIC        SW2
  B:00A0H.2       PUBLIC        SW3
  B:00A0H.3       PUBLIC        SW4
  B:0090H.6       PUBLIC        SCK
  B:0090H.7       PUBLIC        per_MOSI
  B:0090H.5       PUBLIC        per_MISO
  B:00C8H.3       PUBLIC        EXEN2
  B:0098H.4       PUBLIC        REN
  B:00A0H.2       PUBLIC        AD10
  B:00A0H.3       PUBLIC        AD11
  D:00C8H         PUBLIC        T2CON
  B:00A0H.4       PUBLIC        AD12
  B:00A0H.5       PUBLIC        AD13
  B:00A0H.6       PUBLIC        AD14
  B:00A0H.7       PUBLIC        AD15
  X:0000H         PUBLIC        buf1
  B:00B8H.4       PUBLIC        PLS
  B:00D0H.5       PUBLIC        F0
  B:00D0H.1       PUBLIC        F1
  D:00D0H         PUBLIC        PSW
  B:00D8H.0       PUBLIC        CCF0
  B:00D8H.1       PUBLIC        CCF1
  -------         PROC          MAIN
  -------         DO            MAIN
  D:0004H         SYMBOL        block_num
  D:0022H         SYMBOL        LBA
  D:0026H         SYMBOL        i
  D:0028H         SYMBOL        error_flag
  D:0029H         SYMBOL        SD_stat
BL51 BANKED LINKER/LOCATER V4.02                                                      11/09/2019  16:57:00  PAGE 7


  -------         ENDDO         SD_stat
  C:0B87H         LINE#         26
  C:0B87H         LINE#         27
  C:0B87H         LINE#         33
  C:0B8AH         LINE#         34
  C:0B8AH         LINE#         35
  C:0B8AH         LINE#         36
  C:0B8DH         LINE#         37
  C:0B8DH         LINE#         38
  C:0B8DH         LINE#         39
  C:0B8DH         LINE#         40
  C:0B8DH         LINE#         41
  C:0B8DH         LINE#         43
  C:0B92H         LINE#         44
  C:0B97H         LINE#         45
  C:0B9CH         LINE#         46
  C:0BA1H         LINE#         47
  C:0BBEH         LINE#         48
  C:0BC3H         LINE#         49
  C:0BCAH         LINE#         50
  C:0BCDH         LINE#         53
  C:0BD6H         LINE#         54
  C:0BE2H         LINE#         55
  C:0BEFH         LINE#         56
  C:0BF3H         LINE#         57
  C:0BF3H         LINE#         58
  C:0BF8H         LINE#         59
  C:0BFDH         LINE#         60
  C:0BFFH         LINE#         61
  C:0BFFH         LINE#         62
  C:0C04H         LINE#         64
  C:0C09H         LINE#         65
  C:0C0DH         LINE#         66
  C:0C0DH         LINE#         67
  C:0C12H         LINE#         68
  C:0C17H         LINE#         69
  C:0C19H         LINE#         70
  C:0C19H         LINE#         71
  C:0C1EH         LINE#         72
  C:0C2BH         LINE#         73
  C:0C34H         LINE#         74
  C:0C38H         LINE#         75
  C:0C38H         LINE#         76
  C:0C3DH         LINE#         77
  C:0C42H         LINE#         78
  C:0C44H         LINE#         79
  C:0C44H         LINE#         80
  C:0C49H         LINE#         81
  C:0C49H         LINE#         82
  C:0C58H         LINE#         84
  C:0C68H         LINE#         85
  C:0C6DH         LINE#         86
  C:0C72H         LINE#         87
  C:0C72H         LINE#         88
  C:0C7FH         LINE#         89
  C:0C81H         LINE#         90
  C:0C85H         LINE#         91
BL51 BANKED LINKER/LOCATER V4.02                                                      11/09/2019  16:57:00  PAGE 8


  C:0C85H         LINE#         92
  C:0C91H         LINE#         93
  C:0C91H         LINE#         96
  C:0C91H         LINE#         97
  C:0C91H         LINE#         98
  C:0C9AH         LINE#         99
  C:0C9DH         LINE#         100
  C:0CACH         LINE#         101
  C:0CB1H         LINE#         102
  C:0CB6H         LINE#         103
  C:0CC9H         LINE#         104
  C:0CCDH         LINE#         105
  C:0CCDH         LINE#         106
  C:0CD2H         LINE#         107
  C:0CD4H         LINE#         108
  C:0CD4H         LINE#         109
  C:0CE3H         LINE#         110
  C:0CE8H         LINE#         111
  C:0CEDH         LINE#         112
  C:0CF1H         LINE#         113
  C:0CF1H         LINE#         114
  C:0CF6H         LINE#         115
  C:0CF8H         LINE#         116
  C:0CF8H         LINE#         117
  C:0D05H         LINE#         118
  -------         ENDPROC       MAIN
  -------         ENDMOD        SD_CARD_TEST

  -------         MODULE        PRINT_BYTES
  C:0000H         SYMBOL        _ICE_DUMMY_
  B:00D8H.2       PUBLIC        CCF2
  B:00D8H.3       PUBLIC        CCF3
  D:0080H         PUBLIC        P0
  B:00D8H.4       PUBLIC        CCF4
  D:0090H         PUBLIC        P1
  D:00A0H         PUBLIC        P2
  C:1285H         PUBLIC        _print_16bytes
  D:00B0H         PUBLIC        P3
  B:00B0H.4       PUBLIC        T0
  B:00D0H.6       PUBLIC        AC
  B:00B0H.5       PUBLIC        T1
  B:00B0H.7       PUBLIC        nRD
  B:0090H.0       PUBLIC        T2
  B:00A8H.7       PUBLIC        EA
  B:00A8H.6       PUBLIC        EC
  B:00D8H.7       PUBLIC        CF
  B:00B0H.2       PUBLIC        nINT0
  B:0098H.7       PUBLIC        FE
  B:00B0H.3       PUBLIC        nINT1
  D:00A8H         PUBLIC        IEN0
  C:13D4H         PUBLIC        _print_memory
  B:00B0H.0       PUBLIC        RxD
  B:00B0H.1       PUBLIC        TxD
  B:0090H.3       PUBLIC        CEX0
  B:0090H.4       PUBLIC        CEX1
  B:00C8H.0       PUBLIC        CP
  B:00D8H.6       PUBLIC        CR
BL51 BANKED LINKER/LOCATER V4.02                                                      11/09/2019  16:57:00  PAGE 9


  B:00C8H.6       PUBLIC        EXF2
  D:00B8H         PUBLIC        IPL0
  B:00B0H.6       PUBLIC        nWR
  B:00A8H.4       PUBLIC        ES
  B:0098H.0       PUBLIC        RI
  B:00D0H.7       PUBLIC        CY
  B:0098H.1       PUBLIC        TI
  B:00B8H.1       PUBLIC        PT0L
  B:00B8H.3       PUBLIC        PT1L
  B:00B8H.5       PUBLIC        PT2L
  B:0090H.1       PUBLIC        T2EX
  D:00D8H         PUBLIC        CCON
  B:00B8H.0       PUBLIC        PX0L
  B:00D0H.2       PUBLIC        OV
  B:0090H.1       PUBLIC        SS
  B:00B8H.2       PUBLIC        PX1L
  B:00C8H.5       PUBLIC        RCLK
  B:00C8H.4       PUBLIC        TCLK
  B:00B8H.6       PUBLIC        PPCL
  D:0098H         PUBLIC        SCON
  B:0080H.0       PUBLIC        AD0
  D:0088H         PUBLIC        TCON
  B:0080H.1       PUBLIC        AD1
  B:0080H.2       PUBLIC        AD2
  B:00C8H.1       PUBLIC        CnT2
  B:0080H.3       PUBLIC        AD3
  B:0090H.5       PUBLIC        MISO
  B:0090H.7       PUBLIC        MOSI
  B:0080H.4       PUBLIC        AD4
  B:0080H.5       PUBLIC        AD5
  B:0080H.6       PUBLIC        AD6
  B:0080H.7       PUBLIC        AD7
  B:00A0H.0       PUBLIC        AD8
  B:00A0H.1       PUBLIC        AD9
  B:0088H.1       PUBLIC        IE0
  B:0088H.3       PUBLIC        IE1
  B:00A8H.1       PUBLIC        ET0
  B:00A8H.3       PUBLIC        ET1
  B:0088H.5       PUBLIC        TF0
  B:00A8H.5       PUBLIC        ET2
  B:0088H.7       PUBLIC        TF1
  B:00C8H.7       PUBLIC        TF2
  B:0098H.2       PUBLIC        RB8
  B:00A8H.0       PUBLIC        EX0
  B:0088H.0       PUBLIC        IT0
  B:0098H.3       PUBLIC        TB8
  B:00A8H.2       PUBLIC        EX1
  B:0088H.2       PUBLIC        IT1
  B:00D0H.0       PUBLIC        P
  B:0098H.7       PUBLIC        SM0
  B:0090H.2       PUBLIC        ECI
  B:0098H.6       PUBLIC        SM1
  B:0098H.5       PUBLIC        SM2
  B:00D0H.3       PUBLIC        RS0
  B:0088H.4       PUBLIC        TR0
  B:00D0H.4       PUBLIC        RS1
  B:0088H.6       PUBLIC        TR1
BL51 BANKED LINKER/LOCATER V4.02                                                      11/09/2019  16:57:00  PAGE 10


  B:00C8H.2       PUBLIC        TR2
  B:0090H.6       PUBLIC        SCK
  B:00C8H.3       PUBLIC        EXEN2
  B:0098H.4       PUBLIC        REN
  B:00A0H.2       PUBLIC        AD10
  B:00A0H.3       PUBLIC        AD11
  D:00C8H         PUBLIC        T2CON
  B:00A0H.4       PUBLIC        AD12
  B:00A0H.5       PUBLIC        AD13
  B:00A0H.6       PUBLIC        AD14
  B:00A0H.7       PUBLIC        AD15
  B:00B8H.4       PUBLIC        PLS
  B:00D0H.5       PUBLIC        F0
  B:00D0H.1       PUBLIC        F1
  D:00D0H         PUBLIC        PSW
  B:00D8H.0       PUBLIC        CCF0
  B:00D8H.1       PUBLIC        CCF1
  -------         PROC          _PRINT_16BYTES
  D:0001H         SYMBOL        array_in_p
  -------         DO            array_in_p
  D:0032H         SYMBOL        input_p
  D:0035H         SYMBOL        index
  D:0036H         SYMBOL        dat
  -------         ENDDO         dat
  C:1285H         LINE#         16
  C:1285H         LINE#         17
  C:1285H         LINE#         20
  C:128BH         LINE#         21
  C:129AH         LINE#         22
  C:129DH         LINE#         23
  C:129DH         LINE#         24
  C:12AEH         LINE#         25
  C:12B9H         LINE#         26
  C:12C2H         LINE#         27
  C:12C5H         LINE#         28
  C:12C5H         LINE#         29
  C:12D6H         LINE#         30
  C:12E5H         LINE#         31
  C:12EAH         LINE#         32
  C:12F3H         LINE#         33
  C:12F8H         LINE#         34
  -------         ENDPROC       _PRINT_16BYTES
  -------         PROC          _PRINT_MEMORY
  D:002AH         SYMBOL        array_in_p
  D:002DH         SYMBOL        number_of_bytes
  -------         DO            number_of_bytes
  D:002FH         SYMBOL        input_p
  D:0006H         SYMBOL        i
  -------         ENDDO         i
  C:13D4H         LINE#         44
  C:13DEH         LINE#         45
  C:13DEH         LINE#         48
  C:13E4H         LINE#         49
  C:13E8H         LINE#         50
  C:13EDH         LINE#         51
  C:13F9H         LINE#         52
  C:1402H         LINE#         54
BL51 BANKED LINKER/LOCATER V4.02                                                      11/09/2019  16:57:00  PAGE 11


  C:1402H         LINE#         55
  C:140BH         LINE#         56
  C:1416H         LINE#         57
  C:1432H         LINE#         58
  -------         ENDPROC       _PRINT_MEMORY
  -------         ENDMOD        PRINT_BYTES

  -------         MODULE        SDCARD
  C:0000H         SYMBOL        _ICE_DUMMY_
  B:00D8H.2       PUBLIC        CCF2
  B:00D8H.3       PUBLIC        CCF3
  D:0080H         PUBLIC        P0
  B:00D8H.4       PUBLIC        CCF4
  D:0090H         PUBLIC        P1
  D:00A0H         PUBLIC        P2
  D:00B0H         PUBLIC        P3
  B:00B0H.4       PUBLIC        T0
  B:00D0H.6       PUBLIC        AC
  B:00B0H.5       PUBLIC        T1
  B:00B0H.7       PUBLIC        nRD
  B:0090H.0       PUBLIC        T2
  B:00A8H.7       PUBLIC        EA
  B:00A8H.6       PUBLIC        EC
  B:00D8H.7       PUBLIC        CF
  B:00B0H.2       PUBLIC        nINT0
  B:0098H.7       PUBLIC        FE
  B:00B0H.3       PUBLIC        nINT1
  D:00A8H         PUBLIC        IEN0
  B:00B0H.0       PUBLIC        RxD
  B:0090H.0       PUBLIC        P1_0
  B:00B0H.1       PUBLIC        TxD
  B:0090H.3       PUBLIC        CEX0
  B:0090H.1       PUBLIC        P1_1
  B:0090H.4       PUBLIC        CEX1
  B:0090H.2       PUBLIC        P1_2
  B:00C8H.0       PUBLIC        CP
  B:0090H.3       PUBLIC        P1_3
  B:00B0H.2       PUBLIC        P3_2
  B:00D8H.6       PUBLIC        CR
  B:00B0H.3       PUBLIC        P3_3
  B:00C8H.6       PUBLIC        EXF2
  D:00B8H         PUBLIC        IPL0
  B:00B0H.4       PUBLIC        P3_4
  B:00B0H.5       PUBLIC        P3_5
  B:00B0H.6       PUBLIC        nWR
  B:00A8H.4       PUBLIC        ES
  B:0098H.0       PUBLIC        RI
  B:00D0H.7       PUBLIC        CY
  B:0098H.1       PUBLIC        TI
  C:12FDH         PUBLIC        _print_error
  B:00B8H.1       PUBLIC        PT0L
  B:00B8H.3       PUBLIC        PT1L
  B:00B8H.5       PUBLIC        PT2L
  B:0090H.1       PUBLIC        T2EX
  D:00D8H         PUBLIC        CCON
  B:00B0H.6       PUBLIC        RS
  B:00B8H.0       PUBLIC        PX0L
BL51 BANKED LINKER/LOCATER V4.02                                                      11/09/2019  16:57:00  PAGE 12


  B:00D0H.2       PUBLIC        OV
  B:0090H.1       PUBLIC        SS
  B:00B8H.2       PUBLIC        PX1L
  C:0003H         PUBLIC        SD_card_init
  B:00C8H.5       PUBLIC        RCLK
  B:00C8H.4       PUBLIC        TCLK
  B:00B8H.6       PUBLIC        PPCL
  B:00A0H.4       PUBLIC        REDLED
  D:0098H         PUBLIC        SCON
  B:00A0H.6       PUBLIC        YELLOWLED
  B:0090H.4       PUBLIC        nCS0
  B:0080H.0       PUBLIC        AD0
  D:0088H         PUBLIC        TCON
  B:0080H.1       PUBLIC        AD1
  B:0080H.2       PUBLIC        AD2
  B:00B0H.1       PUBLIC        per_RxD
  B:00C8H.1       PUBLIC        CnT2
  B:0080H.3       PUBLIC        AD3
  B:0090H.5       PUBLIC        MISO
  B:0090H.7       PUBLIC        MOSI
  B:0080H.4       PUBLIC        AD4
  B:00B0H.0       PUBLIC        per_TxD
  B:0080H.5       PUBLIC        AD5
  B:0080H.6       PUBLIC        AD6
  B:0080H.7       PUBLIC        AD7
  B:00A0H.0       PUBLIC        AD8
  B:00A0H.1       PUBLIC        AD9
  B:0088H.1       PUBLIC        IE0
  B:00A0H.7       PUBLIC        AMBERLED
  B:0088H.3       PUBLIC        IE1
  B:00B0H.7       PUBLIC        E
  B:00A0H.5       PUBLIC        GREENLED
  B:00A8H.1       PUBLIC        ET0
  B:00A8H.3       PUBLIC        ET1
  B:0088H.5       PUBLIC        TF0
  B:00A8H.5       PUBLIC        ET2
  B:0088H.7       PUBLIC        TF1
  B:00C8H.7       PUBLIC        TF2
  B:0098H.2       PUBLIC        RB8
  B:00A8H.0       PUBLIC        EX0
  B:0088H.0       PUBLIC        IT0
  B:0098H.3       PUBLIC        TB8
  B:00A8H.2       PUBLIC        EX1
  B:0088H.2       PUBLIC        IT1
  B:00D0H.0       PUBLIC        P
  B:0098H.7       PUBLIC        SM0
  B:0090H.2       PUBLIC        ECI
  B:0098H.6       PUBLIC        SM1
  B:0098H.5       PUBLIC        SM2
  C:10C7H         PUBLIC        _response
  B:00D0H.3       PUBLIC        RS0
  B:0088H.4       PUBLIC        TR0
  B:00D0H.4       PUBLIC        RS1
  B:0090H.6       PUBLIC        per_SCLK
  B:0088H.6       PUBLIC        TR1
  B:00C8H.2       PUBLIC        TR2
  B:00A0H.0       PUBLIC        SW1
BL51 BANKED LINKER/LOCATER V4.02                                                      11/09/2019  16:57:00  PAGE 13


  B:00A0H.1       PUBLIC        SW2
  C:15F7H         PUBLIC        Return_SD_Card_Type
  B:00A0H.2       PUBLIC        SW3
  B:00A0H.3       PUBLIC        SW4
  B:0090H.6       PUBLIC        SCK
  B:0090H.7       PUBLIC        per_MOSI
  B:0090H.5       PUBLIC        per_MISO
  B:00C8H.3       PUBLIC        EXEN2
  B:0098H.4       PUBLIC        REN
  B:00A0H.2       PUBLIC        AD10
  B:00A0H.3       PUBLIC        AD11
  D:00C8H         PUBLIC        T2CON
  B:00A0H.4       PUBLIC        AD12
  B:00A0H.5       PUBLIC        AD13
  B:00A0H.6       PUBLIC        AD14
  B:00A0H.7       PUBLIC        AD15
  C:0E12H         PUBLIC        _read_block
  C:0D12H         PUBLIC        _SEND_COMMAND
  B:00B8H.4       PUBLIC        PLS
  B:00D0H.5       PUBLIC        F0
  B:00D0H.1       PUBLIC        F1
  I:0008H         SYMBOL        SD_Card_Type
  D:00D0H         PUBLIC        PSW
  B:00D8H.0       PUBLIC        CCF0
  B:00D8H.1       PUBLIC        CCF1
  -------         PROC          L?0133
  -------         ENDPROC       L?0133
  -------         PROC          _SEND_COMMAND
  D:003EH         SYMBOL        cmnd
  D:003FH         SYMBOL        argum
  -------         DO            argum
  D:0043H         SYMBOL        SPI_send
  D:0044H         SYMBOL        return_val
  D:0045H         SYMBOL        SPI_return
  D:0046H         SYMBOL        error_flag
  -------         ENDDO         error_flag
  C:0D12H         LINE#         21
  C:0D14H         LINE#         22
  C:0D14H         LINE#         25
  C:0D17H         LINE#         26
  C:0D21H         LINE#         27
  C:0D21H         LINE#         28
  C:0D27H         LINE#         29
  C:0D33H         LINE#         30
  C:0D37H         LINE#         31
  C:0D37H         LINE#         32
  C:0D46H         LINE#         33
  C:0D51H         LINE#         34
  C:0D53H         LINE#         36
  C:0D53H         LINE#         37
  C:0D56H         LINE#         38
  C:0D56H         LINE#         39
  C:0D5EH         LINE#         40
  C:0D5EH         LINE#         41
  C:0D6DH         LINE#         42
  C:0D7CH         LINE#         43
  C:0D87H         LINE#         44
BL51 BANKED LINKER/LOCATER V4.02                                                      11/09/2019  16:57:00  PAGE 14


  C:0D89H         LINE#         46
  C:0D89H         LINE#         47
  C:0D8CH         LINE#         48
  C:0D8CH         LINE#         49
  C:0D94H         LINE#         50
  C:0D94H         LINE#         51
  C:0DA1H         LINE#         52
  C:0DB0H         LINE#         53
  C:0DBBH         LINE#         54
  C:0DBDH         LINE#         56
  C:0DBDH         LINE#         57
  C:0DC0H         LINE#         58
  C:0DC0H         LINE#         59
  C:0DC8H         LINE#         60
  C:0DC8H         LINE#         61
  C:0DCEH         LINE#         62
  C:0DDAH         LINE#         63
  C:0DDCH         LINE#         65
  C:0DDCH         LINE#         66
  C:0DDFH         LINE#         67
  C:0DDFH         LINE#         68
  C:0DE7H         LINE#         69
  C:0DE7H         LINE#         70
  C:0DEBH         LINE#         71
  C:0DEBH         LINE#         72
  C:0DEEH         LINE#         73
  C:0DF0H         LINE#         74
  C:0DF5H         LINE#         75
  C:0DF5H         LINE#         76
  C:0DF8H         LINE#         77
  C:0DFAH         LINE#         79
  C:0DFAH         LINE#         80
  C:0DFDH         LINE#         81
  C:0DFDH         LINE#         82
  C:0E0AH         LINE#         83
  C:0E0AH         LINE#         84
  C:0E0CH         LINE#         86
  C:0E0CH         LINE#         87
  C:0E0FH         LINE#         88
  C:0E0FH         LINE#         89
  C:0E11H         LINE#         90
  -------         ENDPROC       _SEND_COMMAND
  -------         PROC          L?0132
  -------         ENDPROC       L?0132
  -------         PROC          _RESPONSE
  D:003EH         SYMBOL        num_bytes
  D:003FH         SYMBOL        valout_p
  -------         DO            valout_p
  D:0042H         SYMBOL        return_val
  D:0043H         SYMBOL        error_flag
  D:0044H         SYMBOL        SPI_return
  D:0045H         SYMBOL        index
  -------         ENDDO         index
  C:10C7H         LINE#         99
  C:10CFH         LINE#         100
  C:10CFH         LINE#         102
  C:10D4H         LINE#         104
BL51 BANKED LINKER/LOCATER V4.02                                                      11/09/2019  16:57:00  PAGE 15


  C:10D6H         LINE#         106
  C:10D6H         LINE#         107
  C:10E3H         LINE#         109
  C:10EBH         LINE#         110
  C:10FAH         LINE#         111
  C:10FEH         LINE#         112
  C:10FEH         LINE#         113
  C:1101H         LINE#         114
  C:1103H         LINE#         115
  C:1109H         LINE#         116
  C:1109H         LINE#         117
  C:110CH         LINE#         118
  C:110EH         LINE#         120
  C:110EH         LINE#         121
  C:1119H         LINE#         122
  C:1121H         LINE#         123
  C:1121H         LINE#         124
  C:1128H         LINE#         125
  C:1128H         LINE#         126
  C:1139H         LINE#         127
  C:1139H         LINE#         128
  C:1146H         LINE#         129
  C:1157H         LINE#         130
  C:1161H         LINE#         131
  C:1161H         LINE#         132
  C:1161H         LINE#         134
  C:1161H         LINE#         135
  C:1164H         LINE#         136
  C:1164H         LINE#         137
  C:1164H         LINE#         138
  C:1171H         LINE#         139
  C:1173H         LINE#         140
  -------         ENDPROC       _RESPONSE
  -------         PROC          _READ_BLOCK
  D:002AH         SYMBOL        num_bytes
  D:002CH         SYMBOL        array_out_p
  -------         DO            array_out_p
  D:002FH         SYMBOL        error_flag
  D:0030H         SYMBOL        return_val
  D:0031H         SYMBOL        SPI_return
  D:0032H         SYMBOL        index
  -------         ENDDO         index
  C:0E12H         LINE#         151
  C:0E1CH         LINE#         152
  C:0E1CH         LINE#         155
  C:0E21H         LINE#         156
  C:0E23H         LINE#         158
  C:0E23H         LINE#         159
  C:0E30H         LINE#         160
  C:0E38H         LINE#         161
  C:0E47H         LINE#         162
  C:0E4BH         LINE#         163
  C:0E4BH         LINE#         164
  C:0E4EH         LINE#         165
  C:0E51H         LINE#         166
  C:0E57H         LINE#         167
  C:0E57H         LINE#         168
BL51 BANKED LINKER/LOCATER V4.02                                                      11/09/2019  16:57:00  PAGE 16


  C:0E5AH         LINE#         169
  C:0E5DH         LINE#         171
  C:0E5DH         LINE#         172
  C:0E64H         LINE#         173
  C:0E64H         LINE#         174
  C:0E68H         LINE#         176
  C:0E68H         LINE#         177
  C:0E75H         LINE#         178
  C:0E7DH         LINE#         179
  C:0E8CH         LINE#         180
  C:0E90H         LINE#         181
  C:0E90H         LINE#         182
  C:0E93H         LINE#         183
  C:0E95H         LINE#         184
  C:0E9BH         LINE#         185
  C:0E9BH         LINE#         186
  C:0E9EH         LINE#         187
  C:0EA0H         LINE#         188
  C:0EA6H         LINE#         189
  C:0EA6H         LINE#         190
  C:0EB5H         LINE#         191
  C:0EB5H         LINE#         192
  C:0EC2H         LINE#         193
  C:0ED3H         LINE#         194
  C:0EDDH         LINE#         195
  C:0EEAH         LINE#         196
  C:0EF7H         LINE#         197
  C:0EF9H         LINE#         199
  C:0EF9H         LINE#         200
  C:0EFCH         LINE#         201
  C:0EFCH         LINE#         202
  C:0EFEH         LINE#         204
  C:0EFEH         LINE#         205
  C:0F01H         LINE#         206
  C:0F01H         LINE#         207
  C:0F01H         LINE#         208
  C:0F0EH         LINE#         209
  C:0F10H         LINE#         210
  -------         ENDPROC       _READ_BLOCK
  -------         PROC          SD_CARD_INIT
  -------         DO            SD_CARD_INIT
  D:002AH         SYMBOL        i
  D:002BH         SYMBOL        error_status
  D:002CH         SYMBOL        error_flag
  D:002DH         SYMBOL        valsout
  D:0035H         SYMBOL        SPI_return
  D:0036H         SYMBOL        argument
  D:003AH         SYMBOL        timeout
  -------         ENDDO         timeout
  C:0003H         LINE#         218
  C:0003H         LINE#         219
  C:0003H         LINE#         223
  C:0006H         LINE#         224
  C:000AH         LINE#         225
  C:000FH         LINE#         226
  C:0018H         LINE#         227
  C:001BH         LINE#         228
BL51 BANKED LINKER/LOCATER V4.02                                                      11/09/2019  16:57:00  PAGE 17


  C:001BH         LINE#         229
  C:0028H         LINE#         230
  C:0031H         LINE#         231
  C:0036H         LINE#         232
  C:003FH         LINE#         233
  C:0044H         LINE#         234
  C:0053H         LINE#         235
  C:0057H         LINE#         236
  C:0057H         LINE#         237
  C:005CH         LINE#         238
  C:0068H         LINE#         239
  C:006AH         LINE#         241
  C:006AH         LINE#         242
  C:006FH         LINE#         243
  C:006FH         LINE#         244
  C:0074H         LINE#         245
  C:0079H         LINE#         246
  C:007DH         LINE#         247
  C:007DH         LINE#         248
  C:007FH         LINE#         249
  C:007FH         LINE#         250
  C:0086H         LINE#         251
  C:0086H         LINE#         252
  C:008BH         LINE#         253
  C:0094H         LINE#         254
  C:0099H         LINE#         255
  C:00ABH         LINE#         256
  C:00B2H         LINE#         257
  C:00B2H         LINE#         258
  C:00BEH         LINE#         259
  C:00C3H         LINE#         260
  C:00C8H         LINE#         261
  C:00CCH         LINE#         262
  C:00CCH         LINE#         263
  C:00D5H         LINE#         264
  C:00E1H         LINE#         265
  C:00EBH         LINE#         266
  C:00EBH         LINE#         267
  C:00EEH         LINE#         268
  C:00F2H         LINE#         269
  C:00FBH         LINE#         270
  C:0104H         LINE#         271
  C:0106H         LINE#         273
  C:0106H         LINE#         274
  C:0109H         LINE#         275
  C:0109H         LINE#         276
  C:010BH         LINE#         278
  C:010BH         LINE#         279
  C:0114H         LINE#         280
  C:0117H         LINE#         281
  C:0117H         LINE#         282
  C:0128H         LINE#         283
  C:0131H         LINE#         284
  C:0136H         LINE#         285
  C:013BH         LINE#         286
  C:0141H         LINE#         287
  C:0141H         LINE#         288
BL51 BANKED LINKER/LOCATER V4.02                                                      11/09/2019  16:57:00  PAGE 18


  C:0144H         LINE#         289
  C:0144H         LINE#         290
  C:0148H         LINE#         291
  C:0151H         LINE#         292
  C:0151H         LINE#         293
  C:0153H         LINE#         295
  C:0153H         LINE#         296
  C:0158H         LINE#         297
  C:015DH         LINE#         298
  C:0162H         LINE#         299
  C:0162H         LINE#         300
  C:0162H         LINE#         301
  C:0169H         LINE#         302
  C:0169H         LINE#         303
  C:016EH         LINE#         304
  C:0177H         LINE#         305
  C:017CH         LINE#         306
  C:0181H         LINE#         307
  C:0185H         LINE#         308
  C:0185H         LINE#         309
  C:0191H         LINE#         310
  C:0196H         LINE#         311
  C:019BH         LINE#         312
  C:01A4H         LINE#         313
  C:01A7H         LINE#         314
  C:01A7H         LINE#         315
  C:01B8H         LINE#         316
  C:01C1H         LINE#         317
  C:01C6H         LINE#         318
  C:01CBH         LINE#         319
  C:01D3H         LINE#         320
  C:01D3H         LINE#         321
  C:01D6H         LINE#         322
  C:01D6H         LINE#         323
  C:01D8H         LINE#         325
  C:01D8H         LINE#         326
  C:01DDH         LINE#         327
  C:01E2H         LINE#         328
  C:01E7H         LINE#         329
  C:01E7H         LINE#         330
  C:01EBH         LINE#         331
  C:01EBH         LINE#         332
  C:01EDH         LINE#         333
  C:01EDH         LINE#         334
  C:01EDH         LINE#         335
  C:01F4H         LINE#         336
  C:01F4H         LINE#         337
  C:01FAH         LINE#         338
  C:01FAH         LINE#         339
  C:0204H         LINE#         340
  C:0206H         LINE#         342
  C:0206H         LINE#         343
  C:020FH         LINE#         344
  C:020FH         LINE#         345
  C:0218H         LINE#         346
  C:021DH         LINE#         347
  C:0226H         LINE#         350
BL51 BANKED LINKER/LOCATER V4.02                                                      11/09/2019  16:57:00  PAGE 19


  C:0226H         LINE#         351
  C:022BH         LINE#         352
  C:023BH         LINE#         353
  C:0244H         LINE#         355
  C:024EH         LINE#         356
  C:0261H         LINE#         357
  C:0268H         LINE#         358
  C:026DH         LINE#         360
  C:0282H         LINE#         361
  C:0298H         LINE#         362
  C:02A1H         LINE#         363
  C:02A5H         LINE#         364
  C:02A5H         LINE#         365
  C:02AAH         LINE#         366
  C:02B6H         LINE#         367
  C:02B8H         LINE#         369
  C:02B8H         LINE#         370
  C:02BDH         LINE#         371
  C:02C2H         LINE#         372
  C:02C2H         LINE#         374
  C:02D7H         LINE#         375
  C:02DBH         LINE#         376
  C:02DBH         LINE#         377
  C:02DDH         LINE#         378
  C:02DDH         LINE#         379
  C:02DDH         LINE#         380
  C:02EEH         LINE#         381
  C:02EEH         LINE#         382
  C:02F3H         LINE#         383
  C:02FCH         LINE#         384
  C:0301H         LINE#         385
  C:0306H         LINE#         386
  C:030DH         LINE#         387
  C:030DH         LINE#         388
  C:0319H         LINE#         389
  C:031EH         LINE#         390
  C:0323H         LINE#         391
  C:032CH         LINE#         392
  C:032FH         LINE#         393
  C:032FH         LINE#         394
  C:0340H         LINE#         395
  C:0349H         LINE#         396
  C:034EH         LINE#         397
  C:0353H         LINE#         398
  C:0358H         LINE#         399
  C:0358H         LINE#         400
  C:035BH         LINE#         401
  C:035EH         LINE#         403
  C:035EH         LINE#         404
  C:0366H         LINE#         405
  C:0366H         LINE#         406
  C:036AH         LINE#         407
  C:0373H         LINE#         408
  C:0375H         LINE#         410
  C:0375H         LINE#         411
  C:0379H         LINE#         412
  C:0382H         LINE#         413
BL51 BANKED LINKER/LOCATER V4.02                                                      11/09/2019  16:57:00  PAGE 20


  C:0387H         LINE#         414
  C:0390H         LINE#         415
  C:0395H         LINE#         416
  C:03A6H         LINE#         417
  C:03AAH         LINE#         418
  C:03AAH         LINE#         419
  C:03AFH         LINE#         420
  C:03B4H         LINE#         421
  C:03B9H         LINE#         422
  C:03C5H         LINE#         423
  C:03CEH         LINE#         424
  C:03CEH         LINE#         425
  C:03CEH         LINE#         426
  C:03CEH         LINE#         427
  C:03D0H         LINE#         429
  C:03D0H         LINE#         430
  C:03D5H         LINE#         431
  C:03DAH         LINE#         432
  C:03DFH         LINE#         433
  C:03DFH         LINE#         434
  C:03E3H         LINE#         435
  C:03E3H         LINE#         436
  C:03E5H         LINE#         437
  C:03EAH         LINE#         438
  C:03EAH         LINE#         439
  C:03EAH         LINE#         440
  C:03EEH         LINE#         441
  C:03EEH         LINE#         442
  C:03F2H         LINE#         443
  C:03F2H         LINE#         444
  C:03F4H         LINE#         445
  -------         ENDPROC       SD_CARD_INIT
  -------         PROC          RETURN_SD_CARD_TYPE
  C:15F7H         LINE#         453
  C:15F7H         LINE#         454
  C:15F7H         LINE#         455
  C:15FBH         LINE#         456
  -------         ENDPROC       RETURN_SD_CARD_TYPE
  -------         PROC          _PRINT_ERROR
  D:003EH         SYMBOL        error
  C:12FDH         LINE#         465
  C:12FFH         LINE#         466
  C:12FFH         LINE#         467
  C:130DH         LINE#         468
  C:131BH         LINE#         469
  C:1329H         LINE#         470
  C:1337H         LINE#         471
  C:1345H         LINE#         472
  C:1353H         LINE#         473
  C:1361H         LINE#         474
  C:136AH         LINE#         475
  -------         ENDPROC       _PRINT_ERROR
  -------         ENDMOD        SDCARD

  -------         MODULE        SPI
  C:0000H         SYMBOL        _ICE_DUMMY_
  B:00D8H.2       PUBLIC        CCF2
BL51 BANKED LINKER/LOCATER V4.02                                                      11/09/2019  16:57:00  PAGE 21


  B:00D8H.3       PUBLIC        CCF3
  D:0080H         PUBLIC        P0
  B:00D8H.4       PUBLIC        CCF4
  D:0090H         PUBLIC        P1
  D:00A0H         PUBLIC        P2
  D:00B0H         PUBLIC        P3
  B:00B0H.4       PUBLIC        T0
  B:00D0H.6       PUBLIC        AC
  B:00B0H.5       PUBLIC        T1
  B:00B0H.7       PUBLIC        nRD
  D:00C3H         PUBLIC        SPCON
  B:0090H.0       PUBLIC        T2
  B:00A8H.7       PUBLIC        EA
  B:00A8H.6       PUBLIC        EC
  B:00D8H.7       PUBLIC        CF
  B:00B0H.2       PUBLIC        nINT0
  B:0098H.7       PUBLIC        FE
  B:00B0H.3       PUBLIC        nINT1
  D:00C4H         PUBLIC        SPSTA
  D:00A8H         PUBLIC        IEN0
  B:00B0H.0       PUBLIC        RxD
  B:0090H.0       PUBLIC        P1_0
  B:00B0H.1       PUBLIC        TxD
  B:0090H.3       PUBLIC        CEX0
  B:0090H.1       PUBLIC        P1_1
  B:0090H.4       PUBLIC        CEX1
  B:0090H.2       PUBLIC        P1_2
  B:00C8H.0       PUBLIC        CP
  C:1174H         PUBLIC        _SPI_Master_Init
  B:0090H.3       PUBLIC        P1_3
  B:00B0H.2       PUBLIC        P3_2
  B:00D8H.6       PUBLIC        CR
  B:00B0H.3       PUBLIC        P3_3
  B:00C8H.6       PUBLIC        EXF2
  D:00B8H         PUBLIC        IPL0
  B:00B0H.4       PUBLIC        P3_4
  B:00B0H.5       PUBLIC        P3_5
  B:00B0H.6       PUBLIC        nWR
  B:00A8H.4       PUBLIC        ES
  B:0098H.0       PUBLIC        RI
  B:00D0H.7       PUBLIC        CY
  B:0098H.1       PUBLIC        TI
  C:160BH         PUBLIC        _SPI_Select_Set
  B:00B8H.1       PUBLIC        PT0L
  B:00B8H.3       PUBLIC        PT1L
  B:00B8H.5       PUBLIC        PT2L
  B:0090H.1       PUBLIC        T2EX
  D:00D8H         PUBLIC        CCON
  B:00B0H.6       PUBLIC        RS
  B:00B8H.0       PUBLIC        PX0L
  B:00D0H.2       PUBLIC        OV
  B:0090H.1       PUBLIC        SS
  B:00B8H.2       PUBLIC        PX1L
  B:00C8H.5       PUBLIC        RCLK
  B:00C8H.4       PUBLIC        TCLK
  B:00B8H.6       PUBLIC        PPCL
  B:00A0H.4       PUBLIC        REDLED
BL51 BANKED LINKER/LOCATER V4.02                                                      11/09/2019  16:57:00  PAGE 22


  D:0098H         PUBLIC        SCON
  B:00A0H.6       PUBLIC        YELLOWLED
  B:0090H.4       PUBLIC        nCS0
  B:0080H.0       PUBLIC        AD0
  D:0088H         PUBLIC        TCON
  B:0080H.1       PUBLIC        AD1
  B:0080H.2       PUBLIC        AD2
  B:00B0H.1       PUBLIC        per_RxD
  B:00C8H.1       PUBLIC        CnT2
  B:0080H.3       PUBLIC        AD3
  B:0090H.5       PUBLIC        MISO
  B:0090H.7       PUBLIC        MOSI
  B:0080H.4       PUBLIC        AD4
  B:00B0H.0       PUBLIC        per_TxD
  B:0080H.5       PUBLIC        AD5
  B:0080H.6       PUBLIC        AD6
  B:0080H.7       PUBLIC        AD7
  B:00A0H.0       PUBLIC        AD8
  B:00A0H.1       PUBLIC        AD9
  B:0088H.1       PUBLIC        IE0
  B:00A0H.7       PUBLIC        AMBERLED
  B:0088H.3       PUBLIC        IE1
  B:00B0H.7       PUBLIC        E
  B:00A0H.5       PUBLIC        GREENLED
  B:00A8H.1       PUBLIC        ET0
  B:00A8H.3       PUBLIC        ET1
  B:0088H.5       PUBLIC        TF0
  B:00A8H.5       PUBLIC        ET2
  B:0088H.7       PUBLIC        TF1
  B:00C8H.7       PUBLIC        TF2
  B:0098H.2       PUBLIC        RB8
  B:00A8H.0       PUBLIC        EX0
  B:0088H.0       PUBLIC        IT0
  B:0098H.3       PUBLIC        TB8
  B:00A8H.2       PUBLIC        EX1
  B:0088H.2       PUBLIC        IT1
  B:00D0H.0       PUBLIC        P
  B:0098H.7       PUBLIC        SM0
  B:0090H.2       PUBLIC        ECI
  B:0098H.6       PUBLIC        SM1
  B:0098H.5       PUBLIC        SM2
  B:00D0H.3       PUBLIC        RS0
  B:0088H.4       PUBLIC        TR0
  B:00D0H.4       PUBLIC        RS1
  B:0090H.6       PUBLIC        per_SCLK
  B:0088H.6       PUBLIC        TR1
  B:00C8H.2       PUBLIC        TR2
  C:15FCH         PUBLIC        _SPI_Select_Clear
  B:00A0H.0       PUBLIC        SW1
  B:00A0H.1       PUBLIC        SW2
  B:00A0H.2       PUBLIC        SW3
  B:00A0H.3       PUBLIC        SW4
  B:0090H.6       PUBLIC        SCK
  B:0090H.7       PUBLIC        per_MOSI
  B:0090H.5       PUBLIC        per_MISO
  B:00C8H.3       PUBLIC        EXEN2
  B:0098H.4       PUBLIC        REN
BL51 BANKED LINKER/LOCATER V4.02                                                      11/09/2019  16:57:00  PAGE 23


  B:00A0H.2       PUBLIC        AD10
  B:00A0H.3       PUBLIC        AD11
  D:00C8H         PUBLIC        T2CON
  B:00A0H.4       PUBLIC        AD12
  B:00A0H.5       PUBLIC        AD13
  B:00A0H.6       PUBLIC        AD14
  B:00A0H.7       PUBLIC        AD15
  B:00B8H.4       PUBLIC        PLS
  B:00D0H.5       PUBLIC        F0
  B:00D0H.1       PUBLIC        F1
  C:1478H         PUBLIC        _SPI_Transfer
  D:00D0H         PUBLIC        PSW
  B:00D8H.0       PUBLIC        CCF0
  B:00D8H.1       PUBLIC        CCF1
  D:00C5H         PUBLIC        SPDAT
  -------         PROC          _SPI_MASTER_INIT
  D:0004H         SYMBOL        clock_rate
  -------         DO            clock_rate
  D:0007H         SYMBOL        divider
  D:002AH         SYMBOL        return_val
  -------         ENDDO         return_val
  C:1174H         LINE#         15
  C:1174H         LINE#         16
  C:1174H         LINE#         18
  C:1177H         LINE#         19
  C:1189H         LINE#         20
  C:118FH         LINE#         21
  C:118FH         LINE#         22
  C:1192H         LINE#         23
  C:1194H         LINE#         24
  C:11A0H         LINE#         25
  C:11A0H         LINE#         26
  C:11A3H         LINE#         27
  C:11A5H         LINE#         28
  C:11B1H         LINE#         29
  C:11B1H         LINE#         30
  C:11B4H         LINE#         31
  C:11B6H         LINE#         32
  C:11C2H         LINE#         33
  C:11C2H         LINE#         34
  C:11C5H         LINE#         35
  C:11C7H         LINE#         36
  C:11D3H         LINE#         37
  C:11D3H         LINE#         38
  C:11D6H         LINE#         39
  C:11D8H         LINE#         40
  C:11E4H         LINE#         41
  C:11E4H         LINE#         42
  C:11E7H         LINE#         43
  C:11E9H         LINE#         44
  C:11F5H         LINE#         45
  C:11F5H         LINE#         46
  C:11F8H         LINE#         47
  C:11FAH         LINE#         49
  C:11FAH         LINE#         50
  C:11FDH         LINE#         51
  C:11FDH         LINE#         52
BL51 BANKED LINKER/LOCATER V4.02                                                      11/09/2019  16:57:00  PAGE 24


  C:11FFH         LINE#         53
  -------         ENDPROC       _SPI_MASTER_INIT
  -------         PROC          _SPI_TRANSFER
  D:0007H         SYMBOL        data_input
  D:0001H         SYMBOL        data_output_p
  -------         DO            data_output_p
  D:0047H         SYMBOL        test
  D:0004H         SYMBOL        timeout
  -------         ENDDO         timeout
  C:1478H         LINE#         64
  C:1478H         LINE#         65
  C:1478H         LINE#         67
  C:147BH         LINE#         68
  C:147DH         LINE#         70
  C:147DH         LINE#         71
  C:1484H         LINE#         72
  C:1489H         LINE#         73
  C:1493H         LINE#         74
  C:1497H         LINE#         75
  C:1497H         LINE#         76
  C:149DH         LINE#         77
  C:149DH         LINE#         78
  C:14A2H         LINE#         79
  C:14A5H         LINE#         80
  C:14A7H         LINE#         82
  C:14A7H         LINE#         83
  C:14ACH         LINE#         84
  C:14AFH         LINE#         85
  C:14AFH         LINE#         86
  C:14B1H         LINE#         88
  C:14B1H         LINE#         89
  C:14B6H         LINE#         90
  C:14BAH         LINE#         91
  C:14BAH         LINE#         92
  C:14BCH         LINE#         93
  -------         ENDPROC       _SPI_TRANSFER
  -------         PROC          _SPI_SELECT_SET
  D:0007H         SYMBOL        Output_Pin
  C:160BH         LINE#         103
  C:160BH         LINE#         104
  C:160BH         LINE#         105
  C:160EH         LINE#         106
  -------         ENDPROC       _SPI_SELECT_SET
  -------         PROC          _SPI_SELECT_CLEAR
  D:0007H         SYMBOL        Output_Pin
  C:15FCH         LINE#         109
  C:15FCH         LINE#         110
  C:15FCH         LINE#         111
  C:1600H         LINE#         112
  -------         ENDPROC       _SPI_SELECT_CLEAR
  -------         ENDMOD        SPI

  -------         MODULE        UART
  C:0000H         SYMBOL        _ICE_DUMMY_
  B:00D8H.2       PUBLIC        CCF2
  B:00D8H.3       PUBLIC        CCF3
  D:0080H         PUBLIC        P0
BL51 BANKED LINKER/LOCATER V4.02                                                      11/09/2019  16:57:00  PAGE 25


  B:00D8H.4       PUBLIC        CCF4
  D:0090H         PUBLIC        P1
  D:00A0H         PUBLIC        P2
  D:00B0H         PUBLIC        P3
  B:00B0H.4       PUBLIC        T0
  B:00D0H.6       PUBLIC        AC
  B:00B0H.5       PUBLIC        T1
  B:00B0H.7       PUBLIC        nRD
  B:0090H.0       PUBLIC        T2
  B:00A8H.7       PUBLIC        EA
  B:00A8H.6       PUBLIC        EC
  B:00D8H.7       PUBLIC        CF
  B:00B0H.2       PUBLIC        nINT0
  B:0098H.7       PUBLIC        FE
  B:00B0H.3       PUBLIC        nINT1
  D:00A8H         PUBLIC        IEN0
  B:00B0H.0       PUBLIC        RxD
  B:00B0H.1       PUBLIC        TxD
  B:0090H.3       PUBLIC        CEX0
  B:0090H.4       PUBLIC        CEX1
  B:00C8H.0       PUBLIC        CP
  B:00D8H.6       PUBLIC        CR
  B:00C8H.6       PUBLIC        EXF2
  D:00B8H         PUBLIC        IPL0
  B:00B0H.6       PUBLIC        nWR
  B:00A8H.4       PUBLIC        ES
  B:0098H.0       PUBLIC        RI
  B:00D0H.7       PUBLIC        CY
  B:0098H.1       PUBLIC        TI
  B:00B8H.1       PUBLIC        PT0L
  B:00B8H.3       PUBLIC        PT1L
  B:00B8H.5       PUBLIC        PT2L
  B:0090H.1       PUBLIC        T2EX
  D:00D8H         PUBLIC        CCON
  B:00B8H.0       PUBLIC        PX0L
  B:00D0H.2       PUBLIC        OV
  B:0090H.1       PUBLIC        SS
  B:00B8H.2       PUBLIC        PX1L
  B:00C8H.5       PUBLIC        RCLK
  B:00C8H.4       PUBLIC        TCLK
  B:00B8H.6       PUBLIC        PPCL
  D:0099H         PUBLIC        SBUF
  D:0087H         PUBLIC        PCON
  D:0098H         PUBLIC        SCON
  C:14F5H         PUBLIC        _uart_init
  B:0080H.0       PUBLIC        AD0
  D:0088H         PUBLIC        TCON
  B:0080H.1       PUBLIC        AD1
  B:0080H.2       PUBLIC        AD2
  B:00C8H.1       PUBLIC        CnT2
  B:0080H.3       PUBLIC        AD3
  B:0090H.5       PUBLIC        MISO
  B:0090H.7       PUBLIC        MOSI
  B:0080H.4       PUBLIC        AD4
  B:0080H.5       PUBLIC        AD5
  D:009BH         PUBLIC        BDRCON
  B:0080H.6       PUBLIC        AD6
BL51 BANKED LINKER/LOCATER V4.02                                                      11/09/2019  16:57:00  PAGE 26


  B:0080H.7       PUBLIC        AD7
  B:00A0H.0       PUBLIC        AD8
  B:00A0H.1       PUBLIC        AD9
  B:0088H.1       PUBLIC        IE0
  B:0088H.3       PUBLIC        IE1
  B:00A8H.1       PUBLIC        ET0
  B:00A8H.3       PUBLIC        ET1
  B:0088H.5       PUBLIC        TF0
  B:00A8H.5       PUBLIC        ET2
  B:0088H.7       PUBLIC        TF1
  B:00C8H.7       PUBLIC        TF2
  B:0098H.2       PUBLIC        RB8
  B:00A8H.0       PUBLIC        EX0
  B:0088H.0       PUBLIC        IT0
  B:0098H.3       PUBLIC        TB8
  B:00A8H.2       PUBLIC        EX1
  B:0088H.2       PUBLIC        IT1
  B:00D0H.0       PUBLIC        P
  B:0098H.7       PUBLIC        SM0
  B:0090H.2       PUBLIC        ECI
  B:0098H.6       PUBLIC        SM1
  B:0098H.5       PUBLIC        SM2
  C:15A1H         PUBLIC        _UART_Transmit
  B:00D0H.3       PUBLIC        RS0
  B:0088H.4       PUBLIC        TR0
  B:00D0H.4       PUBLIC        RS1
  B:0088H.6       PUBLIC        TR1
  B:00C8H.2       PUBLIC        TR2
  D:009AH         PUBLIC        BRL
  B:0090H.6       PUBLIC        SCK
  B:00C8H.3       PUBLIC        EXEN2
  C:15EFH         PUBLIC        UART_Receive
  B:0098H.4       PUBLIC        REN
  B:00A0H.2       PUBLIC        AD10
  B:00A0H.3       PUBLIC        AD11
  D:00C8H         PUBLIC        T2CON
  B:00A0H.4       PUBLIC        AD12
  B:00A0H.5       PUBLIC        AD13
  B:00A0H.6       PUBLIC        AD14
  B:00A0H.7       PUBLIC        AD15
  B:00B8H.4       PUBLIC        PLS
  B:00D0H.5       PUBLIC        F0
  B:00D0H.1       PUBLIC        F1
  D:00D0H         PUBLIC        PSW
  B:00D8H.0       PUBLIC        CCF0
  B:00D8H.1       PUBLIC        CCF1
  -------         PROC          _UART_INIT
  D:0006H         SYMBOL        BAUD_RATE
  C:14F5H         LINE#         13
  C:14F5H         LINE#         14
  C:14F5H         LINE#         18
  C:14F8H         LINE#         19
  C:14FBH         LINE#         22
  C:14FDH         LINE#         24
  C:1500H         LINE#         27
  C:1503H         LINE#         29
  C:1524H         LINE#         30
BL51 BANKED LINKER/LOCATER V4.02                                                      11/09/2019  16:57:00  PAGE 27


  C:1527H         LINE#         35
  C:1529H         LINE#         38
  -------         ENDPROC       _UART_INIT
  -------         PROC          _UART_TRANSMIT
  D:0007H         SYMBOL        send_value
  -------         DO            send_value
  D:0006H         SYMBOL        return_value
  D:0004H         SYMBOL        timeout
  -------         ENDDO         timeout
  C:15A1H         LINE#         48
  C:15A1H         LINE#         49
  C:15A1H         LINE#         52
  C:15A4H         LINE#         54
  C:15A4H         LINE#         55
  C:15A9H         LINE#         56
  C:15B0H         LINE#         57
  C:15B4H         LINE#         58
  C:15B4H         LINE#         59
  C:15B6H         LINE#         60
  C:15B8H         LINE#         61
  C:15BAH         LINE#         62
  C:15BCH         LINE#         64
  C:15BCH         LINE#         65
  C:15BEH         LINE#         66
  C:15BEH         LINE#         67
  C:15C0H         LINE#         68
  -------         ENDPROC       _UART_TRANSMIT
  -------         PROC          UART_RECEIVE
  -------         DO            UART_RECEIVE
  D:0007H         SYMBOL        return_value
  -------         ENDDO         return_value
  C:15EFH         LINE#         83
  C:15EFH         LINE#         84
  C:15EFH         LINE#         86
  C:15F2H         LINE#         87
  C:15F4H         LINE#         88
  C:15F6H         LINE#         89
  C:15F6H         LINE#         90
  -------         ENDPROC       UART_RECEIVE
  -------         ENDMOD        UART

  -------         MODULE        LCD_ROUTINES
  C:0000H         SYMBOL        _ICE_DUMMY_
  B:00D8H.2       PUBLIC        CCF2
  B:00D8H.3       PUBLIC        CCF3
  D:0080H         PUBLIC        P0
  B:00D8H.4       PUBLIC        CCF4
  D:0090H         PUBLIC        P1
  D:00A0H         PUBLIC        P2
  D:00B0H         PUBLIC        P3
  B:00B0H.4       PUBLIC        T0
  B:00D0H.6       PUBLIC        AC
  B:00B0H.5       PUBLIC        T1
  B:00B0H.7       PUBLIC        nRD
  B:0090H.0       PUBLIC        T2
  B:00A8H.7       PUBLIC        EA
  B:00A8H.6       PUBLIC        EC
BL51 BANKED LINKER/LOCATER V4.02                                                      11/09/2019  16:57:00  PAGE 28


  B:00D8H.7       PUBLIC        CF
  B:00B0H.2       PUBLIC        nINT0
  B:0098H.7       PUBLIC        FE
  B:00B0H.3       PUBLIC        nINT1
  D:00A8H         PUBLIC        IEN0
  B:00B0H.0       PUBLIC        RxD
  B:00B0H.1       PUBLIC        TxD
  B:0090H.3       PUBLIC        CEX0
  B:0090H.4       PUBLIC        CEX1
  B:00C8H.0       PUBLIC        CP
  B:00D8H.6       PUBLIC        CR
  B:00C8H.6       PUBLIC        EXF2
  D:00B8H         PUBLIC        IPL0
  B:00B0H.6       PUBLIC        nWR
  B:00A8H.4       PUBLIC        ES
  B:0098H.0       PUBLIC        RI
  B:00D0H.7       PUBLIC        CY
  B:0098H.1       PUBLIC        TI
  B:00B8H.1       PUBLIC        PT0L
  B:00B8H.3       PUBLIC        PT1L
  B:00B8H.5       PUBLIC        PT2L
  B:0090H.1       PUBLIC        T2EX
  D:00D8H         PUBLIC        CCON
  B:00B8H.0       PUBLIC        PX0L
  B:00D0H.2       PUBLIC        OV
  B:0090H.1       PUBLIC        SS
  B:00B8H.2       PUBLIC        PX1L
  B:00C8H.5       PUBLIC        RCLK
  B:00C8H.4       PUBLIC        TCLK
  B:00B8H.6       PUBLIC        PPCL
  D:0098H         PUBLIC        SCON
  B:0080H.0       PUBLIC        AD0
  D:0088H         PUBLIC        TCON
  B:0080H.1       PUBLIC        AD1
  B:0080H.2       PUBLIC        AD2
  B:00C8H.1       PUBLIC        CnT2
  B:0080H.3       PUBLIC        AD3
  B:0090H.5       PUBLIC        MISO
  B:0090H.7       PUBLIC        MOSI
  B:0080H.4       PUBLIC        AD4
  B:0080H.5       PUBLIC        AD5
  B:0080H.6       PUBLIC        AD6
  B:0080H.7       PUBLIC        AD7
  B:00A0H.0       PUBLIC        AD8
  B:00A0H.1       PUBLIC        AD9
  B:0088H.1       PUBLIC        IE0
  B:0088H.3       PUBLIC        IE1
  C:1200H         PUBLIC        _LCD_print
  B:00A8H.1       PUBLIC        ET0
  C:14BDH         PUBLIC        LCD_Init
  B:00A8H.3       PUBLIC        ET1
  B:0088H.5       PUBLIC        TF0
  B:00A8H.5       PUBLIC        ET2
  B:0088H.7       PUBLIC        TF1
  B:00C8H.7       PUBLIC        TF2
  B:0098H.2       PUBLIC        RB8
  B:00A8H.0       PUBLIC        EX0
BL51 BANKED LINKER/LOCATER V4.02                                                      11/09/2019  16:57:00  PAGE 29


  B:0088H.0       PUBLIC        IT0
  B:0098H.3       PUBLIC        TB8
  B:00A8H.2       PUBLIC        EX1
  B:0088H.2       PUBLIC        IT1
  B:00D0H.0       PUBLIC        P
  B:0098H.7       PUBLIC        SM0
  B:0090H.2       PUBLIC        ECI
  B:0098H.6       PUBLIC        SM1
  B:0098H.5       PUBLIC        SM2
  B:00D0H.3       PUBLIC        RS0
  B:0088H.4       PUBLIC        TR0
  B:00D0H.4       PUBLIC        RS1
  B:0088H.6       PUBLIC        TR1
  B:00C8H.2       PUBLIC        TR2
  B:0090H.6       PUBLIC        SCK
  B:00C8H.3       PUBLIC        EXEN2
  B:0098H.4       PUBLIC        REN
  B:00A0H.2       PUBLIC        AD10
  B:00A0H.3       PUBLIC        AD11
  D:00C8H         PUBLIC        T2CON
  B:00A0H.4       PUBLIC        AD12
  B:00A0H.5       PUBLIC        AD13
  B:00A0H.6       PUBLIC        AD14
  B:00A0H.7       PUBLIC        AD15
  B:00B8H.4       PUBLIC        PLS
  B:00D0H.5       PUBLIC        F0
  B:00D0H.1       PUBLIC        F1
  D:00D0H         PUBLIC        PSW
  B:00D8H.0       PUBLIC        CCF0
  B:00D8H.1       PUBLIC        CCF1
  -------         PROC          LCD_INIT
  C:14BDH         LINE#         14
  C:14BDH         LINE#         15
  C:14BDH         LINE#         16
  C:14C4H         LINE#         17
  C:14CBH         LINE#         18
  C:14D2H         LINE#         19
  C:14D9H         LINE#         20
  C:14E0H         LINE#         21
  C:14E7H         LINE#         22
  C:14EEH         LINE#         23
  -------         ENDPROC       LCD_INIT
  -------         PROC          _LCD_PRINT
  D:0007H         SYMBOL        address
  D:002AH         SYMBOL        num_bytes
  D:002BH         SYMBOL        array_name_p
  -------         DO            array_name_p
  D:002EH         SYMBOL        index
  D:002FH         SYMBOL        character
  -------         ENDDO         character
  C:1200H         LINE#         28
  C:1208H         LINE#         29
  C:1208H         LINE#         31
  C:120CH         LINE#         32
  C:120CH         LINE#         33
  C:1215H         LINE#         34
  C:121CH         LINE#         35
BL51 BANKED LINKER/LOCATER V4.02                                                      11/09/2019  16:57:00  PAGE 30


  C:121CH         LINE#         36
  C:1220H         LINE#         37
  C:1220H         LINE#         38
  C:1222H         LINE#         39
  C:1232H         LINE#         40
  C:1236H         LINE#         41
  C:1236H         LINE#         42
  C:123CH         LINE#         43
  C:1243H         LINE#         44
  C:1245H         LINE#         45
  C:1256H         LINE#         46
  C:1258H         LINE#         47
  C:1258H         LINE#         49
  C:1258H         LINE#         50
  C:1262H         LINE#         51
  C:1262H         LINE#         52
  C:1273H         LINE#         53
  C:1279H         LINE#         54
  C:1280H         LINE#         55
  C:1284H         LINE#         56
  C:1284H         LINE#         57
  -------         ENDPROC       _LCD_PRINT
  -------         ENDMOD        LCD_ROUTINES

  -------         MODULE        LONG_SERIAL_IN
  C:0000H         SYMBOL        _ICE_DUMMY_
  B:00D8H.2       PUBLIC        CCF2
  B:00D8H.3       PUBLIC        CCF3
  D:0080H         PUBLIC        P0
  B:00D8H.4       PUBLIC        CCF4
  D:0090H         PUBLIC        P1
  D:00A0H         PUBLIC        P2
  D:00B0H         PUBLIC        P3
  B:00B0H.4       PUBLIC        T0
  B:00D0H.6       PUBLIC        AC
  B:00B0H.5       PUBLIC        T1
  B:00B0H.7       PUBLIC        nRD
  B:0090H.0       PUBLIC        T2
  B:00A8H.7       PUBLIC        EA
  B:00A8H.6       PUBLIC        EC
  B:00D8H.7       PUBLIC        CF
  B:00B0H.2       PUBLIC        nINT0
  B:0098H.7       PUBLIC        FE
  B:00B0H.3       PUBLIC        nINT1
  D:00A8H         PUBLIC        IEN0
  B:00B0H.0       PUBLIC        RxD
  B:00B0H.1       PUBLIC        TxD
  B:0090H.3       PUBLIC        CEX0
  B:0090H.4       PUBLIC        CEX1
  B:00C8H.0       PUBLIC        CP
  B:00D8H.6       PUBLIC        CR
  B:00C8H.6       PUBLIC        EXF2
  D:00B8H         PUBLIC        IPL0
  B:00B0H.6       PUBLIC        nWR
  B:00A8H.4       PUBLIC        ES
  B:0098H.0       PUBLIC        RI
  B:00D0H.7       PUBLIC        CY
BL51 BANKED LINKER/LOCATER V4.02                                                      11/09/2019  16:57:00  PAGE 31


  B:0098H.1       PUBLIC        TI
  B:00B8H.1       PUBLIC        PT0L
  B:00B8H.3       PUBLIC        PT1L
  B:00B8H.5       PUBLIC        PT2L
  B:0090H.1       PUBLIC        T2EX
  D:00D8H         PUBLIC        CCON
  B:00B8H.0       PUBLIC        PX0L
  B:00D0H.2       PUBLIC        OV
  B:0090H.1       PUBLIC        SS
  B:00B8H.2       PUBLIC        PX1L
  C:0FEFH         PUBLIC        long_serial_input
  B:00C8H.5       PUBLIC        RCLK
  B:00C8H.4       PUBLIC        TCLK
  B:00B8H.6       PUBLIC        PPCL
  D:0098H         PUBLIC        SCON
  B:0080H.0       PUBLIC        AD0
  D:0088H         PUBLIC        TCON
  B:0080H.1       PUBLIC        AD1
  B:0080H.2       PUBLIC        AD2
  B:00C8H.1       PUBLIC        CnT2
  B:0080H.3       PUBLIC        AD3
  B:0090H.5       PUBLIC        MISO
  B:0090H.7       PUBLIC        MOSI
  B:0080H.4       PUBLIC        AD4
  B:0080H.5       PUBLIC        AD5
  B:0080H.6       PUBLIC        AD6
  B:0080H.7       PUBLIC        AD7
  B:00A0H.0       PUBLIC        AD8
  B:00A0H.1       PUBLIC        AD9
  B:0088H.1       PUBLIC        IE0
  B:0088H.3       PUBLIC        IE1
  B:00A8H.1       PUBLIC        ET0
  B:00A8H.3       PUBLIC        ET1
  B:0088H.5       PUBLIC        TF0
  B:00A8H.5       PUBLIC        ET2
  B:0088H.7       PUBLIC        TF1
  B:00C8H.7       PUBLIC        TF2
  B:0098H.2       PUBLIC        RB8
  B:00A8H.0       PUBLIC        EX0
  B:0088H.0       PUBLIC        IT0
  B:0098H.3       PUBLIC        TB8
  B:00A8H.2       PUBLIC        EX1
  B:0088H.2       PUBLIC        IT1
  B:00D0H.0       PUBLIC        P
  B:0098H.7       PUBLIC        SM0
  B:0090H.2       PUBLIC        ECI
  B:0098H.6       PUBLIC        SM1
  B:0098H.5       PUBLIC        SM2
  B:00D0H.3       PUBLIC        RS0
  B:0088H.4       PUBLIC        TR0
  B:00D0H.4       PUBLIC        RS1
  B:0088H.6       PUBLIC        TR1
  B:00C8H.2       PUBLIC        TR2
  B:0090H.6       PUBLIC        SCK
  B:00C8H.3       PUBLIC        EXEN2
  B:0098H.4       PUBLIC        REN
  B:00A0H.2       PUBLIC        AD10
BL51 BANKED LINKER/LOCATER V4.02                                                      11/09/2019  16:57:00  PAGE 32


  B:00A0H.3       PUBLIC        AD11
  D:00C8H         PUBLIC        T2CON
  B:00A0H.4       PUBLIC        AD12
  B:00A0H.5       PUBLIC        AD13
  B:00A0H.6       PUBLIC        AD14
  B:00A0H.7       PUBLIC        AD15
  B:00B8H.4       PUBLIC        PLS
  B:00D0H.5       PUBLIC        F0
  B:00D0H.1       PUBLIC        F1
  D:00D0H         PUBLIC        PSW
  B:00D8H.0       PUBLIC        CCF0
  B:00D8H.1       PUBLIC        CCF1
  -------         PROC          LONG_SERIAL_INPUT
  -------         DO            LONG_SERIAL_INPUT
  D:002AH         SYMBOL        index
  D:002BH         SYMBOL        input
  D:002CH         SYMBOL        input_values
  D:0037H         SYMBOL        output_value
  -------         ENDDO         output_value
  C:0FEFH         LINE#         16
  C:0FEFH         LINE#         17
  C:0FEFH         LINE#         20
  C:0FF2H         LINE#         21
  C:0FF2H         LINE#         22
  C:0FF9H         LINE#         23
  C:1000H         LINE#         24
  C:100AH         LINE#         25
  C:100DH         LINE#         27
  C:100DH         LINE#         28
  C:1012H         LINE#         29
  C:1020H         LINE#         30
  C:1020H         LINE#         31
  C:1027H         LINE#         32
  C:1029H         LINE#         33
  C:102EH         LINE#         34
  C:1030H         LINE#         35
  C:103BH         LINE#         36
  C:103BH         LINE#         37
  C:103DH         LINE#         38
  C:1044H         LINE#         39
  C:1049H         LINE#         40
  C:104EH         LINE#         41
  C:1053H         LINE#         42
  C:1055H         LINE#         43
  C:1060H         LINE#         44
  C:1060H         LINE#         45
  C:1071H         LINE#         46
  C:1076H         LINE#         47
  C:107BH         LINE#         48
  C:107DH         LINE#         50
  C:107DH         LINE#         51
  C:1080H         LINE#         52
  C:1080H         LINE#         53
  C:1085H         LINE#         54
  C:1085H         LINE#         55
  C:1096H         LINE#         56
  C:109BH         LINE#         57
BL51 BANKED LINKER/LOCATER V4.02                                                      11/09/2019  16:57:00  PAGE 33


  C:10A0H         LINE#         58
  C:10A0H         LINE#         59
  C:10B7H         LINE#         61
  C:10BFH         LINE#         62
  -------         ENDPROC       LONG_SERIAL_INPUT
  -------         ENDMOD        LONG_SERIAL_IN

  -------         MODULE        LCD_HARDWARE_FUNCTIONS
  C:0000H         SYMBOL        _ICE_DUMMY_
  B:00D8H.2       PUBLIC        CCF2
  B:00D8H.3       PUBLIC        CCF3
  D:0080H         PUBLIC        P0
  B:00D8H.4       PUBLIC        CCF4
  D:0090H         PUBLIC        P1
  D:00A0H         PUBLIC        P2
  D:00B0H         PUBLIC        P3
  B:00B0H.4       PUBLIC        T0
  B:00D0H.6       PUBLIC        AC
  B:00B0H.5       PUBLIC        T1
  B:00B0H.7       PUBLIC        nRD
  B:0090H.0       PUBLIC        T2
  B:00A8H.7       PUBLIC        EA
  B:00A8H.6       PUBLIC        EC
  B:00D8H.7       PUBLIC        CF
  B:00B0H.2       PUBLIC        nINT0
  B:0098H.7       PUBLIC        FE
  B:00B0H.3       PUBLIC        nINT1
  D:00A8H         PUBLIC        IEN0
  B:00B0H.0       PUBLIC        RxD
  B:0090H.0       PUBLIC        P1_0
  B:00B0H.1       PUBLIC        TxD
  B:0090H.3       PUBLIC        CEX0
  B:0090H.1       PUBLIC        P1_1
  B:0090H.4       PUBLIC        CEX1
  B:0090H.2       PUBLIC        P1_2
  B:00C8H.0       PUBLIC        CP
  B:0090H.3       PUBLIC        P1_3
  B:00B0H.2       PUBLIC        P3_2
  B:00D8H.6       PUBLIC        CR
  B:00B0H.3       PUBLIC        P3_3
  B:00C8H.6       PUBLIC        EXF2
  D:00B8H         PUBLIC        IPL0
  B:00B0H.4       PUBLIC        P3_4
  B:00B0H.5       PUBLIC        P3_5
  B:00B0H.6       PUBLIC        nWR
  B:00A8H.4       PUBLIC        ES
  B:0098H.0       PUBLIC        RI
  B:00D0H.7       PUBLIC        CY
  B:0098H.1       PUBLIC        TI
  B:00B8H.1       PUBLIC        PT0L
  C:152AH         PUBLIC        _LCD_Write
  B:00B8H.3       PUBLIC        PT1L
  B:00B8H.5       PUBLIC        PT2L
  B:0090H.1       PUBLIC        T2EX
  D:00D8H         PUBLIC        CCON
  B:00B0H.6       PUBLIC        RS
  B:00B8H.0       PUBLIC        PX0L
BL51 BANKED LINKER/LOCATER V4.02                                                      11/09/2019  16:57:00  PAGE 34


  B:00D0H.2       PUBLIC        OV
  B:0090H.1       PUBLIC        SS
  B:00B8H.2       PUBLIC        PX1L
  B:00C8H.5       PUBLIC        RCLK
  B:00C8H.4       PUBLIC        TCLK
  B:00B8H.6       PUBLIC        PPCL
  B:00A0H.4       PUBLIC        REDLED
  D:0098H         PUBLIC        SCON
  B:00A0H.6       PUBLIC        YELLOWLED
  B:0090H.4       PUBLIC        nCS0
  B:0080H.0       PUBLIC        AD0
  D:0088H         PUBLIC        TCON
  B:0080H.1       PUBLIC        AD1
  B:0080H.2       PUBLIC        AD2
  B:00B0H.1       PUBLIC        per_RxD
  B:00C8H.1       PUBLIC        CnT2
  B:0080H.3       PUBLIC        AD3
  B:0090H.5       PUBLIC        MISO
  B:0090H.7       PUBLIC        MOSI
  B:0080H.4       PUBLIC        AD4
  B:00B0H.0       PUBLIC        per_TxD
  B:0080H.5       PUBLIC        AD5
  B:0080H.6       PUBLIC        AD6
  B:0080H.7       PUBLIC        AD7
  B:00A0H.0       PUBLIC        AD8
  B:00A0H.1       PUBLIC        AD9
  B:0088H.1       PUBLIC        IE0
  B:00A0H.7       PUBLIC        AMBERLED
  B:0088H.3       PUBLIC        IE1
  B:00B0H.7       PUBLIC        E
  B:00A0H.5       PUBLIC        GREENLED
  B:00A8H.1       PUBLIC        ET0
  B:00A8H.3       PUBLIC        ET1
  B:0088H.5       PUBLIC        TF0
  B:00A8H.5       PUBLIC        ET2
  B:0088H.7       PUBLIC        TF1
  B:00C8H.7       PUBLIC        TF2
  B:0098H.2       PUBLIC        RB8
  B:00A8H.0       PUBLIC        EX0
  B:0088H.0       PUBLIC        IT0
  B:0098H.3       PUBLIC        TB8
  B:00A8H.2       PUBLIC        EX1
  B:0088H.2       PUBLIC        IT1
  B:00D0H.0       PUBLIC        P
  B:0098H.7       PUBLIC        SM0
  B:0090H.2       PUBLIC        ECI
  B:0098H.6       PUBLIC        SM1
  B:0098H.5       PUBLIC        SM2
  B:00D0H.3       PUBLIC        RS0
  B:0088H.4       PUBLIC        TR0
  B:00D0H.4       PUBLIC        RS1
  B:0090H.6       PUBLIC        per_SCLK
  B:0088H.6       PUBLIC        TR1
  B:00C8H.2       PUBLIC        TR2
  B:00A0H.0       PUBLIC        SW1
  B:00A0H.1       PUBLIC        SW2
  B:00A0H.2       PUBLIC        SW3
BL51 BANKED LINKER/LOCATER V4.02                                                      11/09/2019  16:57:00  PAGE 35


  B:00A0H.3       PUBLIC        SW4
  B:0090H.6       PUBLIC        SCK
  B:0090H.7       PUBLIC        per_MOSI
  B:0090H.5       PUBLIC        per_MISO
  B:00C8H.3       PUBLIC        EXEN2
  B:0098H.4       PUBLIC        REN
  B:00A0H.2       PUBLIC        AD10
  B:00A0H.3       PUBLIC        AD11
  D:00C8H         PUBLIC        T2CON
  B:00A0H.4       PUBLIC        AD12
  B:00A0H.5       PUBLIC        AD13
  B:00A0H.6       PUBLIC        AD14
  B:00A0H.7       PUBLIC        AD15
  B:00B8H.4       PUBLIC        PLS
  B:00D0H.5       PUBLIC        F0
  B:00D0H.1       PUBLIC        F1
  D:00D0H         PUBLIC        PSW
  B:00D8H.0       PUBLIC        CCF0
  B:00D8H.1       PUBLIC        CCF1
  -------         PROC          _LCD_WRITE
  D:0007H         SYMBOL        RegSelect
  D:0030H         SYMBOL        LCD_Data
  C:152AH         LINE#         14
  C:152CH         LINE#         15
  C:152CH         LINE#         16
  C:152FH         LINE#         17
  C:152FH         LINE#         18
  C:1534H         LINE#         19
  C:1536H         LINE#         21
  C:1536H         LINE#         22
  C:153BH         LINE#         23
  C:153BH         LINE#         24
  C:1540H         LINE#         25
  C:1545H         LINE#         26
  C:154AH         LINE#         27
  C:154FH         LINE#         28
[...]
  B:00B0H.3       PUBLIC        nINT1
  D:00A8H         PUBLIC        IEN0
  B:00B0H.0       PUBLIC        RxD
  B:0090H.0       PUBLIC        P1_0
  B:00B0H.1       PUBLIC        TxD
  B:0090H.3       PUBLIC        CEX0
  B:0090H.1       PUBLIC        P1_1
  B:0090H.4       PUBLIC        CEX1
  B:0090H.2       PUBLIC        P1_2
  B:00C8H.0       PUBLIC        CP
  B:0090H.3       PUBLIC        P1_3
  B:00B0H.2       PUBLIC        P3_2
  B:00D8H.6       PUBLIC        CR
  B:00B0H.3       PUBLIC        P3_3
  B:00C8H.6       PUBLIC        EXF2
  D:00B8H         PUBLIC        IPL0
  B:00B0H.4       PUBLIC        P3_4
  B:00B0H.5       PUBLIC        P3_5
  B:00B0H.6       PUBLIC        nWR
  B:00A8H.4       PUBLIC        ES
  B:0098H.0       PUBLIC        RI
  B:00D0H.7       PUBLIC        CY
  B:0098H.1       PUBLIC        TI
  B:00B8H.1       PUBLIC        PT0L
  B:00B8H.3       PUBLIC        PT1L
  B:00B8H.5       PUBLIC        PT2L
  B:0090H.1       PUBLIC        T2EX
  D:00D8H         PUBLIC        CCON
  B:00B0H.6       PUBLIC        RS
  B:00B8H.0       PUBLIC        PX0L
  B:00D0H.2       PUBLIC        OV
  B:0090H.1       PUBLIC        SS
  B:00B8H.2       PUBLIC        PX1L
  B:00C8H.5       PUBLIC        RCLK
  B:00C8H.4       PUBLIC        TCLK
  B:00B8H.6       PUBLIC        PPCL
  B:00A0H.4       PUBLIC        REDLED
  D:0098H         PUBLIC        SCON
  B:00A0H.6       PUBLIC        YELLOWLED
  B:0090H.4       PUBLIC        nCS0
  B:0080H.0       PUBLIC        AD0
  D:0089H         PUBLIC        TMOD
  D:0088H         PUBLIC        TCON
  B:0080H.1       PUBLIC        AD1
  B:0080H.2       PUBLIC        AD2
  B:00B0H.1       PUBLIC        per_RxD
  B:00C8H.1       PUBLIC        CnT2
  B:0080H.3       PUBLIC        AD3
  B:0090H.5       PUBLIC        MISO
  B:0090H.7       PUBLIC        MOSI
  B:0080H.4       PUBLIC        AD4
  B:00B0H.0       PUBLIC        per_TxD
  B:0080H.5       PUBLIC        AD5
  B:0080H.6       PUBLIC        AD6
  B:0080H.7       PUBLIC        AD7
  B:00A0H.0       PUBLIC        AD8
BL51 BANKED LINKER/LOCATER V4.02                                                      11/09/2019  16:57:00  PAGE 37


  B:00A0H.1       PUBLIC        AD9
  B:0088H.1       PUBLIC        IE0
  B:00A0H.7       PUBLIC        AMBERLED
  B:0088H.3       PUBLIC        IE1
  B:00B0H.7       PUBLIC        E
  B:00A0H.5       PUBLIC        GREENLED
  B:00A8H.1       PUBLIC        ET0
  B:00A8H.3       PUBLIC        ET1
  B:0088H.5       PUBLIC        TF0
  B:00A8H.5       PUBLIC        ET2
  B:0088H.7       PUBLIC        TF1
  B:00C8H.7       PUBLIC        TF2
  B:0098H.2       PUBLIC        RB8
  D:008CH         PUBLIC        TH0
  B:00A8H.0       PUBLIC        EX0
  B:0088H.0       PUBLIC        IT0
  B:0098H.3       PUBLIC        TB8
  B:00A8H.2       PUBLIC        EX1
  B:0088H.2       PUBLIC        IT1
  B:00D0H.0       PUBLIC        P
  B:0098H.7       PUBLIC        SM0
  D:008AH         PUBLIC        TL0
  B:0090H.2       PUBLIC        ECI
  B:0098H.6       PUBLIC        SM1
  B:0098H.5       PUBLIC        SM2
  B:00D0H.3       PUBLIC        RS0
  B:0088H.4       PUBLIC        TR0
  B:00D0H.4       PUBLIC        RS1
  B:0090H.6       PUBLIC        per_SCLK
  B:0088H.6       PUBLIC        TR1
  C:157BH         PUBLIC        _Timer0_DELAY_1ms
  B:00C8H.2       PUBLIC        TR2
  B:00A0H.0       PUBLIC        SW1
  B:00A0H.1       PUBLIC        SW2
  B:00A0H.2       PUBLIC        SW3
  B:00A0H.3       PUBLIC        SW4
  B:0090H.6       PUBLIC        SCK
  B:0090H.7       PUBLIC        per_MOSI
  B:0090H.5       PUBLIC        per_MISO
  B:00C8H.3       PUBLIC        EXEN2
  B:0098H.4       PUBLIC        REN
  B:00A0H.2       PUBLIC        AD10
  B:00A0H.3       PUBLIC        AD11
  D:00C8H         PUBLIC        T2CON
  B:00A0H.4       PUBLIC        AD12
  B:00A0H.5       PUBLIC        AD13
  B:00A0H.6       PUBLIC        AD14
  B:00A0H.7       PUBLIC        AD15
  B:00B8H.4       PUBLIC        PLS
  B:00D0H.5       PUBLIC        F0
  B:00D0H.1       PUBLIC        F1
  D:00D0H         PUBLIC        PSW
  B:00D8H.0       PUBLIC        CCF0
  B:00D8H.1       PUBLIC        CCF1
  -------         PROC          _TIMER0_DELAY_1MS
  D:0006H         SYMBOL        duration
  C:157BH         LINE#         7
BL51 BANKED LINKER/LOCATER V4.02                                                      11/09/2019  16:57:00  PAGE 38


  C:157BH         LINE#         8
  C:157BH         LINE#         10
  C:157EH         LINE#         11
  C:1581H         LINE#         14
  C:1583H         LINE#         17
  C:1583H         LINE#         19
  C:1586H         LINE#         20
  C:1589H         LINE#         22
  C:158BH         LINE#         23
  C:158DH         LINE#         25
  C:1590H         LINE#         27
  C:1592H         LINE#         28
  C:1597H         LINE#         29
  C:15A0H         LINE#         30
  -------         ENDPROC       _TIMER0_DELAY_1MS
  -------         ENDMOD        TIMER0_HARDWARE_DELAY_1MS

  -------         MODULE        OUTPUTS
  C:0000H         SYMBOL        _ICE_DUMMY_
  B:00D8H.2       PUBLIC        CCF2
  B:00D8H.3       PUBLIC        CCF3
  D:0080H         PUBLIC        P0
  B:00D8H.4       PUBLIC        CCF4
  D:0090H         PUBLIC        P1
  D:00A0H         PUBLIC        P2
  D:00B0H         PUBLIC        P3
  B:00B0H.4       PUBLIC        T0
  B:00D0H.6       PUBLIC        AC
  B:00B0H.5       PUBLIC        T1
  B:00B0H.7       PUBLIC        nRD
  B:0090H.0       PUBLIC        T2
  B:00A8H.7       PUBLIC        EA
  B:00A8H.6       PUBLIC        EC
  B:00D8H.7       PUBLIC        CF
  C:161BH         PUBLIC        _P0_output_bits
  B:00B0H.2       PUBLIC        nINT0
  B:0098H.7       PUBLIC        FE
  B:00B0H.3       PUBLIC        nINT1
  D:00A8H         PUBLIC        IEN0
  B:00B0H.0       PUBLIC        RxD
  B:0090H.0       PUBLIC        P1_0
  B:00B0H.1       PUBLIC        TxD
  B:0090H.3       PUBLIC        CEX0
  B:0090H.1       PUBLIC        P1_1
  B:0090H.4       PUBLIC        CEX1
  B:0090H.2       PUBLIC        P1_2
  B:00C8H.0       PUBLIC        CP
  B:0090H.3       PUBLIC        P1_3
  B:00B0H.2       PUBLIC        P3_2
  B:00D8H.6       PUBLIC        CR
  B:00B0H.3       PUBLIC        P3_3
  B:00C8H.6       PUBLIC        EXF2
  D:00B8H         PUBLIC        IPL0
  B:00B0H.4       PUBLIC        P3_4
  B:00B0H.5       PUBLIC        P3_5
  B:00B0H.6       PUBLIC        nWR
  B:00A8H.4       PUBLIC        ES
BL51 BANKED LINKER/LOCATER V4.02                                                      11/09/2019  16:57:00  PAGE 39


  B:0098H.0       PUBLIC        RI
  B:00D0H.7       PUBLIC        CY
  B:0098H.1       PUBLIC        TI
  B:00B8H.1       PUBLIC        PT0L
  B:00B8H.3       PUBLIC        PT1L
  B:00B8H.5       PUBLIC        PT2L
  B:0090H.1       PUBLIC        T2EX
  D:00D8H         PUBLIC        CCON
  B:00B0H.6       PUBLIC        RS
  B:00B8H.0       PUBLIC        PX0L
  B:00D0H.2       PUBLIC        OV
  B:0090H.1       PUBLIC        SS
  B:00B8H.2       PUBLIC        PX1L
  B:00C8H.5       PUBLIC        RCLK
  B:00C8H.4       PUBLIC        TCLK
  B:00B8H.6       PUBLIC        PPCL
  C:160FH         PUBLIC        _P2_set_bit
  C:1613H         PUBLIC        _P3_set_bit
  B:00A0H.4       PUBLIC        REDLED
  D:0098H         PUBLIC        SCON
  B:00A0H.6       PUBLIC        YELLOWLED
  B:0090H.4       PUBLIC        nCS0
  B:0080H.0       PUBLIC        AD0
  D:0088H         PUBLIC        TCON
  B:0080H.1       PUBLIC        AD1
  B:0080H.2       PUBLIC        AD2
  B:00B0H.1       PUBLIC        per_RxD
  B:00C8H.1       PUBLIC        CnT2
  B:0080H.3       PUBLIC        AD3
  B:0090H.5       PUBLIC        MISO
  B:0090H.7       PUBLIC        MOSI
  B:0080H.4       PUBLIC        AD4
  B:00B0H.0       PUBLIC        per_TxD
  B:0080H.5       PUBLIC        AD5
  B:0080H.6       PUBLIC        AD6
  B:0080H.7       PUBLIC        AD7
  B:00A0H.0       PUBLIC        AD8
  B:00A0H.1       PUBLIC        AD9
  B:0088H.1       PUBLIC        IE0
  B:00A0H.7       PUBLIC        AMBERLED
  B:0088H.3       PUBLIC        IE1
  B:00B0H.7       PUBLIC        E
  B:00A0H.5       PUBLIC        GREENLED
  B:00A8H.1       PUBLIC        ET0
  B:00A8H.3       PUBLIC        ET1
  B:0088H.5       PUBLIC        TF0
  B:00A8H.5       PUBLIC        ET2
  B:0088H.7       PUBLIC        TF1
  B:00C8H.7       PUBLIC        TF2
  B:0098H.2       PUBLIC        RB8
  B:00A8H.0       PUBLIC        EX0
  B:0088H.0       PUBLIC        IT0
  B:0098H.3       PUBLIC        TB8
  B:00A8H.2       PUBLIC        EX1
  B:0088H.2       PUBLIC        IT1
  B:00D0H.0       PUBLIC        P
  B:0098H.7       PUBLIC        SM0
BL51 BANKED LINKER/LOCATER V4.02                                                      11/09/2019  16:57:00  PAGE 40


  B:0090H.2       PUBLIC        ECI
  B:0098H.6       PUBLIC        SM1
  B:0098H.5       PUBLIC        SM2
  B:00D0H.3       PUBLIC        RS0
  B:0088H.4       PUBLIC        TR0
  B:00D0H.4       PUBLIC        RS1
  B:0090H.6       PUBLIC        per_SCLK
  B:0088H.6       PUBLIC        TR1
  B:00C8H.2       PUBLIC        TR2
  B:00A0H.0       PUBLIC        SW1
  B:00A0H.1       PUBLIC        SW2
  B:00A0H.2       PUBLIC        SW3
  B:00A0H.3       PUBLIC        SW4
  B:0090H.6       PUBLIC        SCK
  B:0090H.7       PUBLIC        per_MOSI
  B:0090H.5       PUBLIC        per_MISO
  B:00C8H.3       PUBLIC        EXEN2
  B:0098H.4       PUBLIC        REN
  B:00A0H.2       PUBLIC        AD10
  B:00A0H.3       PUBLIC        AD11
  D:00C8H         PUBLIC        T2CON
  B:00A0H.4       PUBLIC        AD12
  B:00A0H.5       PUBLIC        AD13
  B:00A0H.6       PUBLIC        AD14
  B:00A0H.7       PUBLIC        AD15
  C:1601H         PUBLIC        _P3_clear_bit
  B:00B8H.4       PUBLIC        PLS
  B:00D0H.5       PUBLIC        F0
  B:00D0H.1       PUBLIC        F1
  D:00D0H         PUBLIC        PSW
  B:00D8H.0       PUBLIC        CCF0
  B:00D8H.1       PUBLIC        CCF1
  -------         PROC          _P0_OUTPUT_BITS
  D:0007H         SYMBOL        Port_Data
  C:161BH         LINE#         14
  C:161BH         LINE#         15
  C:161BH         LINE#         16
  C:161DH         LINE#         17
  -------         ENDPROC       _P0_OUTPUT_BITS
  -------         PROC          _P3_CLEAR_BIT
  D:0007H         SYMBOL        Bit_Data
  C:1601H         LINE#         60
  C:1601H         LINE#         61
  C:1601H         LINE#         62
  C:1605H         LINE#         63
  -------         ENDPROC       _P3_CLEAR_BIT
  -------         PROC          _P2_SET_BIT
  D:0007H         SYMBOL        Bit_Data
  C:160FH         LINE#         81
  C:160FH         LINE#         82
  C:160FH         LINE#         83
  C:1612H         LINE#         84
  -------         ENDPROC       _P2_SET_BIT
  -------         PROC          _P3_SET_BIT
  D:0007H         SYMBOL        Bit_Data
  C:1613H         LINE#         86
  C:1613H         LINE#         87
BL51 BANKED LINKER/LOCATER V4.02                                                      11/09/2019  16:57:00  PAGE 41


  C:1613H         LINE#         88
  C:1616H         LINE#         89
  -------         ENDPROC       _P3_SET_BIT
  -------         ENDMOD        OUTPUTS

  -------         MODULE        LED_CONTROL
  C:0000H         SYMBOL        _ICE_DUMMY_
  B:00D8H.2       PUBLIC        CCF2
  B:00D8H.3       PUBLIC        CCF3
  D:0080H         PUBLIC        P0
  B:00D8H.4       PUBLIC        CCF4
  D:0090H         PUBLIC        P1
  D:00A0H         PUBLIC        P2
  D:00B0H         PUBLIC        P3
  B:00B0H.4       PUBLIC        T0
  B:00D0H.6       PUBLIC        AC
  B:00B0H.5       PUBLIC        T1
  B:00B0H.7       PUBLIC        nRD
  B:0090H.0       PUBLIC        T2
  B:00A8H.7       PUBLIC        EA
  C:1606H         PUBLIC        _LEDS_ON
  B:00A8H.6       PUBLIC        EC
  B:00D8H.7       PUBLIC        CF
  B:00B0H.2       PUBLIC        nINT0
  B:0098H.7       PUBLIC        FE
  B:00B0H.3       PUBLIC        nINT1
  D:00A8H         PUBLIC        IEN0
  B:00B0H.0       PUBLIC        RxD
  B:0090H.0       PUBLIC        P1_0
  B:00B0H.1       PUBLIC        TxD
  B:0090H.3       PUBLIC        CEX0
  B:0090H.1       PUBLIC        P1_1
  B:0090H.4       PUBLIC        CEX1
  B:0090H.2       PUBLIC        P1_2
  B:00C8H.0       PUBLIC        CP
  B:0090H.3       PUBLIC        P1_3
  B:00B0H.2       PUBLIC        P3_2
  B:00D8H.6       PUBLIC        CR
  B:00B0H.3       PUBLIC        P3_3
  B:00C8H.6       PUBLIC        EXF2
  D:00B8H         PUBLIC        IPL0
  B:00B0H.4       PUBLIC        P3_4
  B:00B0H.5       PUBLIC        P3_5
  B:00B0H.6       PUBLIC        nWR
  B:00A8H.4       PUBLIC        ES
  B:0098H.0       PUBLIC        RI
  B:00D0H.7       PUBLIC        CY
  B:0098H.1       PUBLIC        TI
  B:00B8H.1       PUBLIC        PT0L
  B:00B8H.3       PUBLIC        PT1L
  B:00B8H.5       PUBLIC        PT2L
  B:0090H.1       PUBLIC        T2EX
  D:00D8H         PUBLIC        CCON
  B:00B0H.6       PUBLIC        RS
  B:00B8H.0       PUBLIC        PX0L
  B:00D0H.2       PUBLIC        OV
  B:0090H.1       PUBLIC        SS
BL51 BANKED LINKER/LOCATER V4.02                                                      11/09/2019  16:57:00  PAGE 42


  B:00B8H.2       PUBLIC        PX1L
  B:00C8H.5       PUBLIC        RCLK
  B:00C8H.4       PUBLIC        TCLK
  B:00B8H.6       PUBLIC        PPCL
  B:00A0H.4       PUBLIC        REDLED
  D:0098H         PUBLIC        SCON
  B:00A0H.6       PUBLIC        YELLOWLED
  B:0090H.4       PUBLIC        nCS0
  B:0080H.0       PUBLIC        AD0
  D:0088H         PUBLIC        TCON
  B:0080H.1       PUBLIC        AD1
  B:0080H.2       PUBLIC        AD2
  B:00B0H.1       PUBLIC        per_RxD
  B:00C8H.1       PUBLIC        CnT2
  B:0080H.3       PUBLIC        AD3
  B:0090H.5       PUBLIC        MISO
  B:0090H.7       PUBLIC        MOSI
  B:0080H.4       PUBLIC        AD4
  B:00B0H.0       PUBLIC        per_TxD
  B:0080H.5       PUBLIC        AD5
  B:0080H.6       PUBLIC        AD6
  B:0080H.7       PUBLIC        AD7
  B:00A0H.0       PUBLIC        AD8
  B:00A0H.1       PUBLIC        AD9
  B:0088H.1       PUBLIC        IE0
  B:00A0H.7       PUBLIC        AMBERLED
  B:0088H.3       PUBLIC        IE1
  B:00B0H.7       PUBLIC        E
  C:1617H         PUBLIC        _LEDS_OFF
  B:00A0H.5       PUBLIC        GREENLED
  B:00A8H.1       PUBLIC        ET0
  B:00A8H.3       PUBLIC        ET1
  B:0088H.5       PUBLIC        TF0
  B:00A8H.5       PUBLIC        ET2
  B:0088H.7       PUBLIC        TF1
  B:00C8H.7       PUBLIC        TF2
  B:0098H.2       PUBLIC        RB8
  B:00A8H.0       PUBLIC        EX0
  B:0088H.0       PUBLIC        IT0
  B:0098H.3       PUBLIC        TB8
  B:00A8H.2       PUBLIC        EX1
  B:0088H.2       PUBLIC        IT1
  B:00D0H.0       PUBLIC        P
  B:0098H.7       PUBLIC        SM0
  B:0090H.2       PUBLIC        ECI
  B:0098H.6       PUBLIC        SM1
  B:0098H.5       PUBLIC        SM2
  B:00D0H.3       PUBLIC        RS0
  B:0088H.4       PUBLIC        TR0
  B:00D0H.4       PUBLIC        RS1
  B:0090H.6       PUBLIC        per_SCLK
  B:0088H.6       PUBLIC        TR1
  B:00C8H.2       PUBLIC        TR2
  B:00A0H.0       PUBLIC        SW1
  B:00A0H.1       PUBLIC        SW2
  B:00A0H.2       PUBLIC        SW3
  B:00A0H.3       PUBLIC        SW4
BL51 BANKED LINKER/LOCATER V4.02                                                      11/09/2019  16:57:00  PAGE 43


  B:0090H.6       PUBLIC        SCK
  B:0090H.7       PUBLIC        per_MOSI
  B:0090H.5       PUBLIC        per_MISO
  B:00C8H.3       PUBLIC        EXEN2
  B:0098H.4       PUBLIC        REN
  B:00A0H.2       PUBLIC        AD10
  B:00A0H.3       PUBLIC        AD11
  D:00C8H         PUBLIC        T2CON
  B:00A0H.4       PUBLIC        AD12
  B:00A0H.5       PUBLIC        AD13
  B:00A0H.6       PUBLIC        AD14
  B:00A0H.7       PUBLIC        AD15
  B:00B8H.4       PUBLIC        PLS
  B:00D0H.5       PUBLIC        F0
  B:00D0H.1       PUBLIC        F1
  D:00D0H         PUBLIC        PSW
  B:00D8H.0       PUBLIC        CCF0
  B:00D8H.1       PUBLIC        CCF1
  -------         PROC          _LEDS_ON
  D:0007H         SYMBOL        LED_mask
  C:1606H         LINE#         13
  C:1606H         LINE#         14
  C:1606H         LINE#         15
  C:160AH         LINE#         16
  -------         ENDPROC       _LEDS_ON
  -------         PROC          _LEDS_OFF
  D:0007H         SYMBOL        LED_mask
  C:1617H         LINE#         26
  C:1617H         LINE#         27
  C:1617H         LINE#         28
  C:161AH         LINE#         29
  -------         ENDPROC       _LEDS_OFF
  -------         ENDMOD        LED_CONTROL

  -------         MODULE        ?C?CLDOPTR
  C:0751H         PUBLIC        ?C?CLDOPTR
  -------         ENDMOD        ?C?CLDOPTR

  -------         MODULE        ?C?CSTPTR
  C:077EH         PUBLIC        ?C?CSTPTR
  -------         ENDMOD        ?C?CSTPTR

  -------         MODULE        ?C?CSTOPTR
  C:0790H         PUBLIC        ?C?CSTOPTR
  -------         ENDMOD        ?C?CSTOPTR

  -------         MODULE        ?C?LMUL
  C:07B2H         PUBLIC        ?C?LMUL
  -------         ENDMOD        ?C?LMUL

  -------         MODULE        ?C?ULDIV
  C:083DH         PUBLIC        ?C?ULDIV
  -------         ENDMOD        ?C?ULDIV

  -------         MODULE        ?C?SLCMP
  C:08CFH         PUBLIC        ?C?SLCMP
  -------         ENDMOD        ?C?SLCMP
BL51 BANKED LINKER/LOCATER V4.02                                                      11/09/2019  16:57:00  PAGE 44



  -------         MODULE        ?C?ULCMP
  C:08E5H         PUBLIC        ?C?ULCMP
  -------         ENDMOD        ?C?ULCMP

  -------         MODULE        ?C?ULSHR
  C:08F6H         PUBLIC        ?C?ULSHR
  -------         ENDMOD        ?C?ULSHR

  -------         MODULE        ?C?LSHL
  C:0909H         PUBLIC        ?C?LSHL
  -------         ENDMOD        ?C?LSHL

  -------         MODULE        PUTCHAR
  C:1554H         PUBLIC        _PUTCHAR
  -------         ENDMOD        PUTCHAR

  -------         MODULE        PRINTF
  D:003FH         PUBLIC        ?_PRINTF517?BYTE
  D:003FH         PUBLIC        ?_PRINTF?BYTE
  D:003FH         PUBLIC        ?_SPRINTF517?BYTE
  D:003FH         PUBLIC        ?_SPRINTF?BYTE
  C:0457H         PUBLIC        _PRINTF
  C:0457H         PUBLIC        _PRINTF517
  C:0451H         PUBLIC        _SPRINTF
  C:0451H         PUBLIC        _SPRINTF517
  -------         ENDMOD        PRINTF

  -------         MODULE        ATOL
  C:0F11H         PUBLIC        _ATOL
  -------         ENDMOD        ATOL

  -------         MODULE        ?C?CLDPTR
  C:091CH         PUBLIC        ?C?CLDPTR
  -------         ENDMOD        ?C?CLDPTR

  -------         MODULE        ?C?LNEG
  C:0935H         PUBLIC        ?C?LNEG
  -------         ENDMOD        ?C?LNEG

  -------         MODULE        ?C?PLDIIDATA
  C:0943H         PUBLIC        ?C?PLDIIDATA
  -------         ENDMOD        ?C?PLDIIDATA

  -------         MODULE        ?C?CCASE
  C:0953H         PUBLIC        ?C?CCASE
  -------         ENDMOD        ?C?CCASE

  -------         MODULE        ISDIGIT
  C:15D4H         PUBLIC        _ISDIGIT
  -------         ENDMOD        ISDIGIT

  -------         MODULE        ISSPACE
  C:15C1H         PUBLIC        _ISSPACE
  -------         ENDMOD        ISSPACE

LINK/LOCATE RUN COMPLETE.  0 WARNING(S),  0 ERROR(S)
