BL51 BANKED LINKER/LOCATER V4.02                                                        11/11/2019  16:09:15  PAGE 1


BL51 BANKED LINKER/LOCATER V4.02, INVOKED BY:
C:\KEIL\C51\BIN\BL51.EXE SD_card_test.obj, print_bytes.obj, SDCard.obj, SPI.obj, UART.obj, LCD_routines.obj, Long_Serial
>> _In.obj, LCD_hardware_functions.obj, Timer0_hardware_delay_1ms.obj, Outputs.obj, LED_Control.obj, Read_Sector.obj, Di
>> rectory_Functions_struct.obj TO SD_Card_test RAMSIZE (256)


MEMORY MODEL: SMALL


INPUT MODULES INCLUDED:
  SD_card_test.obj (SD_CARD_TEST)
  print_bytes.obj (PRINT_BYTES)
  SDCard.obj (SDCARD)
  SPI.obj (SPI)
  UART.obj (UART)
  LCD_routines.obj (LCD_ROUTINES)
  Long_Serial_In.obj (LONG_SERIAL_IN)
  LCD_hardware_functions.obj (LCD_HARDWARE_FUNCTIONS)
  Timer0_hardware_delay_1ms.obj (TIMER0_HARDWARE_DELAY_1MS)
  Outputs.obj (OUTPUTS)
  LED_Control.obj (LED_CONTROL)
  Read_Sector.obj (READ_SECTOR)
  Directory_Functions_struct.obj (DIRECTORY_FUNCTIONS_STRUCT)
  C:\KEIL\C51\LIB\C51S.LIB (?C_STARTUP)
  C:\KEIL\C51\LIB\C51S.LIB (?C?CLDOPTR)
  C:\KEIL\C51\LIB\C51S.LIB (?C?CSTPTR)
  C:\KEIL\C51\LIB\C51S.LIB (?C?CSTOPTR)
  C:\KEIL\C51\LIB\C51S.LIB (?C?LMUL)
  C:\KEIL\C51\LIB\C51S.LIB (?C?ULDIV)
  C:\KEIL\C51\LIB\C51S.LIB (?C?SLCMP)
  C:\KEIL\C51\LIB\C51S.LIB (?C?ULCMP)
  C:\KEIL\C51\LIB\C51S.LIB (?C?ULSHR)
  C:\KEIL\C51\LIB\C51S.LIB (?C?LSHL)
  C:\KEIL\C51\LIB\C51S.LIB (PUTCHAR)
  C:\KEIL\C51\LIB\C51S.LIB (PRINTF)
  C:\KEIL\C51\LIB\C51S.LIB (ATOL)
  C:\KEIL\C51\LIB\C51S.LIB (?C?CLDPTR)
  C:\KEIL\C51\LIB\C51S.LIB (?C?LNEG)
  C:\KEIL\C51\LIB\C51S.LIB (?C?PLDIIDATA)
  C:\KEIL\C51\LIB\C51S.LIB (?C?CCASE)
  C:\KEIL\C51\LIB\C51S.LIB (ISDIGIT)
  C:\KEIL\C51\LIB\C51S.LIB (ISSPACE)


LINK MAP OF MODULE:  SD_Card_test (SD_CARD_TEST)


            TYPE    BASE      LENGTH    RELOCATION   SEGMENT NAME
            -----------------------------------------------------

            * * * * * * *   D A T A   M E M O R Y   * * * * * * *
            REG     0000H     0008H     ABSOLUTE     "REG BANK 0"
            DATA    0008H     0003H     UNIT         ?DT?_MOUNT_DRIVE?DIRECTORY_FUNCTIONS_STRUCT
            IDATA   000BH     0001H     UNIT         ?ID?SDCARD
                    000CH     0014H                  *** GAP ***
            BIT     0020H.0   0001H.1   UNIT         _BIT_GROUP_
                    0021H.1   0000H.7                *** GAP ***
            DATA    0022H     0031H     UNIT         _DATA_GROUP_
BL51 BANKED LINKER/LOCATER V4.02                                                      11/11/2019  16:09:15  PAGE 2


            IDATA   0053H     0016H     UNIT         ?ID?DIRECTORY_FUNCTIONS_STRUCT
            IDATA   0069H     0001H     UNIT         ?STACK

            * * * * * * *  X D A T A   M E M O R Y  * * * * * * *
            XDATA   0000H     0200H     UNIT         ?XD?SD_CARD_TEST
            XDATA   0200H     0200H     UNIT         ?XD?_MOUNT_DRIVE?DIRECTORY_FUNCTIONS_STRUCT

            * * * * * * *   C O D E   M E M O R Y   * * * * * * *
            CODE    0000H     0003H     ABSOLUTE     
            CODE    0003H     03F2H     UNIT         ?PR?SD_CARD_INIT?SDCARD
            CODE    03F5H     035CH     UNIT         ?PR?PRINTF?PRINTF
            CODE    0751H     0228H     UNIT         ?C?LIB_CODE
            CODE    0979H     020EH     UNIT         ?CO?SDCARD
            CODE    0B87H     0167H     UNIT         ?PR?MAIN?SD_CARD_TEST
            CODE    0CEEH     010BH     UNIT         ?PR?_SEND_COMMAND?SDCARD
            CODE    0DF9H     00FFH     UNIT         ?PR?_READ_BLOCK?SDCARD
            CODE    0EF8H     00DEH     UNIT         ?PR?_ATOL?ATOL
            CODE    0FD6H     00D1H     UNIT         ?PR?LONG_SERIAL_INPUT?LONG_SERIAL_IN
            CODE    10A7H     00B4H     UNIT         ?PR?_RESPONSE?SDCARD
            CODE    115BH     008CH     UNIT         ?PR?_SPI_MASTER_INIT?SPI
            CODE    11E7H     0085H     UNIT         ?PR?_LCD_PRINT?LCD_ROUTINES
            CODE    126CH     0078H     UNIT         ?PR?_PRINT_16BYTES?PRINT_BYTES
            CODE    12E4H     006EH     UNIT         ?PR?_PRINT_ERROR?SDCARD
            CODE    1352H     005FH     UNIT         ?PR?_PRINT_MEMORY?PRINT_BYTES
            CODE    13B1H     005EH     UNIT         ?PR?_READ_SECTOR?READ_SECTOR
            CODE    140FH     0054H     UNIT         ?CO?SD_CARD_TEST
            CODE    1463H     0048H     UNIT         ?PR?_MOUNT_DRIVE?DIRECTORY_FUNCTIONS_STRUCT
            CODE    14ABH     0045H     UNIT         ?CO?PRINT_BYTES
            CODE    14F0H     0045H     UNIT         ?PR?_SPI_TRANSFER?SPI
            CODE    1535H     0038H     UNIT         ?PR?LCD_INIT?LCD_ROUTINES
            CODE    156DH     0035H     UNIT         ?PR?_UART_INIT?UART
            CODE    15A2H     002AH     UNIT         ?PR?_LCD_WRITE?LCD_HARDWARE_FUNCTIONS
            CODE    15CCH     0027H     UNIT         ?PR?PUTCHAR?PUTCHAR
            CODE    15F3H     0026H     UNIT         ?PR?_TIMER0_DELAY_1MS?TIMER0_HARDWARE_DELAY_1MS
            CODE    1619H     0020H     UNIT         ?PR?_UART_TRANSMIT?UART
            CODE    1639H     0015H     UNIT         ?CO?DIRECTORY_FUNCTIONS_STRUCT
            CODE    164EH     0013H     UNIT         ?CO?READ_SECTOR
            CODE    1661H     0013H     UNIT         ?PR?_ISSPACE?ISSPACE
            CODE    1674H     000FH     UNIT         ?PR?_ISDIGIT?ISDIGIT
            CODE    1683H     000CH     UNIT         ?C_C51STARTUP
            CODE    168FH     0008H     UNIT         ?PR?UART_RECEIVE?UART
            CODE    1697H     0007H     UNIT         ?PR?EXPORT_DRIVE_VALUES?DIRECTORY_FUNCTIONS_STRUCT
            CODE    169EH     0005H     UNIT         ?PR?RETURN_SD_CARD_TYPE?SDCARD
            CODE    16A3H     0005H     UNIT         ?PR?_SPI_SELECT_CLEAR?SPI
            CODE    16A8H     0005H     UNIT         ?PR?_P3_CLEAR_BIT?OUTPUTS
            CODE    16ADH     0005H     UNIT         ?PR?_LEDS_ON?LED_CONTROL
            CODE    16B2H     0004H     UNIT         ?PR?_SPI_SELECT_SET?SPI
            CODE    16B6H     0004H     UNIT         ?PR?_P2_SET_BIT?OUTPUTS
            CODE    16BAH     0004H     UNIT         ?PR?_P3_SET_BIT?OUTPUTS
            CODE    16BEH     0004H     UNIT         ?PR?_LEDS_OFF?LED_CONTROL
            CODE    16C2H     0003H     UNIT         ?PR?_P0_OUTPUT_BITS?OUTPUTS



OVERLAY MAP OF MODULE:   SD_Card_test (SD_CARD_TEST)


BL51 BANKED LINKER/LOCATER V4.02                                                      11/11/2019  16:09:15  PAGE 3


SEGMENT                                                       BIT_GROUP          DATA_GROUP 
  +--> CALLED SEGMENT                                      START    LENGTH     START    LENGTH
----------------------------------------------------------------------------------------------
?C_C51STARTUP                                              -----    -----      -----    -----
  +--> ?PR?MAIN?SD_CARD_TEST

?PR?MAIN?SD_CARD_TEST                                      -----    -----      0022H    0008H
  +--> ?PR?_P2_SET_BIT?OUTPUTS
  +--> ?PR?_LEDS_OFF?LED_CONTROL
  +--> ?PR?_LEDS_ON?LED_CONTROL
  +--> ?PR?_UART_INIT?UART
  +--> ?PR?LCD_INIT?LCD_ROUTINES
  +--> ?CO?SD_CARD_TEST
  +--> ?PR?PRINTF?PRINTF
  +--> ?PR?_LCD_PRINT?LCD_ROUTINES
  +--> ?PR?_SPI_MASTER_INIT?SPI
  +--> ?PR?_UART_TRANSMIT?UART
  +--> ?PR?SD_CARD_INIT?SDCARD
  +--> ?PR?RETURN_SD_CARD_TYPE?SDCARD
  +--> ?PR?LONG_SERIAL_INPUT?LONG_SERIAL_IN
  +--> ?PR?_READ_SECTOR?READ_SECTOR
  +--> ?PR?_PRINT_MEMORY?PRINT_BYTES

?PR?LCD_INIT?LCD_ROUTINES                                  -----    -----      -----    -----
  +--> ?PR?_LCD_WRITE?LCD_HARDWARE_FUNCTIONS
  +--> ?PR?_TIMER0_DELAY_1MS?TIMER0_HARDWARE_DELAY_1MS

?PR?_LCD_WRITE?LCD_HARDWARE_FUNCTIONS                      -----    -----      0030H    0001H
  +--> ?PR?_P3_CLEAR_BIT?OUTPUTS
  +--> ?PR?_P3_SET_BIT?OUTPUTS
  +--> ?PR?_P0_OUTPUT_BITS?OUTPUTS

?PR?PRINTF?PRINTF                                          0020H.0  0001H.1    003FH    0014H
  +--> ?PR?PUTCHAR?PUTCHAR

?PR?_LCD_PRINT?LCD_ROUTINES                                -----    -----      002AH    0006H
  +--> ?PR?_LCD_WRITE?LCD_HARDWARE_FUNCTIONS
  +--> ?PR?_TIMER0_DELAY_1MS?TIMER0_HARDWARE_DELAY_1MS

?PR?_SPI_MASTER_INIT?SPI                                   -----    -----      002AH    0001H

?PR?SD_CARD_INIT?SDCARD                                    -----    -----      002AH    0014H
  +--> ?PR?_SPI_SELECT_SET?SPI
  +--> ?CO?SDCARD
  +--> ?PR?PRINTF?PRINTF
  +--> ?PR?_SPI_TRANSFER?SPI
  +--> ?PR?_LEDS_ON?LED_CONTROL
  +--> ?PR?_SPI_SELECT_CLEAR?SPI
  +--> ?PR?_SEND_COMMAND?SDCARD
  +--> ?PR?_RESPONSE?SDCARD
  +--> ?PR?_LEDS_OFF?LED_CONTROL
  +--> ?PR?PUTCHAR?PUTCHAR
  +--> ?PR?_PRINT_ERROR?SDCARD

?PR?_SPI_TRANSFER?SPI                                      -----    -----      0047H    0002H

?PR?_SEND_COMMAND?SDCARD                                   -----    -----      003EH    0009H
BL51 BANKED LINKER/LOCATER V4.02                                                      11/11/2019  16:09:15  PAGE 4


  +--> ?PR?_SPI_TRANSFER?SPI

?PR?_RESPONSE?SDCARD                                       -----    -----      003EH    0009H
  +--> ?PR?_SPI_TRANSFER?SPI

?PR?_PRINT_ERROR?SDCARD                                    -----    -----      003EH    0001H
  +--> ?CO?SDCARD
  +--> ?PR?PRINTF?PRINTF

?PR?LONG_SERIAL_INPUT?LONG_SERIAL_IN                       -----    -----      002AH    0011H
  +--> ?PR?UART_RECEIVE?UART
  +--> ?PR?PUTCHAR?PUTCHAR
  +--> ?PR?_UART_TRANSMIT?UART
  +--> ?PR?_ATOL?ATOL

?PR?_ATOL?ATOL                                             0020H.0  0000H.1    003BH    0007H
  +--> ?PR?_ISSPACE?ISSPACE
  +--> ?PR?_ISDIGIT?ISDIGIT

?PR?_READ_SECTOR?READ_SECTOR                               -----    -----      002AH    000BH
  +--> ?CO?READ_SECTOR
  +--> ?PR?PRINTF?PRINTF
  +--> ?PR?RETURN_SD_CARD_TYPE?SDCARD
  +--> ?PR?_SPI_SELECT_CLEAR?SPI
  +--> ?PR?_SEND_COMMAND?SDCARD
  +--> ?PR?_READ_BLOCK?SDCARD
  +--> ?PR?_SPI_SELECT_SET?SPI

?PR?_READ_BLOCK?SDCARD                                     -----    -----      0035H    000AH
  +--> ?PR?_SPI_TRANSFER?SPI

?PR?_PRINT_MEMORY?PRINT_BYTES                              -----    -----      002AH    0008H
  +--> ?CO?PRINT_BYTES
  +--> ?PR?PRINTF?PRINTF
  +--> ?PR?_PRINT_16BYTES?PRINT_BYTES

?PR?_PRINT_16BYTES?PRINT_BYTES                             -----    -----      0032H    0005H
  +--> ?CO?PRINT_BYTES
  +--> ?PR?PRINTF?PRINTF
  +--> ?PR?_UART_TRANSMIT?UART



SYMBOL TABLE OF MODULE:  SD_Card_test (SD_CARD_TEST)

  VALUE           TYPE          NAME
  ----------------------------------

  -------         MODULE        SD_CARD_TEST
  C:0000H         SYMBOL        _ICE_DUMMY_
  B:00D8H.2       PUBLIC        CCF2
  B:00D8H.3       PUBLIC        CCF3
  D:0080H         PUBLIC        P0
  B:00D8H.4       PUBLIC        CCF4
  D:0090H         PUBLIC        P1
  D:00A0H         PUBLIC        P2
  D:00B0H         PUBLIC        P3
BL51 BANKED LINKER/LOCATER V4.02                                                      11/11/2019  16:09:15  PAGE 5


  B:00B0H.4       PUBLIC        T0
  B:00D0H.6       PUBLIC        AC
  B:00B0H.5       PUBLIC        T1
  B:00B0H.7       PUBLIC        nRD
  B:0090H.0       PUBLIC        T2
  B:00A8H.7       PUBLIC        EA
  B:00A8H.6       PUBLIC        EC
  B:00D8H.7       PUBLIC        CF
  B:00B0H.2       PUBLIC        nINT0
  B:0098H.7       PUBLIC        FE
  B:00B0H.3       PUBLIC        nINT1
  D:00A8H         PUBLIC        IEN0
  B:00B0H.0       PUBLIC        RxD
  B:0090H.0       PUBLIC        P1_0
  B:00B0H.1       PUBLIC        TxD
  B:0090H.3       PUBLIC        CEX0
  B:0090H.1       PUBLIC        P1_1
  B:0090H.4       PUBLIC        CEX1
  B:0090H.2       PUBLIC        P1_2
  B:00C8H.0       PUBLIC        CP
  B:0090H.3       PUBLIC        P1_3
  B:00B0H.2       PUBLIC        P3_2
  B:00D8H.6       PUBLIC        CR
  B:00B0H.3       PUBLIC        P3_3
  B:00C8H.6       PUBLIC        EXF2
  D:00B8H         PUBLIC        IPL0
  B:00B0H.4       PUBLIC        P3_4
  B:00B0H.5       PUBLIC        P3_5
  B:00B0H.6       PUBLIC        nWR
  B:00A8H.4       PUBLIC        ES
  B:0098H.0       PUBLIC        RI
  B:00D0H.7       PUBLIC        CY
  B:0098H.1       PUBLIC        TI
  D:008FH         PUBLIC        CKCON0
  B:00B8H.1       PUBLIC        PT0L
  B:00B8H.3       PUBLIC        PT1L
  C:1455H         PUBLIC        SDHC
  B:00B8H.5       PUBLIC        PT2L
  B:0090H.1       PUBLIC        T2EX
  D:00D8H         PUBLIC        CCON
  B:00B0H.6       PUBLIC        RS
  B:00B8H.0       PUBLIC        PX0L
  B:00D0H.2       PUBLIC        OV
  B:0090H.1       PUBLIC        SS
  B:00B8H.2       PUBLIC        PX1L
  C:0B87H         PUBLIC        main
  C:1437H         PUBLIC        SD_start
  B:00C8H.5       PUBLIC        RCLK
  C:1447H         PUBLIC        SDSC
  B:00C8H.4       PUBLIC        TCLK
  B:00B8H.6       PUBLIC        PPCL
  B:00A0H.4       PUBLIC        REDLED
  D:0098H         PUBLIC        SCON
  B:00A0H.6       PUBLIC        YELLOWLED
  B:0090H.4       PUBLIC        nCS0
  B:0080H.0       PUBLIC        AD0
  D:0088H         PUBLIC        TCON
BL51 BANKED LINKER/LOCATER V4.02                                                      11/11/2019  16:09:15  PAGE 6


  B:0080H.1       PUBLIC        AD1
  B:0080H.2       PUBLIC        AD2
  B:00B0H.1       PUBLIC        per_RxD
  B:00C8H.1       PUBLIC        CnT2
  B:0080H.3       PUBLIC        AD3
  B:0090H.5       PUBLIC        MISO
  B:0090H.7       PUBLIC        MOSI
  B:0080H.4       PUBLIC        AD4
  B:00B0H.0       PUBLIC        per_TxD
  B:0080H.5       PUBLIC        AD5
  B:0080H.6       PUBLIC        AD6
  B:0080H.7       PUBLIC        AD7
  B:00A0H.0       PUBLIC        AD8
  B:00A0H.1       PUBLIC        AD9
  B:0088H.1       PUBLIC        IE0
  B:00A0H.7       PUBLIC        AMBERLED
  B:0088H.3       PUBLIC        IE1
  D:008EH         PUBLIC        AUXR
  B:00B0H.7       PUBLIC        E
  B:00A0H.5       PUBLIC        GREENLED
  B:00A8H.1       PUBLIC        ET0
  B:00A8H.3       PUBLIC        ET1
  B:0088H.5       PUBLIC        TF0
  B:00A8H.5       PUBLIC        ET2
  B:0088H.7       PUBLIC        TF1
  B:00C8H.7       PUBLIC        TF2
  B:0098H.2       PUBLIC        RB8
  B:00A8H.0       PUBLIC        EX0
  B:0088H.0       PUBLIC        IT0
  B:0098H.3       PUBLIC        TB8
  B:00A8H.2       PUBLIC        EX1
  B:0088H.2       PUBLIC        IT1
  B:00D0H.0       PUBLIC        P
  B:0098H.7       PUBLIC        SM0
  B:0090H.2       PUBLIC        ECI
  B:0098H.6       PUBLIC        SM1
  B:0098H.5       PUBLIC        SM2
  B:00D0H.3       PUBLIC        RS0
  B:0088H.4       PUBLIC        TR0
  B:00D0H.4       PUBLIC        RS1
  B:0090H.6       PUBLIC        per_SCLK
  B:0088H.6       PUBLIC        TR1
  B:00C8H.2       PUBLIC        TR2
  B:00A0H.0       PUBLIC        SW1
  B:00A0H.1       PUBLIC        SW2
  B:00A0H.2       PUBLIC        SW3
  B:00A0H.3       PUBLIC        SW4
  B:0090H.6       PUBLIC        SCK
  B:0090H.7       PUBLIC        per_MOSI
  B:0090H.5       PUBLIC        per_MISO
  B:00C8H.3       PUBLIC        EXEN2
  B:0098H.4       PUBLIC        REN
  B:00A0H.2       PUBLIC        AD10
  B:00A0H.3       PUBLIC        AD11
  D:00C8H         PUBLIC        T2CON
  B:00A0H.4       PUBLIC        AD12
  B:00A0H.5       PUBLIC        AD13
BL51 BANKED LINKER/LOCATER V4.02                                                      11/11/2019  16:09:15  PAGE 7


  B:00A0H.6       PUBLIC        AD14
  B:00A0H.7       PUBLIC        AD15
  X:0000H         PUBLIC        buf1
  B:00B8H.4       PUBLIC        PLS
  B:00D0H.5       PUBLIC        F0
  B:00D0H.1       PUBLIC        F1
  D:00D0H         PUBLIC        PSW
  B:00D8H.0       PUBLIC        CCF0
  B:00D8H.1       PUBLIC        CCF1
  -------         PROC          MAIN
  -------         DO            MAIN
  D:0004H         SYMBOL        block_num
  D:0022H         SYMBOL        LBA
  D:0026H         SYMBOL        i
  D:0028H         SYMBOL        error_flag
  D:0029H         SYMBOL        SD_stat
  -------         ENDDO         SD_stat
  C:0B87H         LINE#         27
  C:0B87H         LINE#         28
  C:0B87H         LINE#         34
  C:0B8AH         LINE#         35
  C:0B8AH         LINE#         36
  C:0B8AH         LINE#         37
  C:0B8DH         LINE#         38
  C:0B8DH         LINE#         39
  C:0B8DH         LINE#         40
  C:0B8DH         LINE#         41
  C:0B8DH         LINE#         42
  C:0B8DH         LINE#         44
  C:0B92H         LINE#         45
  C:0B97H         LINE#         46
  C:0B9CH         LINE#         47
  C:0BA1H         LINE#         48
  C:0BBEH         LINE#         49
  C:0BC3H         LINE#         50
  C:0BCAH         LINE#         51
  C:0BCDH         LINE#         54
  C:0BD6H         LINE#         55
  C:0BE2H         LINE#         56
  C:0BEFH         LINE#         57
  C:0BF3H         LINE#         58
  C:0BF3H         LINE#         59
  C:0BF8H         LINE#         60
  C:0BFDH         LINE#         61
  C:0BFFH         LINE#         62
  C:0BFFH         LINE#         63
  C:0C04H         LINE#         65
  C:0C09H         LINE#         66
  C:0C0DH         LINE#         67
  C:0C0DH         LINE#         68
  C:0C12H         LINE#         69
  C:0C17H         LINE#         70
  C:0C19H         LINE#         71
  C:0C19H         LINE#         72
  C:0C1EH         LINE#         73
  C:0C2BH         LINE#         74
  C:0C2FH         LINE#         75
BL51 BANKED LINKER/LOCATER V4.02                                                      11/11/2019  16:09:15  PAGE 8


  C:0C2FH         LINE#         76
  C:0C34H         LINE#         77
  C:0C39H         LINE#         78
  C:0C3BH         LINE#         79
  C:0C3BH         LINE#         80
  C:0C40H         LINE#         81
  C:0C40H         LINE#         82
  C:0C4FH         LINE#         84
  C:0C5FH         LINE#         85
  C:0C64H         LINE#         86
  C:0C69H         LINE#         87
  C:0C69H         LINE#         88
  C:0C76H         LINE#         89
  C:0C78H         LINE#         90
  C:0C7CH         LINE#         91
  C:0C7CH         LINE#         92
  C:0C88H         LINE#         93
  C:0C88H         LINE#         96
  C:0C88H         LINE#         97
  C:0C88H         LINE#         98
  C:0C91H         LINE#         99
  C:0C94H         LINE#         100
  C:0CA3H         LINE#         101
  C:0CA8H         LINE#         104
  C:0CACH         LINE#         105
  C:0CACH         LINE#         106
  C:0CB1H         LINE#         107
  C:0CB3H         LINE#         108
  C:0CB3H         LINE#         110
  C:0CCFH         LINE#         111
  C:0CD4H         LINE#         113
  C:0CD8H         LINE#         114
  C:0CD8H         LINE#         115
  C:0CDDH         LINE#         116
  C:0CDFH         LINE#         117
  C:0CDFH         LINE#         118
  C:0CECH         LINE#         120
  -------         ENDPROC       MAIN
  -------         ENDMOD        SD_CARD_TEST

  -------         MODULE        PRINT_BYTES
  C:0000H         SYMBOL        _ICE_DUMMY_
  B:00D8H.2       PUBLIC        CCF2
  B:00D8H.3       PUBLIC        CCF3
  D:0080H         PUBLIC        P0
  B:00D8H.4       PUBLIC        CCF4
  D:0090H         PUBLIC        P1
  D:00A0H         PUBLIC        P2
  C:126CH         PUBLIC        _print_16bytes
  D:00B0H         PUBLIC        P3
  B:00B0H.4       PUBLIC        T0
  B:00D0H.6       PUBLIC        AC
  B:00B0H.5       PUBLIC        T1
  B:00B0H.7       PUBLIC        nRD
  B:0090H.0       PUBLIC        T2
  B:00A8H.7       PUBLIC        EA
  B:00A8H.6       PUBLIC        EC
BL51 BANKED LINKER/LOCATER V4.02                                                      11/11/2019  16:09:15  PAGE 9


  B:00D8H.7       PUBLIC        CF
  B:00B0H.2       PUBLIC        nINT0
  B:0098H.7       PUBLIC        FE
  B:00B0H.3       PUBLIC        nINT1
  D:00A8H         PUBLIC        IEN0
  C:1352H         PUBLIC        _print_memory
  B:00B0H.0       PUBLIC        RxD
  B:00B0H.1       PUBLIC        TxD
  B:0090H.3       PUBLIC        CEX0
  B:0090H.4       PUBLIC        CEX1
  B:00C8H.0       PUBLIC        CP
  B:00D8H.6       PUBLIC        CR
  B:00C8H.6       PUBLIC        EXF2
  D:00B8H         PUBLIC        IPL0
  B:00B0H.6       PUBLIC        nWR
  B:00A8H.4       PUBLIC        ES
  B:0098H.0       PUBLIC        RI
  B:00D0H.7       PUBLIC        CY
  B:0098H.1       PUBLIC        TI
  B:00B8H.1       PUBLIC        PT0L
  B:00B8H.3       PUBLIC        PT1L
  B:00B8H.5       PUBLIC        PT2L
  B:0090H.1       PUBLIC        T2EX
  D:00D8H         PUBLIC        CCON
  B:00B8H.0       PUBLIC        PX0L
  B:00D0H.2       PUBLIC        OV
  B:0090H.1       PUBLIC        SS
  B:00B8H.2       PUBLIC        PX1L
  B:00C8H.5       PUBLIC        RCLK
  B:00C8H.4       PUBLIC        TCLK
  B:00B8H.6       PUBLIC        PPCL
  D:0098H         PUBLIC        SCON
  B:0080H.0       PUBLIC        AD0
  D:0088H         PUBLIC        TCON
  B:0080H.1       PUBLIC        AD1
  B:0080H.2       PUBLIC        AD2
  B:00C8H.1       PUBLIC        CnT2
  B:0080H.3       PUBLIC        AD3
  B:0090H.5       PUBLIC        MISO
  B:0090H.7       PUBLIC        MOSI
  B:0080H.4       PUBLIC        AD4
  B:0080H.5       PUBLIC        AD5
  B:0080H.6       PUBLIC        AD6
  B:0080H.7       PUBLIC        AD7
  B:00A0H.0       PUBLIC        AD8
  B:00A0H.1       PUBLIC        AD9
  B:0088H.1       PUBLIC        IE0
  B:0088H.3       PUBLIC        IE1
  B:00A8H.1       PUBLIC        ET0
  B:00A8H.3       PUBLIC        ET1
  B:0088H.5       PUBLIC        TF0
  B:00A8H.5       PUBLIC        ET2
  B:0088H.7       PUBLIC        TF1
  B:00C8H.7       PUBLIC        TF2
  B:0098H.2       PUBLIC        RB8
  B:00A8H.0       PUBLIC        EX0
  B:0088H.0       PUBLIC        IT0
BL51 BANKED LINKER/LOCATER V4.02                                                      11/11/2019  16:09:15  PAGE 10


  B:0098H.3       PUBLIC        TB8
  B:00A8H.2       PUBLIC        EX1
  B:0088H.2       PUBLIC        IT1
  B:00D0H.0       PUBLIC        P
  B:0098H.7       PUBLIC        SM0
  B:0090H.2       PUBLIC        ECI
  B:0098H.6       PUBLIC        SM1
  B:0098H.5       PUBLIC        SM2
  B:00D0H.3       PUBLIC        RS0
  B:0088H.4       PUBLIC        TR0
  B:00D0H.4       PUBLIC        RS1
  B:0088H.6       PUBLIC        TR1
  B:00C8H.2       PUBLIC        TR2
  B:0090H.6       PUBLIC        SCK
  B:00C8H.3       PUBLIC        EXEN2
  B:0098H.4       PUBLIC        REN
  B:00A0H.2       PUBLIC        AD10
  B:00A0H.3       PUBLIC        AD11
  D:00C8H         PUBLIC        T2CON
  B:00A0H.4       PUBLIC        AD12
  B:00A0H.5       PUBLIC        AD13
  B:00A0H.6       PUBLIC        AD14
  B:00A0H.7       PUBLIC        AD15
  B:00B8H.4       PUBLIC        PLS
  B:00D0H.5       PUBLIC        F0
  B:00D0H.1       PUBLIC        F1
  D:00D0H         PUBLIC        PSW
  B:00D8H.0       PUBLIC        CCF0
  B:00D8H.1       PUBLIC        CCF1
  -------         PROC          _PRINT_16BYTES
  D:0001H         SYMBOL        array_in_p
  -------         DO            array_in_p
  D:0032H         SYMBOL        input_p
  D:0035H         SYMBOL        index
  D:0036H         SYMBOL        dat
  -------         ENDDO         dat
  C:126CH         LINE#         16
  C:126CH         LINE#         17
  C:126CH         LINE#         20
  C:1272H         LINE#         21
  C:1281H         LINE#         22
  C:1284H         LINE#         23
  C:1284H         LINE#         24
  C:1295H         LINE#         25
  C:12A0H         LINE#         26
  C:12A9H         LINE#         27
  C:12ACH         LINE#         28
  C:12ACH         LINE#         29
  C:12BDH         LINE#         30
  C:12CCH         LINE#         31
  C:12D1H         LINE#         32
  C:12DAH         LINE#         33
  C:12DFH         LINE#         34
  -------         ENDPROC       _PRINT_16BYTES
  -------         PROC          _PRINT_MEMORY
  D:002AH         SYMBOL        array_in_p
  D:002DH         SYMBOL        number_of_bytes
BL51 BANKED LINKER/LOCATER V4.02                                                      11/11/2019  16:09:15  PAGE 11


  -------         DO            number_of_bytes
  D:002FH         SYMBOL        input_p
  D:0006H         SYMBOL        i
  -------         ENDDO         i
  C:1352H         LINE#         44
  C:135CH         LINE#         45
  C:135CH         LINE#         48
  C:1362H         LINE#         49
  C:1366H         LINE#         50
  C:136BH         LINE#         51
  C:1377H         LINE#         52
  C:1380H         LINE#         54
  C:1380H         LINE#         55
  C:1389H         LINE#         56
  C:1394H         LINE#         57
  C:13B0H         LINE#         58
  -------         ENDPROC       _PRINT_MEMORY
  -------         ENDMOD        PRINT_BYTES

  -------         MODULE        SDCARD
  C:0000H         SYMBOL        _ICE_DUMMY_
  B:00D8H.2       PUBLIC        CCF2
  B:00D8H.3       PUBLIC        CCF3
  D:0080H         PUBLIC        P0
  B:00D8H.4       PUBLIC        CCF4
  D:0090H         PUBLIC        P1
  D:00A0H         PUBLIC        P2
  D:00B0H         PUBLIC        P3
  B:00B0H.4       PUBLIC        T0
  B:00D0H.6       PUBLIC        AC
  B:00B0H.5       PUBLIC        T1
  B:00B0H.7       PUBLIC        nRD
  B:0090H.0       PUBLIC        T2
  B:00A8H.7       PUBLIC        EA
  B:00A8H.6       PUBLIC        EC
  B:00D8H.7       PUBLIC        CF
  B:00B0H.2       PUBLIC        nINT0
  B:0098H.7       PUBLIC        FE
  B:00B0H.3       PUBLIC        nINT1
  D:00A8H         PUBLIC        IEN0
  B:00B0H.0       PUBLIC        RxD
  B:0090H.0       PUBLIC        P1_0
  B:00B0H.1       PUBLIC        TxD
  B:0090H.3       PUBLIC        CEX0
  B:0090H.1       PUBLIC        P1_1
  B:0090H.4       PUBLIC        CEX1
  B:0090H.2       PUBLIC        P1_2
  B:00C8H.0       PUBLIC        CP
  B:0090H.3       PUBLIC        P1_3
  B:00B0H.2       PUBLIC        P3_2
  B:00D8H.6       PUBLIC        CR
  B:00B0H.3       PUBLIC        P3_3
  B:00C8H.6       PUBLIC        EXF2
  D:00B8H         PUBLIC        IPL0
  B:00B0H.4       PUBLIC        P3_4
  B:00B0H.5       PUBLIC        P3_5
  B:00B0H.6       PUBLIC        nWR
BL51 BANKED LINKER/LOCATER V4.02                                                      11/11/2019  16:09:15  PAGE 12


  B:00A8H.4       PUBLIC        ES
  B:0098H.0       PUBLIC        RI
  B:00D0H.7       PUBLIC        CY
  B:0098H.1       PUBLIC        TI
  C:12E4H         PUBLIC        _print_error
  B:00B8H.1       PUBLIC        PT0L
  B:00B8H.3       PUBLIC        PT1L
  B:00B8H.5       PUBLIC        PT2L
  B:0090H.1       PUBLIC        T2EX
  D:00D8H         PUBLIC        CCON
  B:00B0H.6       PUBLIC        RS
  B:00B8H.0       PUBLIC        PX0L
  B:00D0H.2       PUBLIC        OV
  B:0090H.1       PUBLIC        SS
  B:00B8H.2       PUBLIC        PX1L
  C:0003H         PUBLIC        SD_card_init
  B:00C8H.5       PUBLIC        RCLK
  B:00C8H.4       PUBLIC        TCLK
  B:00B8H.6       PUBLIC        PPCL
  B:00A0H.4       PUBLIC        REDLED
  D:0098H         PUBLIC        SCON
  B:00A0H.6       PUBLIC        YELLOWLED
  B:0090H.4       PUBLIC        nCS0
  B:0080H.0       PUBLIC        AD0
  D:0088H         PUBLIC        TCON
  B:0080H.1       PUBLIC        AD1
  B:0080H.2       PUBLIC        AD2
  B:00B0H.1       PUBLIC        per_RxD
  B:00C8H.1       PUBLIC        CnT2
  B:0080H.3       PUBLIC        AD3
  B:0090H.5       PUBLIC        MISO
  B:0090H.7       PUBLIC        MOSI
  B:0080H.4       PUBLIC        AD4
  B:00B0H.0       PUBLIC        per_TxD
  B:0080H.5       PUBLIC        AD5
  B:0080H.6       PUBLIC        AD6
  B:0080H.7       PUBLIC        AD7
  B:00A0H.0       PUBLIC        AD8
  B:00A0H.1       PUBLIC        AD9
  B:0088H.1       PUBLIC        IE0
  B:00A0H.7       PUBLIC        AMBERLED
  B:0088H.3       PUBLIC        IE1
  B:00B0H.7       PUBLIC        E
  B:00A0H.5       PUBLIC        GREENLED
  B:00A8H.1       PUBLIC        ET0
  B:00A8H.3       PUBLIC        ET1
  B:0088H.5       PUBLIC        TF0
  B:00A8H.5       PUBLIC        ET2
  B:0088H.7       PUBLIC        TF1
  B:00C8H.7       PUBLIC        TF2
  B:0098H.2       PUBLIC        RB8
  B:00A8H.0       PUBLIC        EX0
  B:0088H.0       PUBLIC        IT0
  B:0098H.3       PUBLIC        TB8
  B:00A8H.2       PUBLIC        EX1
  B:0088H.2       PUBLIC        IT1
  B:00D0H.0       PUBLIC        P
BL51 BANKED LINKER/LOCATER V4.02                                                      11/11/2019  16:09:15  PAGE 13


  B:0098H.7       PUBLIC        SM0
  B:0090H.2       PUBLIC        ECI
  B:0098H.6       PUBLIC        SM1
  B:0098H.5       PUBLIC        SM2
  C:10AEH         PUBLIC        _response
  B:00D0H.3       PUBLIC        RS0
  B:0088H.4       PUBLIC        TR0
  B:00D0H.4       PUBLIC        RS1
  B:0090H.6       PUBLIC        per_SCLK
  B:0088H.6       PUBLIC        TR1
  B:00C8H.2       PUBLIC        TR2
  B:00A0H.0       PUBLIC        SW1
  B:00A0H.1       PUBLIC        SW2
  C:169EH         PUBLIC        Return_SD_Card_Type
  B:00A0H.2       PUBLIC        SW3
  B:00A0H.3       PUBLIC        SW4
  B:0090H.6       PUBLIC        SCK
  B:0090H.7       PUBLIC        per_MOSI
  B:0090H.5       PUBLIC        per_MISO
  B:00C8H.3       PUBLIC        EXEN2
  B:0098H.4       PUBLIC        REN
  B:00A0H.2       PUBLIC        AD10
  B:00A0H.3       PUBLIC        AD11
  D:00C8H         PUBLIC        T2CON
  B:00A0H.4       PUBLIC        AD12
  B:00A0H.5       PUBLIC        AD13
  B:00A0H.6       PUBLIC        AD14
  B:00A0H.7       PUBLIC        AD15
  C:0DF9H         PUBLIC        _read_block
  C:0CF9H         PUBLIC        _SEND_COMMAND
  B:00B8H.4       PUBLIC        PLS
  B:00D0H.5       PUBLIC        F0
  B:00D0H.1       PUBLIC        F1
  I:000BH         SYMBOL        SD_Card_Type
  D:00D0H         PUBLIC        PSW
  B:00D8H.0       PUBLIC        CCF0
  B:00D8H.1       PUBLIC        CCF1
  -------         PROC          L?0133
  -------         ENDPROC       L?0133
  -------         PROC          _SEND_COMMAND
  D:003EH         SYMBOL        cmnd
  D:003FH         SYMBOL        argum
  -------         DO            argum
  D:0043H         SYMBOL        SPI_send
  D:0044H         SYMBOL        return_val
  D:0045H         SYMBOL        SPI_return
  D:0046H         SYMBOL        error_flag
  -------         ENDDO         error_flag
  C:0CF9H         LINE#         21
  C:0CFBH         LINE#         22
  C:0CFBH         LINE#         25
  C:0CFEH         LINE#         26
  C:0D08H         LINE#         27
  C:0D08H         LINE#         28
  C:0D0EH         LINE#         29
  C:0D1AH         LINE#         30
  C:0D1EH         LINE#         31
BL51 BANKED LINKER/LOCATER V4.02                                                      11/11/2019  16:09:15  PAGE 14


  C:0D1EH         LINE#         32
  C:0D2DH         LINE#         33
  C:0D38H         LINE#         34
  C:0D3AH         LINE#         36
  C:0D3AH         LINE#         37
  C:0D3DH         LINE#         38
  C:0D3DH         LINE#         39
  C:0D45H         LINE#         40
  C:0D45H         LINE#         41
  C:0D54H         LINE#         42
  C:0D63H         LINE#         43
  C:0D6EH         LINE#         44
  C:0D70H         LINE#         46
  C:0D70H         LINE#         47
  C:0D73H         LINE#         48
  C:0D73H         LINE#         49
  C:0D7BH         LINE#         50
  C:0D7BH         LINE#         51
  C:0D88H         LINE#         52
  C:0D97H         LINE#         53
  C:0DA2H         LINE#         54
  C:0DA4H         LINE#         56
  C:0DA4H         LINE#         57
  C:0DA7H         LINE#         58
  C:0DA7H         LINE#         59
  C:0DAFH         LINE#         60
  C:0DAFH         LINE#         61
  C:0DB5H         LINE#         62
  C:0DC1H         LINE#         63
  C:0DC3H         LINE#         65
  C:0DC3H         LINE#         66
  C:0DC6H         LINE#         67
  C:0DC6H         LINE#         68
  C:0DCEH         LINE#         69
  C:0DCEH         LINE#         70
  C:0DD2H         LINE#         71
  C:0DD2H         LINE#         72
  C:0DD5H         LINE#         73
  C:0DD7H         LINE#         74
  C:0DDCH         LINE#         75
  C:0DDCH         LINE#         76
  C:0DDFH         LINE#         77
  C:0DE1H         LINE#         79
  C:0DE1H         LINE#         80
  C:0DE4H         LINE#         81
  C:0DE4H         LINE#         82
  C:0DF1H         LINE#         83
  C:0DF1H         LINE#         84
  C:0DF3H         LINE#         86
  C:0DF3H         LINE#         87
  C:0DF6H         LINE#         88
  C:0DF6H         LINE#         89
  C:0DF8H         LINE#         90
  -------         ENDPROC       _SEND_COMMAND
  -------         PROC          L?0132
  -------         ENDPROC       L?0132
  -------         PROC          _RESPONSE
BL51 BANKED LINKER/LOCATER V4.02                                                      11/11/2019  16:09:15  PAGE 15


  D:003EH         SYMBOL        num_bytes
  D:003FH         SYMBOL        valout_p
  -------         DO            valout_p
  D:0042H         SYMBOL        return_val
  D:0043H         SYMBOL        error_flag
  D:0044H         SYMBOL        SPI_return
  D:0045H         SYMBOL        index
  -------         ENDDO         index
  C:10AEH         LINE#         99
  C:10B6H         LINE#         100
  C:10B6H         LINE#         102
  C:10BBH         LINE#         104
  C:10BDH         LINE#         106
  C:10BDH         LINE#         107
  C:10CAH         LINE#         109
  C:10D2H         LINE#         110
  C:10E1H         LINE#         111
  C:10E5H         LINE#         112
  C:10E5H         LINE#         113
  C:10E8H         LINE#         114
  C:10EAH         LINE#         115
  C:10F0H         LINE#         116
  C:10F0H         LINE#         117
  C:10F3H         LINE#         118
  C:10F5H         LINE#         120
  C:10F5H         LINE#         121
  C:1100H         LINE#         122
  C:1108H         LINE#         123
  C:1108H         LINE#         124
  C:110FH         LINE#         125
  C:110FH         LINE#         126
  C:1120H         LINE#         127
  C:1120H         LINE#         128
  C:112DH         LINE#         129
  C:113EH         LINE#         130
  C:1148H         LINE#         131
  C:1148H         LINE#         132
  C:1148H         LINE#         134
  C:1148H         LINE#         135
  C:114BH         LINE#         136
  C:114BH         LINE#         137
  C:114BH         LINE#         138
  C:1158H         LINE#         139
  C:115AH         LINE#         140
  -------         ENDPROC       _RESPONSE
  -------         PROC          _READ_BLOCK
  D:0035H         SYMBOL        num_bytes
  D:0037H         SYMBOL        array_out_p
  -------         DO            array_out_p
  D:003AH         SYMBOL        error_flag
  D:003BH         SYMBOL        return_val
  D:003CH         SYMBOL        SPI_return
  D:003DH         SYMBOL        index
  -------         ENDDO         index
  C:0DF9H         LINE#         151
  C:0E03H         LINE#         152
  C:0E03H         LINE#         155
BL51 BANKED LINKER/LOCATER V4.02                                                      11/11/2019  16:09:15  PAGE 16


  C:0E08H         LINE#         156
  C:0E0AH         LINE#         158
  C:0E0AH         LINE#         159
  C:0E17H         LINE#         160
  C:0E1FH         LINE#         161
  C:0E2EH         LINE#         162
  C:0E32H         LINE#         163
  C:0E32H         LINE#         164
  C:0E35H         LINE#         165
  C:0E38H         LINE#         166
  C:0E3EH         LINE#         167
  C:0E3EH         LINE#         168
  C:0E41H         LINE#         169
  C:0E44H         LINE#         171
  C:0E44H         LINE#         172
  C:0E4BH         LINE#         173
  C:0E4BH         LINE#         174
  C:0E4FH         LINE#         176
  C:0E4FH         LINE#         177
  C:0E5CH         LINE#         178
  C:0E64H         LINE#         179
  C:0E73H         LINE#         180
  C:0E77H         LINE#         181
  C:0E77H         LINE#         182
  C:0E7AH         LINE#         183
  C:0E7CH         LINE#         184
  C:0E82H         LINE#         185
  C:0E82H         LINE#         186
  C:0E85H         LINE#         187
  C:0E87H         LINE#         188
  C:0E8DH         LINE#         189
  C:0E8DH         LINE#         190
  C:0E9CH         LINE#         191
  C:0E9CH         LINE#         192
  C:0EA9H         LINE#         193
  C:0EBAH         LINE#         194
  C:0EC4H         LINE#         195
  C:0ED1H         LINE#         196
  C:0EDEH         LINE#         197
  C:0EE0H         LINE#         199
  C:0EE0H         LINE#         200
  C:0EE3H         LINE#         201
  C:0EE3H         LINE#         202
  C:0EE5H         LINE#         204
  C:0EE5H         LINE#         205
  C:0EE8H         LINE#         206
  C:0EE8H         LINE#         207
  C:0EE8H         LINE#         208
  C:0EF5H         LINE#         209
  C:0EF7H         LINE#         210
  -------         ENDPROC       _READ_BLOCK
  -------         PROC          SD_CARD_INIT
  -------         DO            SD_CARD_INIT
  D:002AH         SYMBOL        i
  D:002BH         SYMBOL        error_status
  D:002CH         SYMBOL        error_flag
  D:002DH         SYMBOL        valsout
BL51 BANKED LINKER/LOCATER V4.02                                                      11/11/2019  16:09:15  PAGE 17


  D:0035H         SYMBOL        SPI_return
  D:0036H         SYMBOL        argument
  D:003AH         SYMBOL        timeout
  -------         ENDDO         timeout
  C:0003H         LINE#         218
  C:0003H         LINE#         219
  C:0003H         LINE#         223
  C:0006H         LINE#         224
  C:000AH         LINE#         225
  C:000FH         LINE#         226
  C:0018H         LINE#         227
  C:001BH         LINE#         228
  C:001BH         LINE#         229
  C:0028H         LINE#         230
  C:0031H         LINE#         231
  C:0036H         LINE#         232
  C:003FH         LINE#         233
  C:0044H         LINE#         234
  C:0053H         LINE#         235
  C:0057H         LINE#         236
  C:0057H         LINE#         237
  C:005CH         LINE#         238
  C:0068H         LINE#         239
  C:006AH         LINE#         241
  C:006AH         LINE#         242
  C:006FH         LINE#         243
  C:006FH         LINE#         244
  C:0074H         LINE#         245
  C:0079H         LINE#         246
  C:007DH         LINE#         247
  C:007DH         LINE#         248
  C:007FH         LINE#         249
  C:007FH         LINE#         250
  C:0086H         LINE#         251
  C:0086H         LINE#         252
  C:008BH         LINE#         253
  C:0094H         LINE#         254
  C:0099H         LINE#         255
  C:00ABH         LINE#         256
  C:00B2H         LINE#         257
  C:00B2H         LINE#         258
  C:00BEH         LINE#         259
  C:00C3H         LINE#         260
  C:00C8H         LINE#         261
  C:00CCH         LINE#         262
  C:00CCH         LINE#         263
  C:00D5H         LINE#         264
  C:00E1H         LINE#         265
  C:00EBH         LINE#         266
  C:00EBH         LINE#         267
  C:00EEH         LINE#         268
  C:00F2H         LINE#         269
  C:00FBH         LINE#         270
  C:0104H         LINE#         271
  C:0106H         LINE#         273
  C:0106H         LINE#         274
  C:0109H         LINE#         275
BL51 BANKED LINKER/LOCATER V4.02                                                      11/11/2019  16:09:15  PAGE 18


  C:0109H         LINE#         276
  C:010BH         LINE#         278
  C:010BH         LINE#         279
  C:0114H         LINE#         280
  C:0117H         LINE#         281
  C:0117H         LINE#         282
  C:0128H         LINE#         283
  C:0131H         LINE#         284
  C:0136H         LINE#         285
  C:013BH         LINE#         286
  C:0141H         LINE#         287
  C:0141H         LINE#         288
  C:0144H         LINE#         289
  C:0144H         LINE#         290
  C:0148H         LINE#         291
  C:0151H         LINE#         292
  C:0151H         LINE#         293
  C:0153H         LINE#         295
  C:0153H         LINE#         296
  C:0158H         LINE#         297
  C:015DH         LINE#         298
  C:0162H         LINE#         299
  C:0162H         LINE#         300
  C:0162H         LINE#         301
  C:0169H         LINE#         302
  C:0169H         LINE#         303
  C:016EH         LINE#         304
  C:0177H         LINE#         305
  C:017CH         LINE#         306
  C:0181H         LINE#         307
  C:0185H         LINE#         308
  C:0185H         LINE#         309
  C:0191H         LINE#         310
  C:0196H         LINE#         311
  C:019BH         LINE#         312
  C:01A4H         LINE#         313
  C:01A7H         LINE#         314
  C:01A7H         LINE#         315
  C:01B8H         LINE#         316
  C:01C1H         LINE#         317
  C:01C6H         LINE#         318
  C:01CBH         LINE#         319
  C:01D3H         LINE#         320
  C:01D3H         LINE#         321
  C:01D6H         LINE#         322
  C:01D6H         LINE#         323
  C:01D8H         LINE#         325
  C:01D8H         LINE#         326
  C:01DDH         LINE#         327
  C:01E2H         LINE#         328
  C:01E7H         LINE#         329
  C:01E7H         LINE#         330
  C:01EBH         LINE#         331
  C:01EBH         LINE#         332
  C:01EDH         LINE#         333
  C:01EDH         LINE#         334
  C:01EDH         LINE#         335
BL51 BANKED LINKER/LOCATER V4.02                                                      11/11/2019  16:09:15  PAGE 19


  C:01F4H         LINE#         336
  C:01F4H         LINE#         337
  C:01FAH         LINE#         338
  C:01FAH         LINE#         339
  C:0204H         LINE#         340
  C:0206H         LINE#         342
  C:0206H         LINE#         343
  C:020FH         LINE#         344
  C:020FH         LINE#         345
  C:0218H         LINE#         346
  C:021DH         LINE#         347
  C:0226H         LINE#         350
  C:0226H         LINE#         351
  C:022BH         LINE#         352
  C:023BH         LINE#         353
  C:0244H         LINE#         355
  C:024EH         LINE#         356
  C:0261H         LINE#         357
  C:0268H         LINE#         358
  C:026DH         LINE#         360
  C:0282H         LINE#         361
  C:0298H         LINE#         362
  C:02A1H         LINE#         363
  C:02A5H         LINE#         364
  C:02A5H         LINE#         365
  C:02AAH         LINE#         366
  C:02B6H         LINE#         367
  C:02B8H         LINE#         369
  C:02B8H         LINE#         370
  C:02BDH         LINE#         371
  C:02C2H         LINE#         372
  C:02C2H         LINE#         374
  C:02D7H         LINE#         375
  C:02DBH         LINE#         376
  C:02DBH         LINE#         377
  C:02DDH         LINE#         378
  C:02DDH         LINE#         379
  C:02DDH         LINE#         380
  C:02EEH         LINE#         381
  C:02EEH         LINE#         382
  C:02F3H         LINE#         383
  C:02FCH         LINE#         384
  C:0301H         LINE#         385
  C:0306H         LINE#         386
  C:030DH         LINE#         387
  C:030DH         LINE#         388
  C:0319H         LINE#         389
  C:031EH         LINE#         390
  C:0323H         LINE#         391
  C:032CH         LINE#         392
  C:032FH         LINE#         393
  C:032FH         LINE#         394
  C:0340H         LINE#         395
  C:0349H         LINE#         396
  C:034EH         LINE#         397
  C:0353H         LINE#         398
  C:0358H         LINE#         399
BL51 BANKED LINKER/LOCATER V4.02                                                      11/11/2019  16:09:15  PAGE 20


  C:0358H         LINE#         400
  C:035BH         LINE#         401
  C:035EH         LINE#         403
  C:035EH         LINE#         404
  C:0366H         LINE#         405
  C:0366H         LINE#         406
  C:036AH         LINE#         407
  C:0373H         LINE#         408
  C:0375H         LINE#         410
  C:0375H         LINE#         411
  C:0379H         LINE#         412
  C:0382H         LINE#         413
  C:0387H         LINE#         414
  C:0390H         LINE#         415
  C:0395H         LINE#         416
  C:03A6H         LINE#         417
  C:03AAH         LINE#         418
  C:03AAH         LINE#         419
  C:03AFH         LINE#         420
  C:03B4H         LINE#         421
  C:03B9H         LINE#         422
  C:03C5H         LINE#         423
  C:03CEH         LINE#         424
  C:03CEH         LINE#         425
  C:03CEH         LINE#         426
  C:03CEH         LINE#         427
  C:03D0H         LINE#         429
  C:03D0H         LINE#         430
  C:03D5H         LINE#         431
  C:03DAH         LINE#         432
  C:03DFH         LINE#         433
  C:03DFH         LINE#         434
  C:03E3H         LINE#         435
  C:03E3H         LINE#         436
  C:03E5H         LINE#         437
  C:03EAH         LINE#         438
  C:03EAH         LINE#         439
  C:03EAH         LINE#         440
  C:03EEH         LINE#         441
  C:03EEH         LINE#         442
  C:03F2H         LINE#         443
  C:03F2H         LINE#         444
  C:03F4H         LINE#         445
  -------         ENDPROC       SD_CARD_INIT
  -------         PROC          RETURN_SD_CARD_TYPE
  C:169EH         LINE#         453
  C:169EH         LINE#         454
  C:169EH         LINE#         455
  C:16A2H         LINE#         456
  -------         ENDPROC       RETURN_SD_CARD_TYPE
  -------         PROC          _PRINT_ERROR
  D:003EH         SYMBOL        error
  C:12E4H         LINE#         465
  C:12E6H         LINE#         466
  C:12E6H         LINE#         467
  C:12F4H         LINE#         468
  C:1302H         LINE#         469
BL51 BANKED LINKER/LOCATER V4.02                                                      11/11/2019  16:09:15  PAGE 21


  C:1310H         LINE#         470
  C:131EH         LINE#         471
  C:132CH         LINE#         472
  C:133AH         LINE#         473
  C:1348H         LINE#         474
  C:1351H         LINE#         475
  -------         ENDPROC       _PRINT_ERROR
  -------         ENDMOD        SDCARD

  -------         MODULE        SPI
  C:0000H         SYMBOL        _ICE_DUMMY_
  B:00D8H.2       PUBLIC        CCF2
  B:00D8H.3       PUBLIC        CCF3
  D:0080H         PUBLIC        P0
  B:00D8H.4       PUBLIC        CCF4
  D:0090H         PUBLIC        P1
  D:00A0H         PUBLIC        P2
  D:00B0H         PUBLIC        P3
  B:00B0H.4       PUBLIC        T0
  B:00D0H.6       PUBLIC        AC
  B:00B0H.5       PUBLIC        T1
  B:00B0H.7       PUBLIC        nRD
  D:00C3H         PUBLIC        SPCON
  B:0090H.0       PUBLIC        T2
  B:00A8H.7       PUBLIC        EA
  B:00A8H.6       PUBLIC        EC
  B:00D8H.7       PUBLIC        CF
  B:00B0H.2       PUBLIC        nINT0
  B:0098H.7       PUBLIC        FE
  B:00B0H.3       PUBLIC        nINT1
  D:00C4H         PUBLIC        SPSTA
  D:00A8H         PUBLIC        IEN0
  B:00B0H.0       PUBLIC        RxD
  B:0090H.0       PUBLIC        P1_0
  B:00B0H.1       PUBLIC        TxD
  B:0090H.3       PUBLIC        CEX0
  B:0090H.1       PUBLIC        P1_1
  B:0090H.4       PUBLIC        CEX1
  B:0090H.2       PUBLIC        P1_2
  B:00C8H.0       PUBLIC        CP
  C:115BH         PUBLIC        _SPI_Master_Init
  B:0090H.3       PUBLIC        P1_3
  B:00B0H.2       PUBLIC        P3_2
  B:00D8H.6       PUBLIC        CR
  B:00B0H.3       PUBLIC        P3_3
  B:00C8H.6       PUBLIC        EXF2
  D:00B8H         PUBLIC        IPL0
  B:00B0H.4       PUBLIC        P3_4
  B:00B0H.5       PUBLIC        P3_5
  B:00B0H.6       PUBLIC        nWR
  B:00A8H.4       PUBLIC        ES
  B:0098H.0       PUBLIC        RI
  B:00D0H.7       PUBLIC        CY
  B:0098H.1       PUBLIC        TI
  C:16B2H         PUBLIC        _SPI_Select_Set
  B:00B8H.1       PUBLIC        PT0L
  B:00B8H.3       PUBLIC        PT1L
BL51 BANKED LINKER/LOCATER V4.02                                                      11/11/2019  16:09:15  PAGE 22


  B:00B8H.5       PUBLIC        PT2L
  B:0090H.1       PUBLIC        T2EX
  D:00D8H         PUBLIC        CCON
  B:00B0H.6       PUBLIC        RS
  B:00B8H.0       PUBLIC        PX0L
  B:00D0H.2       PUBLIC        OV
  B:0090H.1       PUBLIC        SS
  B:00B8H.2       PUBLIC        PX1L
  B:00C8H.5       PUBLIC        RCLK
  B:00C8H.4       PUBLIC        TCLK
  B:00B8H.6       PUBLIC        PPCL
  B:00A0H.4       PUBLIC        REDLED
  D:0098H         PUBLIC        SCON
  B:00A0H.6       PUBLIC        YELLOWLED
  B:0090H.4       PUBLIC        nCS0
  B:0080H.0       PUBLIC        AD0
  D:0088H         PUBLIC        TCON
  B:0080H.1       PUBLIC        AD1
  B:0080H.2       PUBLIC        AD2
  B:00B0H.1       PUBLIC        per_RxD
  B:00C8H.1       PUBLIC        CnT2
  B:0080H.3       PUBLIC        AD3
  B:0090H.5       PUBLIC        MISO
  B:0090H.7       PUBLIC        MOSI
  B:0080H.4       PUBLIC        AD4
  B:00B0H.0       PUBLIC        per_TxD
  B:0080H.5       PUBLIC        AD5
  B:0080H.6       PUBLIC        AD6
  B:0080H.7       PUBLIC        AD7
  B:00A0H.0       PUBLIC        AD8
  B:00A0H.1       PUBLIC        AD9
  B:0088H.1       PUBLIC        IE0
  B:00A0H.7       PUBLIC        AMBERLED
  B:0088H.3       PUBLIC        IE1
  B:00B0H.7       PUBLIC        E
  B:00A0H.5       PUBLIC        GREENLED
  B:00A8H.1       PUBLIC        ET0
  B:00A8H.3       PUBLIC        ET1
  B:0088H.5       PUBLIC        TF0
  B:00A8H.5       PUBLIC        ET2
  B:0088H.7       PUBLIC        TF1
  B:00C8H.7       PUBLIC        TF2
  B:0098H.2       PUBLIC        RB8
  B:00A8H.0       PUBLIC        EX0
  B:0088H.0       PUBLIC        IT0
  B:0098H.3       PUBLIC        TB8
  B:00A8H.2       PUBLIC        EX1
  B:0088H.2       PUBLIC        IT1
  B:00D0H.0       PUBLIC        P
  B:0098H.7       PUBLIC        SM0
  B:0090H.2       PUBLIC        ECI
  B:0098H.6       PUBLIC        SM1
  B:0098H.5       PUBLIC        SM2
  B:00D0H.3       PUBLIC        RS0
  B:0088H.4       PUBLIC        TR0
  B:00D0H.4       PUBLIC        RS1
  B:0090H.6       PUBLIC        per_SCLK
BL51 BANKED LINKER/LOCATER V4.02                                                      11/11/2019  16:09:15  PAGE 23


  B:0088H.6       PUBLIC        TR1
  B:00C8H.2       PUBLIC        TR2
  C:16A3H         PUBLIC        _SPI_Select_Clear
  B:00A0H.0       PUBLIC        SW1
  B:00A0H.1       PUBLIC        SW2
  B:00A0H.2       PUBLIC        SW3
  B:00A0H.3       PUBLIC        SW4
  B:0090H.6       PUBLIC        SCK
  B:0090H.7       PUBLIC        per_MOSI
  B:0090H.5       PUBLIC        per_MISO
  B:00C8H.3       PUBLIC        EXEN2
  B:0098H.4       PUBLIC        REN
  B:00A0H.2       PUBLIC        AD10
  B:00A0H.3       PUBLIC        AD11
  D:00C8H         PUBLIC        T2CON
  B:00A0H.4       PUBLIC        AD12
  B:00A0H.5       PUBLIC        AD13
  B:00A0H.6       PUBLIC        AD14
  B:00A0H.7       PUBLIC        AD15
  B:00B8H.4       PUBLIC        PLS
  B:00D0H.5       PUBLIC        F0
  B:00D0H.1       PUBLIC        F1
  C:14F0H         PUBLIC        _SPI_Transfer
  D:00D0H         PUBLIC        PSW
  B:00D8H.0       PUBLIC        CCF0
  B:00D8H.1       PUBLIC        CCF1
  D:00C5H         PUBLIC        SPDAT
  -------         PROC          _SPI_MASTER_INIT
  D:0004H         SYMBOL        clock_rate
  -------         DO            clock_rate
  D:0007H         SYMBOL        divider
  D:002AH         SYMBOL        return_val
  -------         ENDDO         return_val
  C:115BH         LINE#         15
  C:115BH         LINE#         16
  C:115BH         LINE#         18
  C:115EH         LINE#         19
  C:1170H         LINE#         20
  C:1176H         LINE#         21
  C:1176H         LINE#         22
  C:1179H         LINE#         23
  C:117BH         LINE#         24
  C:1187H         LINE#         25
  C:1187H         LINE#         26
  C:118AH         LINE#         27
  C:118CH         LINE#         28
  C:1198H         LINE#         29
  C:1198H         LINE#         30
  C:119BH         LINE#         31
  C:119DH         LINE#         32
  C:11A9H         LINE#         33
  C:11A9H         LINE#         34
  C:11ACH         LINE#         35
  C:11AEH         LINE#         36
  C:11BAH         LINE#         37
  C:11BAH         LINE#         38
  C:11BDH         LINE#         39
BL51 BANKED LINKER/LOCATER V4.02                                                      11/11/2019  16:09:15  PAGE 24


  C:11BFH         LINE#         40
  C:11CBH         LINE#         41
  C:11CBH         LINE#         42
  C:11CEH         LINE#         43
  C:11D0H         LINE#         44
  C:11DCH         LINE#         45
  C:11DCH         LINE#         46
  C:11DFH         LINE#         47
  C:11E1H         LINE#         49
  C:11E1H         LINE#         50
  C:11E4H         LINE#         51
  C:11E4H         LINE#         52
  C:11E6H         LINE#         53
  -------         ENDPROC       _SPI_MASTER_INIT
  -------         PROC          _SPI_TRANSFER
  D:0007H         SYMBOL        data_input
  D:0001H         SYMBOL        data_output_p
  -------         DO            data_output_p
  D:0047H         SYMBOL        test
  D:0004H         SYMBOL        timeout
  -------         ENDDO         timeout
  C:14F0H         LINE#         64
  C:14F0H         LINE#         65
  C:14F0H         LINE#         67
  C:14F3H         LINE#         68
  C:14F5H         LINE#         70
  C:14F5H         LINE#         71
  C:14FCH         LINE#         72
  C:1501H         LINE#         73
  C:150BH         LINE#         74
  C:150FH         LINE#         75
  C:150FH         LINE#         76
  C:1515H         LINE#         77
  C:1515H         LINE#         78
  C:151AH         LINE#         79
  C:151DH         LINE#         80
  C:151FH         LINE#         82
  C:151FH         LINE#         83
  C:1524H         LINE#         84
  C:1527H         LINE#         85
  C:1527H         LINE#         86
  C:1529H         LINE#         88
  C:1529H         LINE#         89
  C:152EH         LINE#         90
  C:1532H         LINE#         91
  C:1532H         LINE#         92
  C:1534H         LINE#         93
  -------         ENDPROC       _SPI_TRANSFER
  -------         PROC          _SPI_SELECT_SET
  D:0007H         SYMBOL        Output_Pin
  C:16B2H         LINE#         103
  C:16B2H         LINE#         104
  C:16B2H         LINE#         105
  C:16B5H         LINE#         106
  -------         ENDPROC       _SPI_SELECT_SET
  -------         PROC          _SPI_SELECT_CLEAR
  D:0007H         SYMBOL        Output_Pin
BL51 BANKED LINKER/LOCATER V4.02                                                      11/11/2019  16:09:15  PAGE 25


  C:16A3H         LINE#         109
  C:16A3H         LINE#         110
  C:16A3H         LINE#         111
  C:16A7H         LINE#         112
  -------         ENDPROC       _SPI_SELECT_CLEAR
  -------         ENDMOD        SPI

  -------         MODULE        UART
  C:0000H         SYMBOL        _ICE_DUMMY_
  B:00D8H.2       PUBLIC        CCF2
  B:00D8H.3       PUBLIC        CCF3
  D:0080H         PUBLIC        P0
  B:00D8H.4       PUBLIC        CCF4
  D:0090H         PUBLIC        P1
  D:00A0H         PUBLIC        P2
  D:00B0H         PUBLIC        P3
  B:00B0H.4       PUBLIC        T0
  B:00D0H.6       PUBLIC        AC
  B:00B0H.5       PUBLIC        T1
  B:00B0H.7       PUBLIC        nRD
  B:0090H.0       PUBLIC        T2
  B:00A8H.7       PUBLIC        EA
  B:00A8H.6       PUBLIC        EC
  B:00D8H.7       PUBLIC        CF
  B:00B0H.2       PUBLIC        nINT0
  B:0098H.7       PUBLIC        FE
  B:00B0H.3       PUBLIC        nINT1
  D:00A8H         PUBLIC        IEN0
  B:00B0H.0       PUBLIC        RxD
  B:00B0H.1       PUBLIC        TxD
  B:0090H.3       PUBLIC        CEX0
  B:0090H.4       PUBLIC        CEX1
  B:00C8H.0       PUBLIC        CP
  B:00D8H.6       PUBLIC        CR
  B:00C8H.6       PUBLIC        EXF2
  D:00B8H         PUBLIC        IPL0
  B:00B0H.6       PUBLIC        nWR
  B:00A8H.4       PUBLIC        ES
  B:0098H.0       PUBLIC        RI
  B:00D0H.7       PUBLIC        CY
  B:0098H.1       PUBLIC        TI
  B:00B8H.1       PUBLIC        PT0L
  B:00B8H.3       PUBLIC        PT1L
  B:00B8H.5       PUBLIC        PT2L
  B:0090H.1       PUBLIC        T2EX
  D:00D8H         PUBLIC        CCON
  B:00B8H.0       PUBLIC        PX0L
  B:00D0H.2       PUBLIC        OV
  B:0090H.1       PUBLIC        SS
  B:00B8H.2       PUBLIC        PX1L
  B:00C8H.5       PUBLIC        RCLK
  B:00C8H.4       PUBLIC        TCLK
  B:00B8H.6       PUBLIC        PPCL
  D:0099H         PUBLIC        SBUF
  D:0087H         PUBLIC        PCON
  D:0098H         PUBLIC        SCON
  C:156DH         PUBLIC        _uart_init
BL51 BANKED LINKER/LOCATER V4.02                                                      11/11/2019  16:09:15  PAGE 26


  B:0080H.0       PUBLIC        AD0
  D:0088H         PUBLIC        TCON
  B:0080H.1       PUBLIC        AD1
  B:0080H.2       PUBLIC        AD2
  B:00C8H.1       PUBLIC        CnT2
  B:0080H.3       PUBLIC        AD3
  B:0090H.5       PUBLIC        MISO
  B:0090H.7       PUBLIC        MOSI
  B:0080H.4       PUBLIC        AD4
  B:0080H.5       PUBLIC        AD5
  D:009BH         PUBLIC        BDRCON
  B:0080H.6       PUBLIC        AD6
  B:0080H.7       PUBLIC        AD7
  B:00A0H.0       PUBLIC        AD8
  B:00A0H.1       PUBLIC        AD9
  B:0088H.1       PUBLIC        IE0
  B:0088H.3       PUBLIC        IE1
  B:00A8H.1       PUBLIC        ET0
  B:00A8H.3       PUBLIC        ET1
  B:0088H.5       PUBLIC        TF0
  B:00A8H.5       PUBLIC        ET2
  B:0088H.7       PUBLIC        TF1
  B:00C8H.7       PUBLIC        TF2
  B:0098H.2       PUBLIC        RB8
  B:00A8H.0       PUBLIC        EX0
  B:0088H.0       PUBLIC        IT0
  B:0098H.3       PUBLIC        TB8
  B:00A8H.2       PUBLIC        EX1
  B:0088H.2       PUBLIC        IT1
  B:00D0H.0       PUBLIC        P
  B:0098H.7       PUBLIC        SM0
  B:0090H.2       PUBLIC        ECI
  B:0098H.6       PUBLIC        SM1
  B:0098H.5       PUBLIC        SM2
  C:1619H         PUBLIC        _UART_Transmit
  B:00D0H.3       PUBLIC        RS0
  B:0088H.4       PUBLIC        TR0
  B:00D0H.4       PUBLIC        RS1
  B:0088H.6       PUBLIC        TR1
  B:00C8H.2       PUBLIC        TR2
  D:009AH         PUBLIC        BRL
  B:0090H.6       PUBLIC        SCK
  B:00C8H.3       PUBLIC        EXEN2
  C:168FH         PUBLIC        UART_Receive
  B:0098H.4       PUBLIC        REN
  B:00A0H.2       PUBLIC        AD10
  B:00A0H.3       PUBLIC        AD11
  D:00C8H         PUBLIC        T2CON
  B:00A0H.4       PUBLIC        AD12
  B:00A0H.5       PUBLIC        AD13
  B:00A0H.6       PUBLIC        AD14
  B:00A0H.7       PUBLIC        AD15
  B:00B8H.4       PUBLIC        PLS
  B:00D0H.5       PUBLIC        F0
  B:00D0H.1       PUBLIC        F1
  D:00D0H         PUBLIC        PSW
  B:00D8H.0       PUBLIC        CCF0
BL51 BANKED LINKER/LOCATER V4.02                                                      11/11/2019  16:09:15  PAGE 27


  B:00D8H.1       PUBLIC        CCF1
  -------         PROC          _UART_INIT
  D:0006H         SYMBOL        BAUD_RATE
  C:156DH         LINE#         13
  C:156DH         LINE#         14
  C:156DH         LINE#         18
  C:1570H         LINE#         19
  C:1573H         LINE#         22
  C:1575H         LINE#         24
  C:1578H         LINE#         27
  C:157BH         LINE#         29
  C:159CH         LINE#         30
  C:159FH         LINE#         35
  C:15A1H         LINE#         38
  -------         ENDPROC       _UART_INIT
  -------         PROC          _UART_TRANSMIT
  D:0007H         SYMBOL        send_value
  -------         DO            send_value
  D:0006H         SYMBOL        return_value
  D:0004H         SYMBOL        timeout
  -------         ENDDO         timeout
  C:1619H         LINE#         48
  C:1619H         LINE#         49
  C:1619H         LINE#         52
  C:161CH         LINE#         54
  C:161CH         LINE#         55
  C:1621H         LINE#         56
  C:1628H         LINE#         57
  C:162CH         LINE#         58
  C:162CH         LINE#         59
  C:162EH         LINE#         60
  C:1630H         LINE#         61
  C:1632H         LINE#         62
  C:1634H         LINE#         64
  C:1634H         LINE#         65
  C:1636H         LINE#         66
  C:1636H         LINE#         67
  C:1638H         LINE#         68
  -------         ENDPROC       _UART_TRANSMIT
  -------         PROC          UART_RECEIVE
  -------         DO            UART_RECEIVE
  D:0007H         SYMBOL        return_value
  -------         ENDDO         return_value
  C:168FH         LINE#         83
  C:168FH         LINE#         84
  C:168FH         LINE#         86
  C:1692H         LINE#         87
  C:1694H         LINE#         88
  C:1696H         LINE#         89
  C:1696H         LINE#         90
  -------         ENDPROC       UART_RECEIVE
  -------         ENDMOD        UART

  -------         MODULE        LCD_ROUTINES
  C:0000H         SYMBOL        _ICE_DUMMY_
  B:00D8H.2       PUBLIC        CCF2
  B:00D8H.3       PUBLIC        CCF3
BL51 BANKED LINKER/LOCATER V4.02                                                      11/11/2019  16:09:15  PAGE 28


  D:0080H         PUBLIC        P0
  B:00D8H.4       PUBLIC        CCF4
  D:0090H         PUBLIC        P1
  D:00A0H         PUBLIC        P2
  D:00B0H         PUBLIC        P3
  B:00B0H.4       PUBLIC        T0
  B:00D0H.6       PUBLIC        AC
  B:00B0H.5       PUBLIC        T1
  B:00B0H.7       PUBLIC        nRD
  B:0090H.0       PUBLIC        T2
  B:00A8H.7       PUBLIC        EA
  B:00A8H.6       PUBLIC        EC
  B:00D8H.7       PUBLIC        CF
  B:00B0H.2       PUBLIC        nINT0
  B:0098H.7       PUBLIC        FE
  B:00B0H.3       PUBLIC        nINT1
  D:00A8H         PUBLIC        IEN0
  B:00B0H.0       PUBLIC        RxD
  B:00B0H.1       PUBLIC        TxD
  B:0090H.3       PUBLIC        CEX0
  B:0090H.4       PUBLIC        CEX1
  B:00C8H.0       PUBLIC        CP
  B:00D8H.6       PUBLIC        CR
  B:00C8H.6       PUBLIC        EXF2
  D:00B8H         PUBLIC        IPL0
  B:00B0H.6       PUBLIC        nWR
  B:00A8H.4       PUBLIC        ES
  B:0098H.0       PUBLIC        RI
  B:00D0H.7       PUBLIC        CY
  B:0098H.1       PUBLIC        TI
  B:00B8H.1       PUBLIC        PT0L
  B:00B8H.3       PUBLIC        PT1L
  B:00B8H.5       PUBLIC        PT2L
  B:0090H.1       PUBLIC        T2EX
  D:00D8H         PUBLIC        CCON
  B:00B8H.0       PUBLIC        PX0L
  B:00D0H.2       PUBLIC        OV
  B:0090H.1       PUBLIC        SS
  B:00B8H.2       PUBLIC        PX1L
  B:00C8H.5       PUBLIC        RCLK
  B:00C8H.4       PUBLIC        TCLK
  B:00B8H.6       PUBLIC        PPCL
  D:0098H         PUBLIC        SCON
  B:0080H.0       PUBLIC        AD0
  D:0088H         PUBLIC        TCON
  B:0080H.1       PUBLIC        AD1
  B:0080H.2       PUBLIC        AD2
  B:00C8H.1       PUBLIC        CnT2
  B:0080H.3       PUBLIC        AD3
  B:0090H.5       PUBLIC        MISO
  B:0090H.7       PUBLIC        MOSI
  B:0080H.4       PUBLIC        AD4
  B:0080H.5       PUBLIC        AD5
  B:0080H.6       PUBLIC        AD6
  B:0080H.7       PUBLIC        AD7
  B:00A0H.0       PUBLIC        AD8
  B:00A0H.1       PUBLIC        AD9
BL51 BANKED LINKER/LOCATER V4.02                                                      11/11/2019  16:09:15  PAGE 29


  B:0088H.1       PUBLIC        IE0
  B:0088H.3       PUBLIC        IE1
  C:11E7H         PUBLIC        _LCD_print
  B:00A8H.1       PUBLIC        ET0
  C:1535H         PUBLIC        LCD_Init
  B:00A8H.3       PUBLIC        ET1
  B:0088H.5       PUBLIC        TF0
  B:00A8H.5       PUBLIC        ET2
  B:0088H.7       PUBLIC        TF1
  B:00C8H.7       PUBLIC        TF2
  B:0098H.2       PUBLIC        RB8
  B:00A8H.0       PUBLIC        EX0
  B:0088H.0       PUBLIC        IT0
  B:0098H.3       PUBLIC        TB8
  B:00A8H.2       PUBLIC        EX1
  B:0088H.2       PUBLIC        IT1
  B:00D0H.0       PUBLIC        P
  B:0098H.7       PUBLIC        SM0
  B:0090H.2       PUBLIC        ECI
  B:0098H.6       PUBLIC        SM1
  B:0098H.5       PUBLIC        SM2
  B:00D0H.3       PUBLIC        RS0
  B:0088H.4       PUBLIC        TR0
  B:00D0H.4       PUBLIC        RS1
  B:0088H.6       PUBLIC        TR1
  B:00C8H.2       PUBLIC        TR2
  B:0090H.6       PUBLIC        SCK
  B:00C8H.3       PUBLIC        EXEN2
  B:0098H.4       PUBLIC        REN
  B:00A0H.2       PUBLIC        AD10
  B:00A0H.3       PUBLIC        AD11
  D:00C8H         PUBLIC        T2CON
  B:00A0H.4       PUBLIC        AD12
  B:00A0H.5       PUBLIC        AD13
  B:00A0H.6       PUBLIC        AD14
  B:00A0H.7       PUBLIC        AD15
  B:00B8H.4       PUBLIC        PLS
  B:00D0H.5       PUBLIC        F0
  B:00D0H.1       PUBLIC        F1
  D:00D0H         PUBLIC        PSW
  B:00D8H.0       PUBLIC        CCF0
  B:00D8H.1       PUBLIC        CCF1
  -------         PROC          LCD_INIT
  C:1535H         LINE#         14
  C:1535H         LINE#         15
  C:1535H         LINE#         16
  C:153CH         LINE#         17
  C:1543H         LINE#         18
  C:154AH         LINE#         19
  C:1551H         LINE#         20
  C:1558H         LINE#         21
  C:155FH         LINE#         22
  C:1566H         LINE#         23
  -------         ENDPROC       LCD_INIT
  -------         PROC          _LCD_PRINT
  D:0007H         SYMBOL        address
  D:002AH         SYMBOL        num_bytes
BL51 BANKED LINKER/LOCATER V4.02                                                      11/11/2019  16:09:15  PAGE 30


  D:002BH         SYMBOL        array_name_p
  -------         DO            array_name_p
  D:002EH         SYMBOL        index
  D:002FH         SYMBOL        character
  -------         ENDDO         character
  C:11E7H         LINE#         28
  C:11EFH         LINE#         29
  C:11EFH         LINE#         31
  C:11F3H         LINE#         32
  C:11F3H         LINE#         33
  C:11FCH         LINE#         34
  C:1203H         LINE#         35
  C:1203H         LINE#         36
  C:1207H         LINE#         37
  C:1207H         LINE#         38
  C:1209H         LINE#         39
  C:1219H         LINE#         40
  C:121DH         LINE#         41
  C:121DH         LINE#         42
  C:1223H         LINE#         43
  C:122AH         LINE#         44
  C:122CH         LINE#         45
  C:123DH         LINE#         46
  C:123FH         LINE#         47
  C:123FH         LINE#         49
  C:123FH         LINE#         50
  C:1249H         LINE#         51
  C:1249H         LINE#         52
  C:125AH         LINE#         53
  C:1260H         LINE#         54
  C:1267H         LINE#         55
  C:126BH         LINE#         56
  C:126BH         LINE#         57
  -------         ENDPROC       _LCD_PRINT
  -------         ENDMOD        LCD_ROUTINES

  -------         MODULE        LONG_SERIAL_IN
  C:0000H         SYMBOL        _ICE_DUMMY_
  B:00D8H.2       PUBLIC        CCF2
  B:00D8H.3       PUBLIC        CCF3
  D:0080H         PUBLIC        P0
  B:00D8H.4       PUBLIC        CCF4
  D:0090H         PUBLIC        P1
  D:00A0H         PUBLIC        P2
  D:00B0H         PUBLIC        P3
  B:00B0H.4       PUBLIC        T0
  B:00D0H.6       PUBLIC        AC
  B:00B0H.5       PUBLIC        T1
  B:00B0H.7       PUBLIC        nRD
  B:0090H.0       PUBLIC        T2
  B:00A8H.7       PUBLIC        EA
  B:00A8H.6       PUBLIC        EC
  B:00D8H.7       PUBLIC        CF
  B:00B0H.2       PUBLIC        nINT0
  B:0098H.7       PUBLIC        FE
  B:00B0H.3       PUBLIC        nINT1
  D:00A8H         PUBLIC        IEN0
BL51 BANKED LINKER/LOCATER V4.02                                                      11/11/2019  16:09:15  PAGE 31


  B:00B0H.0       PUBLIC        RxD
  B:00B0H.1       PUBLIC        TxD
  B:0090H.3       PUBLIC        CEX0
  B:0090H.4       PUBLIC        CEX1
  B:00C8H.0       PUBLIC        CP
  B:00D8H.6       PUBLIC        CR
  B:00C8H.6       PUBLIC        EXF2
  D:00B8H         PUBLIC        IPL0
  B:00B0H.6       PUBLIC        nWR
  B:00A8H.4       PUBLIC        ES
  B:0098H.0       PUBLIC        RI
  B:00D0H.7       PUBLIC        CY
  B:0098H.1       PUBLIC        TI
  B:00B8H.1       PUBLIC        PT0L
  B:00B8H.3       PUBLIC        PT1L
  B:00B8H.5       PUBLIC        PT2L
  B:0090H.1       PUBLIC        T2EX
  D:00D8H         PUBLIC        CCON
  B:00B8H.0       PUBLIC        PX0L
  B:00D0H.2       PUBLIC        OV
  B:0090H.1       PUBLIC        SS
  B:00B8H.2       PUBLIC        PX1L
  C:0FD6H         PUBLIC        long_serial_input
  B:00C8H.5       PUBLIC        RCLK
  B:00C8H.4       PUBLIC        TCLK
  B:00B8H.6       PUBLIC        PPCL
  D:0098H         PUBLIC        SCON
  B:0080H.0       PUBLIC        AD0
  D:0088H         PUBLIC        TCON
  B:0080H.1       PUBLIC        AD1
  B:0080H.2       PUBLIC        AD2
  B:00C8H.1       PUBLIC        CnT2
  B:0080H.3       PUBLIC        AD3
  B:0090H.5       PUBLIC        MISO
  B:0090H.7       PUBLIC        MOSI
  B:0080H.4       PUBLIC        AD4
  B:0080H.5       PUBLIC        AD5
  B:0080H.6       PUBLIC        AD6
  B:0080H.7       PUBLIC        AD7
  B:00A0H.0       PUBLIC        AD8
  B:00A0H.1       PUBLIC        AD9
  B:0088H.1       PUBLIC        IE0
  B:0088H.3       PUBLIC        IE1
  B:00A8H.1       PUBLIC        ET0
  B:00A8H.3       PUBLIC        ET1
  B:0088H.5       PUBLIC        TF0
  B:00A8H.5       PUBLIC        ET2
  B:0088H.7       PUBLIC        TF1
  B:00C8H.7       PUBLIC        TF2
  B:0098H.2       PUBLIC        RB8
  B:00A8H.0       PUBLIC        EX0
  B:0088H.0       PUBLIC        IT0
  B:0098H.3       PUBLIC        TB8
  B:00A8H.2       PUBLIC        EX1
  B:0088H.2       PUBLIC        IT1
  B:00D0H.0       PUBLIC        P
  B:0098H.7       PUBLIC        SM0
BL51 BANKED LINKER/LOCATER V4.02                                                      11/11/2019  16:09:15  PAGE 32


  B:0090H.2       PUBLIC        ECI
  B:0098H.6       PUBLIC        SM1
  B:0098H.5       PUBLIC        SM2
  B:00D0H.3       PUBLIC        RS0
  B:0088H.4       PUBLIC        TR0
  B:00D0H.4       PUBLIC        RS1
  B:0088H.6       PUBLIC        TR1
  B:00C8H.2       PUBLIC        TR2
  B:0090H.6       PUBLIC        SCK
  B:00C8H.3       PUBLIC        EXEN2
  B:0098H.4       PUBLIC        REN
  B:00A0H.2       PUBLIC        AD10
  B:00A0H.3       PUBLIC        AD11
  D:00C8H         PUBLIC        T2CON
  B:00A0H.4       PUBLIC        AD12
  B:00A0H.5       PUBLIC        AD13
  B:00A0H.6       PUBLIC        AD14
  B:00A0H.7       PUBLIC        AD15
  B:00B8H.4       PUBLIC        PLS
  B:00D0H.5       PUBLIC        F0
  B:00D0H.1       PUBLIC        F1
  D:00D0H         PUBLIC        PSW
  B:00D8H.0       PUBLIC        CCF0
  B:00D8H.1       PUBLIC        CCF1
  -------         PROC          LONG_SERIAL_INPUT
  -------         DO            LONG_SERIAL_INPUT
  D:002AH         SYMBOL        index
  D:002BH         SYMBOL        input
  D:002CH         SYMBOL        input_values
  D:0037H         SYMBOL        output_value
  -------         ENDDO         output_value
  C:0FD6H         LINE#         16
  C:0FD6H         LINE#         17
  C:0FD6H         LINE#         20
  C:0FD9H         LINE#         21
  C:0FD9H         LINE#         22
  C:0FE0H         LINE#         23
  C:0FE7H         LINE#         24
  C:0FF1H         LINE#         25
  C:0FF4H         LINE#         27
  C:0FF4H         LINE#         28
  C:0FF9H         LINE#         29
  C:1007H         LINE#         30
  C:1007H         LINE#         31
  C:100EH         LINE#         32
  C:1010H         LINE#         33
  C:1015H         LINE#         34
  C:1017H         LINE#         35
  C:1022H         LINE#         36
  C:1022H         LINE#         37
  C:1024H         LINE#         38
  C:102BH         LINE#         39
  C:1030H         LINE#         40
  C:1035H         LINE#         41
  C:103AH         LINE#         42
  C:103CH         LINE#         43
  C:1047H         LINE#         44
BL51 BANKED LINKER/LOCATER V4.02                                                      11/11/2019  16:09:15  PAGE 33


  C:1047H         LINE#         45
  C:1058H         LINE#         46
  C:105DH         LINE#         47
  C:1062H         LINE#         48
  C:1064H         LINE#         50
  C:1064H         LINE#         51
  C:1067H         LINE#         52
  C:1067H         LINE#         53
  C:106CH         LINE#         54
  C:106CH         LINE#         55
  C:107DH         LINE#         56
  C:1082H         LINE#         57
  C:1087H         LINE#         58
  C:1087H         LINE#         59
  C:109EH         LINE#         61
  C:10A6H         LINE#         62
  -------         ENDPROC       LONG_SERIAL_INPUT
  -------         ENDMOD        LONG_SERIAL_IN

  -------         MODULE        LCD_HARDWARE_FUNCTIONS
  C:0000H         SYMBOL        _ICE_DUMMY_
  B:00D8H.2       PUBLIC        CCF2
  B:00D8H.3       PUBLIC        CCF3
  D:0080H         PUBLIC        P0
  B:00D8H.4       PUBLIC        CCF4
  D:0090H         PUBLIC        P1
  D:00A0H         PUBLIC        P2
  D:00B0H         PUBLIC        P3
  B:00B0H.4       PUBLIC        T0
  B:00D0H.6       PUBLIC        AC
  B:00B0H.5       PUBLIC        T1
  B:00B0H.7       PUBLIC        nRD
  B:0090H.0       PUBLIC        T2
  B:00A8H.7       PUBLIC        EA
  B:00A8H.6       PUBLIC        EC
  B:00D8H.7       PUBLIC        CF
  B:00B0H.2       PUBLIC        nINT0
  B:0098H.7       PUBLIC        FE
  B:00B0H.3       PUBLIC        nINT1
  D:00A8H         PUBLIC        IEN0
  B:00B0H.0       PUBLIC        RxD
  B:0090H.0       PUBLIC        P1_0
  B:00B0H.1       PUBLIC        TxD
  B:0090H.3       PUBLIC        CEX0
  B:0090H.1       PUBLIC        P1_1
  B:0090H.4       PUBLIC        CEX1
  B:0090H.2       PUBLIC        P1_2
  B:00C8H.0       PUBLIC        CP
  B:0090H.3       PUBLIC        P1_3
  B:00B0H.2       PUBLIC        P3_2
  B:00D8H.6       PUBLIC        CR
  B:00B0H.3       PUBLIC        P3_3
  B:00C8H.6       PUBLIC        EXF2
  D:00B8H         PUBLIC        IPL0
  B:00B0H.4       PUBLIC        P3_4
  B:00B0H.5       PUBLIC        P3_5
  B:00B0H.6       PUBLIC        nWR
BL51 BANKED LINKER/LOCATER V4.02                                                      11/11/2019  16:09:15  PAGE 34


  B:00A8H.4       PUBLIC        ES
  B:0098H.0       PUBLIC        RI
  B:00D0H.7       PUBLIC        CY
  B:0098H.1       PUBLIC        TI
  B:00B8H.1       PUBLIC        PT0L
  C:15A2H         PUBLIC        _LCD_Write
  B:00B8H.3       PUBLIC        PT1L
  B:00B8H.5       PUBLIC        PT2L
  B:0090H.1       PUBLIC        T2EX
  D:00D8H         PUBLIC        CCON
  B:00B0H.6       PUBLIC        RS
  B:00B8H.0       PUBLIC        PX0L
  B:00D0H.2       PUBLIC        OV
  B:0090H.1       PUBLIC        SS
  B:00B8H.2       PUBLIC        PX1L
  B:00C8H.5       PUBLIC        RCLK
  B:00C8H.4       PUBLIC        TCLK
  B:00B8H.6       PUBLIC        PPCL
  B:00A0H.4       PUBLIC        REDLED
  D:0098H         PUBLIC        SCON
  B:00A0H.6       PUBLIC        YELLOWLED
  B:0090H.4       PUBLIC        nCS0
  B:0080H.0       PUBLIC        AD0
  D:0088H         PUBLIC        TCON
  B:0080H.1       PUBLIC        AD1
  B:0080H.2       PUBLIC        AD2
  B:00B0H.1       PUBLIC        per_RxD
  B:00C8H.1       PUBLIC        CnT2
  B:0080H.3       PUBLIC        AD3
  B:0090H.5       PUBLIC        MISO
  B:0090H.7       PUBLIC        MOSI
  B:0080H.4       PUBLIC        AD4
  B:00B0H.0       PUBLIC        per_TxD
  B:0080H.5       PUBLIC        AD5
  B:0080H.6       PUBLIC        AD6
  B:0080H.7       PUBLIC        AD7
  B:00A0H.0       PUBLIC        AD8
  B:00A0H.1       PUBLIC        AD9
  B:0088H.1       PUBLIC        IE0
  B:00A0H.7       PUBLIC        AMBERLED
  B:0088H.3       PUBLIC        IE1
  B:00B0H.7       PUBLIC        E
  B:00A0H.5       PUBLIC        GREENLED
  B:00A8H.1       PUBLIC        ET0
  B:00A8H.3       PUBLIC        ET1
  B:0088H.5       PUBLIC        TF0
  B:00A8H.5       PUBLIC        ET2
  B:0088H.7       PUBLIC        TF1
  B:00C8H.7       PUBLIC        TF2
  B:0098H.2       PUBLIC        RB8
  B:00A8H.0       PUBLIC        EX0
  B:0088H.0       PUBLIC        IT0
  B:0098H.3       PUBLIC        TB8
  B:00A8H.2       PUBLIC        EX1
  B:0088H.2       PUBLIC        IT1
  B:00D0H.0       PUBLIC        P
  B:0098H.7       PUBLIC        SM0
BL51 BANKED LINKER/LOCATER V4.02                                                      11/11/2019  16:09:15  PAGE 35


  B:0090H.2       PUBLIC        ECI
  B:0098H.6       PUBLIC        SM1
  B:0098H.5       PUBLIC        SM2
  B:00D0H.3       PUBLIC        RS0
  B:0088H.4       PUBLIC        TR0
  B:00D0H.4       PUBLIC        RS1
  B:0090H.6       PUBLIC        per_SCLK
  B:0088H.6       PUBLIC        TR1
  B:00C8H.2       PUBLIC        TR2
  B:00A0H.0       PUBLIC        SW1
  B:00A0H.1       PUBLIC        SW2
  B:00A0H.2       PUBLIC        SW3
  B:00A0H.3       PUBLIC        SW4
  B:0090H.6       PUBLIC        SCK
  B:0090H.7       PUBLIC        per_MOSI
  B:0090H.5       PUBLIC        per_MISO
  B:00C8H.3       PUBLIC        EXEN2
  B:0098H.4       PUBLIC        REN
  B:00A0H.2       PUBLIC        AD10
  B:00A0H.3       PUBLIC        AD11
  D:00C8H         PUBLIC        T2CON
  B:00A0H.4       PUBLIC        AD12
[...]
  B:00B0H.5       PUBLIC        T1
  B:00B0H.7       PUBLIC        nRD
  B:0090H.0       PUBLIC        T2
  B:00A8H.7       PUBLIC        EA
  C:16ADH         PUBLIC        _LEDS_ON
  B:00A8H.6       PUBLIC        EC
  B:00D8H.7       PUBLIC        CF
  B:00B0H.2       PUBLIC        nINT0
  B:0098H.7       PUBLIC        FE
  B:00B0H.3       PUBLIC        nINT1
  D:00A8H         PUBLIC        IEN0
  B:00B0H.0       PUBLIC        RxD
  B:0090H.0       PUBLIC        P1_0
  B:00B0H.1       PUBLIC        TxD
  B:0090H.3       PUBLIC        CEX0
  B:0090H.1       PUBLIC        P1_1
  B:0090H.4       PUBLIC        CEX1
  B:0090H.2       PUBLIC        P1_2
  B:00C8H.0       PUBLIC        CP
  B:0090H.3       PUBLIC        P1_3
  B:00B0H.2       PUBLIC        P3_2
  B:00D8H.6       PUBLIC        CR
  B:00B0H.3       PUBLIC        P3_3
  B:00C8H.6       PUBLIC        EXF2
  D:00B8H         PUBLIC        IPL0
  B:00B0H.4       PUBLIC        P3_4
  B:00B0H.5       PUBLIC        P3_5
  B:00B0H.6       PUBLIC        nWR
  B:00A8H.4       PUBLIC        ES
BL51 BANKED LINKER/LOCATER V4.02                                                      11/11/2019  16:09:15  PAGE 42


  B:0098H.0       PUBLIC        RI
  B:00D0H.7       PUBLIC        CY
  B:0098H.1       PUBLIC        TI
  B:00B8H.1       PUBLIC        PT0L
  B:00B8H.3       PUBLIC        PT1L
  B:00B8H.5       PUBLIC        PT2L
  B:0090H.1       PUBLIC        T2EX
  D:00D8H         PUBLIC        CCON
  B:00B0H.6       PUBLIC        RS
  B:00B8H.0       PUBLIC        PX0L
  B:00D0H.2       PUBLIC        OV
  B:0090H.1       PUBLIC        SS
  B:00B8H.2       PUBLIC        PX1L
  B:00C8H.5       PUBLIC        RCLK
  B:00C8H.4       PUBLIC        TCLK
  B:00B8H.6       PUBLIC        PPCL
  B:00A0H.4       PUBLIC        REDLED
  D:0098H         PUBLIC        SCON
  B:00A0H.6       PUBLIC        YELLOWLED
  B:0090H.4       PUBLIC        nCS0
  B:0080H.0       PUBLIC        AD0
  D:0088H         PUBLIC        TCON
  B:0080H.1       PUBLIC        AD1
  B:0080H.2       PUBLIC        AD2
  B:00B0H.1       PUBLIC        per_RxD
  B:00C8H.1       PUBLIC        CnT2
  B:0080H.3       PUBLIC        AD3
  B:0090H.5       PUBLIC        MISO
  B:0090H.7       PUBLIC        MOSI
  B:0080H.4       PUBLIC        AD4
  B:00B0H.0       PUBLIC        per_TxD
  B:0080H.5       PUBLIC        AD5
  B:0080H.6       PUBLIC        AD6
  B:0080H.7       PUBLIC        AD7
  B:00A0H.0       PUBLIC        AD8
  B:00A0H.1       PUBLIC        AD9
  B:0088H.1       PUBLIC        IE0
  B:00A0H.7       PUBLIC        AMBERLED
  B:0088H.3       PUBLIC        IE1
  B:00B0H.7       PUBLIC        E
  C:16BEH         PUBLIC        _LEDS_OFF
  B:00A0H.5       PUBLIC        GREENLED
  B:00A8H.1       PUBLIC        ET0
  B:00A8H.3       PUBLIC        ET1
  B:0088H.5       PUBLIC        TF0
  B:00A8H.5       PUBLIC        ET2
  B:0088H.7       PUBLIC        TF1
  B:00C8H.7       PUBLIC        TF2
  B:0098H.2       PUBLIC        RB8
  B:00A8H.0       PUBLIC        EX0
  B:0088H.0       PUBLIC        IT0
  B:0098H.3       PUBLIC        TB8
  B:00A8H.2       PUBLIC        EX1
  B:0088H.2       PUBLIC        IT1
  B:00D0H.0       PUBLIC        P
  B:0098H.7       PUBLIC        SM0
  B:0090H.2       PUBLIC        ECI
BL51 BANKED LINKER/LOCATER V4.02                                                      11/11/2019  16:09:15  PAGE 43


  B:0098H.6       PUBLIC        SM1
  B:0098H.5       PUBLIC        SM2
  B:00D0H.3       PUBLIC        RS0
  B:0088H.4       PUBLIC        TR0
  B:00D0H.4       PUBLIC        RS1
  B:0090H.6       PUBLIC        per_SCLK
  B:0088H.6       PUBLIC        TR1
  B:00C8H.2       PUBLIC        TR2
  B:00A0H.0       PUBLIC        SW1
  B:00A0H.1       PUBLIC        SW2
  B:00A0H.2       PUBLIC        SW3
  B:00A0H.3       PUBLIC        SW4
  B:0090H.6       PUBLIC        SCK
  B:0090H.7       PUBLIC        per_MOSI
  B:0090H.5       PUBLIC        per_MISO
  B:00C8H.3       PUBLIC        EXEN2
  B:0098H.4       PUBLIC        REN
  B:00A0H.2       PUBLIC        AD10
  B:00A0H.3       PUBLIC        AD11
  D:00C8H         PUBLIC        T2CON
  B:00A0H.4       PUBLIC        AD12
  B:00A0H.5       PUBLIC        AD13
  B:00A0H.6       PUBLIC        AD14
  B:00A0H.7       PUBLIC        AD15
  B:00B8H.4       PUBLIC        PLS
  B:00D0H.5       PUBLIC        F0
  B:00D0H.1       PUBLIC        F1
  D:00D0H         PUBLIC        PSW
  B:00D8H.0       PUBLIC        CCF0
  B:00D8H.1       PUBLIC        CCF1
  -------         PROC          _LEDS_ON
  D:0007H         SYMBOL        LED_mask
  C:16ADH         LINE#         13
  C:16ADH         LINE#         14
  C:16ADH         LINE#         15
  C:16B1H         LINE#         16
  -------         ENDPROC       _LEDS_ON
  -------         PROC          _LEDS_OFF
  D:0007H         SYMBOL        LED_mask
  C:16BEH         LINE#         26
  C:16BEH         LINE#         27
  C:16BEH         LINE#         28
  C:16C1H         LINE#         29
  -------         ENDPROC       _LEDS_OFF
  -------         ENDMOD        LED_CONTROL

  -------         MODULE        READ_SECTOR
  C:0000H         SYMBOL        _ICE_DUMMY_
  B:00D8H.2       PUBLIC        CCF2
  B:00D8H.3       PUBLIC        CCF3
  D:0080H         PUBLIC        P0
  B:00D8H.4       PUBLIC        CCF4
  D:0090H         PUBLIC        P1
  D:00A0H         PUBLIC        P2
  D:00B0H         PUBLIC        P3
  B:00B0H.4       PUBLIC        T0
  B:00D0H.6       PUBLIC        AC
BL51 BANKED LINKER/LOCATER V4.02                                                      11/11/2019  16:09:15  PAGE 44


  B:00B0H.5       PUBLIC        T1
  B:00B0H.7       PUBLIC        nRD
  B:0090H.0       PUBLIC        T2
  B:00A8H.7       PUBLIC        EA
  B:00A8H.6       PUBLIC        EC
  B:00D8H.7       PUBLIC        CF
  B:00B0H.2       PUBLIC        nINT0
  B:0098H.7       PUBLIC        FE
  B:00B0H.3       PUBLIC        nINT1
  D:00A8H         PUBLIC        IEN0
  B:00B0H.0       PUBLIC        RxD
  B:00B0H.1       PUBLIC        TxD
  B:0090H.3       PUBLIC        CEX0
  B:0090H.4       PUBLIC        CEX1
  B:00C8H.0       PUBLIC        CP
  B:00D8H.6       PUBLIC        CR
  B:00C8H.6       PUBLIC        EXF2
  D:00B8H         PUBLIC        IPL0
  B:00B0H.6       PUBLIC        nWR
  B:00A8H.4       PUBLIC        ES
  B:0098H.0       PUBLIC        RI
  B:00D0H.7       PUBLIC        CY
  B:0098H.1       PUBLIC        TI
  B:00B8H.1       PUBLIC        PT0L
  B:00B8H.3       PUBLIC        PT1L
  B:00B8H.5       PUBLIC        PT2L
  B:0090H.1       PUBLIC        T2EX
  D:00D8H         PUBLIC        CCON
  B:00B8H.0       PUBLIC        PX0L
  B:00D0H.2       PUBLIC        OV
  B:0090H.1       PUBLIC        SS
  B:00B8H.2       PUBLIC        PX1L
  B:00C8H.5       PUBLIC        RCLK
  B:00C8H.4       PUBLIC        TCLK
  B:00B8H.6       PUBLIC        PPCL
  C:13B1H         PUBLIC        _Read_Sector
  D:0098H         PUBLIC        SCON
  B:0080H.0       PUBLIC        AD0
  D:0088H         PUBLIC        TCON
  B:0080H.1       PUBLIC        AD1
  B:0080H.2       PUBLIC        AD2
  B:00C8H.1       PUBLIC        CnT2
  B:0080H.3       PUBLIC        AD3
  B:0090H.5       PUBLIC        MISO
  B:0090H.7       PUBLIC        MOSI
  B:0080H.4       PUBLIC        AD4
  B:0080H.5       PUBLIC        AD5
  B:0080H.6       PUBLIC        AD6
  B:0080H.7       PUBLIC        AD7
  B:00A0H.0       PUBLIC        AD8
  B:00A0H.1       PUBLIC        AD9
  B:0088H.1       PUBLIC        IE0
  B:0088H.3       PUBLIC        IE1
  B:00A8H.1       PUBLIC        ET0
  B:00A8H.3       PUBLIC        ET1
  B:0088H.5       PUBLIC        TF0
  B:00A8H.5       PUBLIC        ET2
BL51 BANKED LINKER/LOCATER V4.02                                                      11/11/2019  16:09:15  PAGE 45


  B:0088H.7       PUBLIC        TF1
  B:00C8H.7       PUBLIC        TF2
  B:0098H.2       PUBLIC        RB8
  B:00A8H.0       PUBLIC        EX0
  B:0088H.0       PUBLIC        IT0
  B:0098H.3       PUBLIC        TB8
  B:00A8H.2       PUBLIC        EX1
  B:0088H.2       PUBLIC        IT1
  B:00D0H.0       PUBLIC        P
  B:0098H.7       PUBLIC        SM0
  B:0090H.2       PUBLIC        ECI
  B:0098H.6       PUBLIC        SM1
  B:0098H.5       PUBLIC        SM2
  B:00D0H.3       PUBLIC        RS0
  B:0088H.4       PUBLIC        TR0
  B:00D0H.4       PUBLIC        RS1
  B:0088H.6       PUBLIC        TR1
  B:00C8H.2       PUBLIC        TR2
  B:0090H.6       PUBLIC        SCK
  B:00C8H.3       PUBLIC        EXEN2
  B:0098H.4       PUBLIC        REN
  B:00A0H.2       PUBLIC        AD10
  B:00A0H.3       PUBLIC        AD11
  D:00C8H         PUBLIC        T2CON
  B:00A0H.4       PUBLIC        AD12
  B:00A0H.5       PUBLIC        AD13
  B:00A0H.6       PUBLIC        AD14
  B:00A0H.7       PUBLIC        AD15
  B:00B8H.4       PUBLIC        PLS
  B:00D0H.5       PUBLIC        F0
  B:00D0H.1       PUBLIC        F1
  D:00D0H         PUBLIC        PSW
  B:00D8H.0       PUBLIC        CCF0
  B:00D8H.1       PUBLIC        CCF1
  -------         PROC          _READ_SECTOR
  D:002AH         SYMBOL        sector_number
  D:002EH         SYMBOL        sector_size
  D:0030H         SYMBOL        array_for_data
  -------         DO            array_for_data
  D:0033H         SYMBOL        SDtype
  D:0034H         SYMBOL        error_flag
  -------         ENDDO         error_flag
  C:13B1H         LINE#         9
  C:13B9H         LINE#         10
  C:13B9H         LINE#         11
  C:13BCH         LINE#         12
  C:13C5H         LINE#         13
  C:13CAH         LINE#         15
  C:13CFH         LINE#         16
  C:13EDH         LINE#         17
  C:13F1H         LINE#         18
  C:13F1H         LINE#         19
  C:1400H         LINE#         20
  C:1400H         LINE#         21
  C:1405H         LINE#         22
  C:1409H         LINE#         23
  C:1409H         LINE#         24
BL51 BANKED LINKER/LOCATER V4.02                                                      11/11/2019  16:09:15  PAGE 46


  C:140CH         LINE#         25
  C:140CH         LINE#         26
  C:140EH         LINE#         27
  -------         ENDPROC       _READ_SECTOR
  -------         ENDMOD        READ_SECTOR

  -------         MODULE        DIRECTORY_FUNCTIONS_STRUCT
  C:0000H         SYMBOL        _ICE_DUMMY_
  B:00D8H.2       PUBLIC        CCF2
  B:00D8H.3       PUBLIC        CCF3
  D:0080H         PUBLIC        P0
  B:00D8H.4       PUBLIC        CCF4
  D:0090H         PUBLIC        P1
  D:00A0H         PUBLIC        P2
  D:00B0H         PUBLIC        P3
  B:00B0H.4       PUBLIC        T0
  B:00D0H.6       PUBLIC        AC
  B:00B0H.5       PUBLIC        T1
  B:00B0H.7       PUBLIC        nRD
  B:0090H.0       PUBLIC        T2
  B:00A8H.7       PUBLIC        EA
  B:00A8H.6       PUBLIC        EC
  B:00D8H.7       PUBLIC        CF
  B:00B0H.2       PUBLIC        nINT0
  B:0098H.7       PUBLIC        FE
  B:00B0H.3       PUBLIC        nINT1
  D:00A8H         PUBLIC        IEN0
  B:00B0H.0       PUBLIC        RxD
  B:0090H.0       PUBLIC        P1_0
  B:00B0H.1       PUBLIC        TxD
  B:0090H.3       PUBLIC        CEX0
  B:0090H.1       PUBLIC        P1_1
  B:0090H.4       PUBLIC        CEX1
  B:0090H.2       PUBLIC        P1_2
  B:00C8H.0       PUBLIC        CP
  B:0090H.3       PUBLIC        P1_3
  B:00B0H.2       PUBLIC        P3_2
  B:00D8H.6       PUBLIC        CR
  B:00B0H.3       PUBLIC        P3_3
  B:00C8H.6       PUBLIC        EXF2
  D:00B8H         PUBLIC        IPL0
  B:00B0H.4       PUBLIC        P3_4
  B:00B0H.5       PUBLIC        P3_5
  B:00B0H.6       PUBLIC        nWR
  B:00A8H.4       PUBLIC        ES
  B:0098H.0       PUBLIC        RI
  B:00D0H.7       PUBLIC        CY
  B:0098H.1       PUBLIC        TI
  B:00B8H.1       PUBLIC        PT0L
  B:00B8H.3       PUBLIC        PT1L
  B:00B8H.5       PUBLIC        PT2L
  B:0090H.1       PUBLIC        T2EX
  D:00D8H         PUBLIC        CCON
  B:00B0H.6       PUBLIC        RS
  B:00B8H.0       PUBLIC        PX0L
  B:00D0H.2       PUBLIC        OV
  B:0090H.1       PUBLIC        SS
BL51 BANKED LINKER/LOCATER V4.02                                                      11/11/2019  16:09:15  PAGE 47


  B:00B8H.2       PUBLIC        PX1L
  B:00C8H.5       PUBLIC        RCLK
  B:00C8H.4       PUBLIC        TCLK
  B:00B8H.6       PUBLIC        PPCL
  B:00A0H.4       PUBLIC        REDLED
  D:0098H         PUBLIC        SCON
  B:00A0H.6       PUBLIC        YELLOWLED
  B:0090H.4       PUBLIC        nCS0
  B:0080H.0       PUBLIC        AD0
  D:0088H         PUBLIC        TCON
  B:0080H.1       PUBLIC        AD1
  B:0080H.2       PUBLIC        AD2
  B:00B0H.1       PUBLIC        per_RxD
  B:00C8H.1       PUBLIC        CnT2
  B:0080H.3       PUBLIC        AD3
  B:0090H.5       PUBLIC        MISO
  B:0090H.7       PUBLIC        MOSI
  B:0080H.4       PUBLIC        AD4
  B:00B0H.0       PUBLIC        per_TxD
  B:0080H.5       PUBLIC        AD5
  B:0080H.6       PUBLIC        AD6
  B:0080H.7       PUBLIC        AD7
  B:00A0H.0       PUBLIC        AD8
  B:00A0H.1       PUBLIC        AD9
  B:0088H.1       PUBLIC        IE0
  B:00A0H.7       PUBLIC        AMBERLED
  B:0088H.3       PUBLIC        IE1
  B:00B0H.7       PUBLIC        E
  B:00A0H.5       PUBLIC        GREENLED
  B:00A8H.1       PUBLIC        ET0
  B:00A8H.3       PUBLIC        ET1
  B:0088H.5       PUBLIC        TF0
  B:00A8H.5       PUBLIC        ET2
  B:0088H.7       PUBLIC        TF1
  B:00C8H.7       PUBLIC        TF2
  B:0098H.2       PUBLIC        RB8
  B:00A8H.0       PUBLIC        EX0
  B:0088H.0       PUBLIC        IT0
  B:0098H.3       PUBLIC        TB8
  B:00A8H.2       PUBLIC        EX1
  B:0088H.2       PUBLIC        IT1
  B:00D0H.0       PUBLIC        P
  B:0098H.7       PUBLIC        SM0
  B:0090H.2       PUBLIC        ECI
  B:0098H.6       PUBLIC        SM1
  B:0098H.5       PUBLIC        SM2
  C:1463H         PUBLIC        _Mount_Drive
  B:00D0H.3       PUBLIC        RS0
  B:0088H.4       PUBLIC        TR0
  B:00D0H.4       PUBLIC        RS1
  B:0090H.6       PUBLIC        per_SCLK
  B:0088H.6       PUBLIC        TR1
  C:1697H         PUBLIC        Export_Drive_values
  B:00C8H.2       PUBLIC        TR2
  B:00A0H.0       PUBLIC        SW1
  B:00A0H.1       PUBLIC        SW2
  B:00A0H.2       PUBLIC        SW3
BL51 BANKED LINKER/LOCATER V4.02                                                      11/11/2019  16:09:15  PAGE 48


  B:00A0H.3       PUBLIC        SW4
  B:0090H.6       PUBLIC        SCK
  B:0090H.7       PUBLIC        per_MOSI
  B:0090H.5       PUBLIC        per_MISO
  B:00C8H.3       PUBLIC        EXEN2
  B:0098H.4       PUBLIC        REN
  B:00A0H.2       PUBLIC        AD10
  B:00A0H.3       PUBLIC        AD11
  D:00C8H         PUBLIC        T2CON
  B:00A0H.4       PUBLIC        AD12
  B:00A0H.5       PUBLIC        AD13
  B:00A0H.6       PUBLIC        AD14
  B:00A0H.7       PUBLIC        AD15
  B:00B8H.4       PUBLIC        PLS
  I:0053H         PUBLIC        Drive_values
  B:00D0H.5       PUBLIC        F0
  B:00D0H.1       PUBLIC        F1
  D:00D0H         PUBLIC        PSW
  B:00D8H.0       PUBLIC        CCF0
  B:00D8H.1       PUBLIC        CCF1
  -------         PROC          EXPORT_DRIVE_VALUES
  C:1697H         LINE#         23
  C:1697H         LINE#         24
  C:1697H         LINE#         25
  C:169DH         LINE#         26
  -------         ENDPROC       EXPORT_DRIVE_VALUES
  -------         PROC          _MOUNT_DRIVE
  D:0008H         SYMBOL        array_name
  -------         DO            array_name
  D:0007H         SYMBOL        i
  X:0200H         SYMBOL        temp_array
  D:000AH         SYMBOL        error_flag
  -------         ENDDO         error_flag
  C:1463H         LINE#         221
  C:1467H         LINE#         222
  C:1467H         LINE#         226
  C:1483H         LINE#         227
  C:1487H         LINE#         228
  C:1487H         LINE#         229
  C:1490H         LINE#         230
  C:1492H         LINE#         232
  C:1492H         LINE#         233
  C:149CH         LINE#         234
  C:149CH         LINE#         236
  C:149FH         LINE#         237
  C:14A8H         LINE#         238
  C:14A8H         LINE#         239
  C:14AAH         LINE#         240
  -------         ENDPROC       _MOUNT_DRIVE
  -------         ENDMOD        DIRECTORY_FUNCTIONS_STRUCT

  -------         MODULE        ?C?CLDOPTR
  C:0751H         PUBLIC        ?C?CLDOPTR
  -------         ENDMOD        ?C?CLDOPTR

  -------         MODULE        ?C?CSTPTR
  C:077EH         PUBLIC        ?C?CSTPTR
BL51 BANKED LINKER/LOCATER V4.02                                                      11/11/2019  16:09:15  PAGE 49


  -------         ENDMOD        ?C?CSTPTR

  -------         MODULE        ?C?CSTOPTR
  C:0790H         PUBLIC        ?C?CSTOPTR
  -------         ENDMOD        ?C?CSTOPTR

  -------         MODULE        ?C?LMUL
  C:07B2H         PUBLIC        ?C?LMUL
  -------         ENDMOD        ?C?LMUL

  -------         MODULE        ?C?ULDIV
  C:083DH         PUBLIC        ?C?ULDIV
  -------         ENDMOD        ?C?ULDIV

  -------         MODULE        ?C?SLCMP
  C:08CFH         PUBLIC        ?C?SLCMP
  -------         ENDMOD        ?C?SLCMP

  -------         MODULE        ?C?ULCMP
  C:08E5H         PUBLIC        ?C?ULCMP
  -------         ENDMOD        ?C?ULCMP

  -------         MODULE        ?C?ULSHR
  C:08F6H         PUBLIC        ?C?ULSHR
  -------         ENDMOD        ?C?ULSHR

  -------         MODULE        ?C?LSHL
  C:0909H         PUBLIC        ?C?LSHL
  -------         ENDMOD        ?C?LSHL

  -------         MODULE        PUTCHAR
  C:15CCH         PUBLIC        _PUTCHAR
  -------         ENDMOD        PUTCHAR

  -------         MODULE        PRINTF
  D:003FH         PUBLIC        ?_PRINTF517?BYTE
  D:003FH         PUBLIC        ?_PRINTF?BYTE
  D:003FH         PUBLIC        ?_SPRINTF517?BYTE
  D:003FH         PUBLIC        ?_SPRINTF?BYTE
  C:0457H         PUBLIC        _PRINTF
  C:0457H         PUBLIC        _PRINTF517
  C:0451H         PUBLIC        _SPRINTF
  C:0451H         PUBLIC        _SPRINTF517
  -------         ENDMOD        PRINTF

  -------         MODULE        ATOL
  C:0EF8H         PUBLIC        _ATOL
  -------         ENDMOD        ATOL

  -------         MODULE        ?C?CLDPTR
  C:091CH         PUBLIC        ?C?CLDPTR
  -------         ENDMOD        ?C?CLDPTR

  -------         MODULE        ?C?LNEG
  C:0935H         PUBLIC        ?C?LNEG
  -------         ENDMOD        ?C?LNEG

BL51 BANKED LINKER/LOCATER V4.02                                                      11/11/2019  16:09:15  PAGE 50


  -------         MODULE        ?C?PLDIIDATA
  C:0943H         PUBLIC        ?C?PLDIIDATA
  -------         ENDMOD        ?C?PLDIIDATA

  -------         MODULE        ?C?CCASE
  C:0953H         PUBLIC        ?C?CCASE
  -------         ENDMOD        ?C?CCASE

  -------         MODULE        ISDIGIT
  C:1674H         PUBLIC        _ISDIGIT
  -------         ENDMOD        ISDIGIT

  -------         MODULE        ISSPACE
  C:1661H         PUBLIC        _ISSPACE
  -------         ENDMOD        ISSPACE

*** WARNING L16: UNCALLED SEGMENT, IGNORED FOR OVERLAY PROCESS
    SEGMENT: ?PR?EXPORT_DRIVE_VALUES?DIRECTORY_FUNCTIONS_STRUCT

*** WARNING L16: UNCALLED SEGMENT, IGNORED FOR OVERLAY PROCESS
    SEGMENT: ?PR?_MOUNT_DRIVE?DIRECTORY_FUNCTIONS_STRUCT

LINK/LOCATE RUN COMPLETE.  2 WARNING(S),  0 ERROR(S)
